2026-06-07 14:10:43,021 - INFO - 
⚖️ 平衡调整 #1: 微调 差距=20.0% 平局率=22.9% 温和防守
2026-06-07 14:10:43,022 - INFO -   AI2(强): ε 0.324→0.324, lr 0.100→0.101, 攻击权 0.40→0.38, 防守权 0.50→0.53, 进攻启发 0.0010→0.0009, 防守启发 0.0005→0.0005
2026-06-07 14:10:43,022 - INFO -   AI1(弱): ε 0.348→0.348, lr 0.100→0.102, 攻击权 0.40→0.38, 防守权 0.50→0.53, 进攻启发 0.0010→0.0009, 防守启发 0.0005→0.0005
2026-06-07 14:10:46,438 - INFO - 
⚖️ 平衡调整 #2: 差距>20% 差距=25.0% 平局率=27.0% 保持
2026-06-07 14:10:46,438 - INFO -   AI2(强): ε 0.259→0.233, lr 0.101→0.106, 攻击权 0.38→0.38, 防守权 0.53→0.53, 进攻启发 0.0009→0.0009, 防守启发 0.0005→0.0005
2026-06-07 14:10:46,440 - INFO -   AI1(弱): ε 0.307→0.245, lr 0.102→0.112, 攻击权 0.38→0.38, 防守权 0.53→0.53, 进攻启发 0.0009→0.0009, 防守启发 0.0005→0.0005
2026-06-07 14:10:50,232 - INFO - 
⚖️ 平衡调整 #3: 微调 差距=17.0% 平局率=45.0% 温和进攻
2026-06-07 14:10:50,232 - INFO -   AI2(强): ε 0.192→0.192, lr 0.106→0.107, 攻击权 0.38→0.40, 防守权 0.53→0.50, 进攻启发 0.0009→0.0010, 防守启发 0.0005→0.0005
2026-06-07 14:10:50,232 - INFO -   AI1(弱): ε 0.209→0.209, lr 0.112→0.114, 攻击权 0.38→0.40, 防守权 0.53→0.50, 进攻启发 0.0009→0.0010, 防守启发 0.0005→0.0005
2026-06-07 14:10:54,027 - INFO - 
⚖️ 平衡调整 #4: 差距<10% (拉开) 差距=3.0% 平局率=49.0% 温和进攻
2026-06-07 14:10:54,027 - INFO -   AI2(强): ε 0.162→0.146, lr 0.107→0.109, 攻击权 0.40→0.42, 防守权 0.50→0.48, 进攻启发 0.0010→0.0010, 防守启发 0.0005→0.0005
2026-06-07 14:10:54,028 - INFO -   AI1(弱): ε 0.174→0.227, lr 0.114→0.109, 攻击权 0.40→0.42, 防守权 0.50→0.48, 进攻启发 0.0010→0.0010, 防守启发 0.0005→0.0005
2026-06-07 14:10:57,317 - INFO - 
⚖️ 平衡调整 #5: 微调 差距=15.0% 平局率=37.0% 保持
2026-06-07 14:10:57,317 - INFO -   AI2(强): ε 0.116→0.116, lr 0.109→0.110, 攻击权 0.42→0.42, 防守权 0.48→0.48, 进攻启发 0.0010→0.0010, 防守启发 0.0005→0.0005
2026-06-07 14:10:57,317 - INFO -   AI1(弱): ε 0.201→0.201, lr 0.109→0.111, 攻击权 0.42→0.42, 防守权 0.48→0.48, 进攻启发 0.0010→0.0010, 防守启发 0.0005→0.0005
2026-06-07 14:11:01,124 - INFO - 
⚖️ 平衡调整 #6: 差距>20% 差距=28.0% 平局率=44.0% 温和进攻
2026-06-07 14:11:01,124 - INFO -   AI2(强): ε 0.092→0.083, lr 0.110→0.116, 攻击权 0.42→0.44, 防守权 0.48→0.45, 进攻启发 0.0010→0.0011, 防守启发 0.0005→0.0005
2026-06-07 14:11:01,124 - INFO -   AI1(弱): ε 0.178→0.143, lr 0.111→0.122, 攻击权 0.42→0.44, 防守权 0.48→0.45, 进攻启发 0.0010→0.0011, 防守启发 0.0005→0.0005
2026-06-07 14:11:05,496 - INFO - 
⚖️ 平衡调整 #7: 微调 差距=17.0% 平局率=57.0% 温和进攻
2026-06-07 14:11:05,496 - INFO -   AI2(强): ε 0.068→0.068, lr 0.116→0.117, 攻击权 0.44→0.46, 防守权 0.45→0.43, 进攻启发 0.0011→0.0012, 防守启发 0.0005→0.0004
2026-06-07 14:11:05,496 - INFO -   AI1(弱): ε 0.123→0.123, lr 0.122→0.124, 攻击权 0.44→0.46, 防守权 0.45→0.43, 进攻启发 0.0011→0.0012, 防守启发 0.0005→0.0004
2026-06-07 14:11:06,083 - INFO - 
==================================================
2026-06-07 14:11:06,083 - INFO - 第 500/10000 局 (5.0%)
2026-06-07 14:11:06,083 - INFO - 速度: 19.3局/秒, 已用: 0.4分钟
2026-06-07 14:11:06,083 - INFO - 总战绩: AI1 102胜, AI2 193胜, 平局 205
2026-06-07 14:11:06,083 - INFO - 近期100局: AI1 13.0%, AI2 31.0%, 平局 56.0%
2026-06-07 14:11:06,083 - INFO - 胜率差距: 18.0%
2026-06-07 14:11:06,083 - INFO - 防守统计: 总3586次, 平均7.17次/局
2026-06-07 14:11:06,083 - INFO - 参数: AI1 ε=0.120, lr=0.124
2026-06-07 14:11:06,083 - INFO -        AI2 ε=0.066, lr=0.117
2026-06-07 14:11:06,083 - INFO - ==================================================
2026-06-07 14:11:09,720 - INFO - 
⚖️ 平衡调整 #8: 微调 差距=15.0% 平局率=53.0% 温和进攻
2026-06-07 14:11:09,720 - INFO -   AI2(强): ε 0.056→0.056, lr 0.117→0.118, 攻击权 0.46→0.48, 防守权 0.43→0.41, 进攻启发 0.0012→0.0012, 防守启发 0.0004→0.0004
2026-06-07 14:11:09,720 - INFO -   AI1(弱): ε 0.105→0.105, lr 0.124→0.127, 攻击权 0.46→0.48, 防守权 0.43→0.41, 进攻启发 0.0012→0.0012, 防守启发 0.0004→0.0004
2026-06-07 14:11:14,139 - INFO - 
⚖️ 平衡调整 #9: 差距>20% 差距=23.0% 平局率=55.0% 温和进攻
2026-06-07 14:11:14,140 - INFO -   AI2(强): ε 0.046→0.042, lr 0.118→0.124, 攻击权 0.48→0.51, 防守权 0.41→0.39, 进攻启发 0.0012→0.0013, 防守启发 0.0004→0.0004
2026-06-07 14:11:14,140 - INFO -   AI1(弱): ε 0.089→0.071, lr 0.127→0.140, 攻击权 0.48→0.51, 防守权 0.41→0.39, 进攻启发 0.0012→0.0013, 防守启发 0.0004→0.0004
2026-06-07 14:11:18,981 - INFO - 
⚖️ 平衡调整 #10: 微调 差距=12.0% 平局率=66.0% 中等进攻
2026-06-07 14:11:18,981 - INFO -   AI2(强): ε 0.034→0.034, lr 0.124→0.125, 攻击权 0.51→0.61, 防守权 0.39→0.33, 进攻启发 0.0013→0.0015, 防守启发 0.0004→0.0003
2026-06-07 14:11:18,981 - INFO -   AI1(弱): ε 0.061→0.061, lr 0.140→0.142, 攻击权 0.51→0.61, 防守权 0.39→0.33, 进攻启发 0.0013→0.0015, 防守启发 0.0004→0.0003
2026-06-07 14:11:23,503 - INFO - 
⚖️ 平衡调整 #11: 差距<10% (拉开) 差距=9.0% 平局率=71.0% 中等进攻
2026-06-07 14:11:23,504 - INFO -   AI2(强): ε 0.029→0.026, lr 0.125→0.128, 攻击权 0.61→0.73, 防守权 0.33→0.27, 进攻启发 0.0015→0.0018, 防守启发 0.0003→0.0003
2026-06-07 14:11:23,504 - INFO -   AI1(弱): ε 0.051→0.067, lr 0.142→0.135, 攻击权 0.61→0.73, 防守权 0.33→0.27, 进攻启发 0.0015→0.0018, 防守启发 0.0003→0.0003
2026-06-07 14:11:28,419 - INFO - 
⚖️ 平衡调整 #12: 微调 差距=19.0% 平局率=57.0% 温和进攻
2026-06-07 14:11:28,420 - INFO -   AI2(强): ε 0.021→0.021, lr 0.128→0.129, 攻击权 0.73→0.77, 防守权 0.27→0.26, 进攻启发 0.0018→0.0019, 防守启发 0.0003→0.0003
2026-06-07 14:11:28,420 - INFO -   AI1(弱): ε 0.058→0.058, lr 0.135→0.138, 攻击权 0.73→0.77, 防守权 0.27→0.26, 进攻启发 0.0018→0.0019, 防守启发 0.0003→0.0003
2026-06-07 14:11:33,305 - INFO - 
⚖️ 平衡调整 #13: 差距>20% 差距=33.0% 平局率=37.0% 保持
2026-06-07 14:11:33,305 - INFO -   AI2(强): ε 0.016→0.015, lr 0.129→0.136, 攻击权 0.77→0.77, 防守权 0.26→0.26, 进攻启发 0.0019→0.0019, 防守启发 0.0003→0.0003
2026-06-07 14:11:33,305 - INFO -   AI1(弱): ε 0.052→0.042, lr 0.138→0.152, 攻击权 0.77→0.77, 防守权 0.26→0.26, 进攻启发 0.0019→0.0019, 防守启发 0.0003→0.0003
2026-06-07 14:11:37,525 - INFO - 
⚖️ 平衡调整 #14: 差距>20% 差距=24.0% 平局率=50.0% 温和进攻
2026-06-07 14:11:37,525 - INFO -   AI2(强): ε 0.012→0.011, lr 0.136→0.142, 攻击权 0.77→0.81, 防守权 0.26→0.25, 进攻启发 0.0019→0.0020, 防守启发 0.0003→0.0002
2026-06-07 14:11:37,525 - INFO -   AI1(弱): ε 0.036→0.029, lr 0.152→0.167, 攻击权 0.77→0.81, 防守权 0.26→0.25, 进攻启发 0.0019→0.0020, 防守启发 0.0003→0.0002
2026-06-07 14:11:38,735 - INFO - 
==================================================
2026-06-07 14:11:38,735 - INFO - 第 1000/10000 局 (10.0%)
2026-06-07 14:11:38,735 - INFO - 速度: 17.1局/秒, 已用: 1.0分钟
2026-06-07 14:11:38,735 - INFO - 总战绩: AI1 163胜, AI2 356胜, 平局 481
2026-06-07 14:11:38,735 - INFO - 近期100局: AI1 15.0%, AI2 34.0%, 平局 51.0%
2026-06-07 14:11:38,736 - INFO - 胜率差距: 19.0%
2026-06-07 14:11:38,736 - INFO - 防守统计: 总8690次, 平均8.69次/局
2026-06-07 14:11:38,736 - INFO - 参数: AI1 ε=0.028, lr=0.167
2026-06-07 14:11:38,736 - INFO -        AI2 ε=0.010, lr=0.142
2026-06-07 14:11:38,736 - INFO - ==================================================
2026-06-07 14:11:41,639 - INFO - 
⚖️ 平衡调整 #15: 微调 差距=20.0% 平局率=48.0% 温和进攻
2026-06-07 14:11:41,639 - INFO -   AI2(强): ε 0.010→0.010, lr 0.142→0.144, 攻击权 0.81→0.85, 防守权 0.25→0.24, 进攻启发 0.0020→0.0021, 防守启发 0.0002→0.0002
2026-06-07 14:11:41,639 - INFO -   AI1(弱): ε 0.025→0.025, lr 0.167→0.170, 攻击权 0.81→0.85, 防守权 0.25→0.24, 进攻启发 0.0020→0.0021, 防守启发 0.0002→0.0002
2026-06-07 14:11:47,086 - INFO - 
⚖️ 平衡调整 #16: 差距>20% 差距=21.0% 平局率=49.0% 温和进攻
2026-06-07 14:11:47,086 - INFO -   AI2(强): ε 0.010→0.009, lr 0.144→0.151, 攻击权 0.85→0.89, 防守权 0.24→0.22, 进攻启发 0.0021→0.0022, 防守启发 0.0002→0.0002
2026-06-07 14:11:47,086 - INFO -   AI1(弱): ε 0.022→0.017, lr 0.170→0.187, 攻击权 0.85→0.89, 防守权 0.24→0.22, 进攻启发 0.0021→0.0022, 防守启发 0.0002→0.0002
2026-06-07 14:11:53,021 - INFO - 
⚖️ 平衡调整 #17: 差距<10% (拉开) 差距=6.0% 平局率=54.0% 温和进攻
2026-06-07 14:11:53,021 - INFO -   AI2(强): ε 0.010→0.009, lr 0.151→0.154, 攻击权 0.89→0.94, 防守权 0.22→0.21, 进攻启发 0.0022→0.0023, 防守启发 0.0002→0.0002
2026-06-07 14:11:53,021 - INFO -   AI1(弱): ε 0.014→0.019, lr 0.187→0.178, 攻击权 0.89→0.94, 防守权 0.22→0.21, 进攻启发 0.0022→0.0023, 防守启发 0.0002→0.0002
2026-06-07 14:11:59,263 - INFO - 
⚖️ 平衡调整 #18: 差距<10% (拉开) 差距=3.0% 平局率=63.0% 中等进攻
2026-06-07 14:11:59,264 - INFO -   AI2(强): ε 0.010→0.009, lr 0.154→0.157, 攻击权 0.94→0.95, 防守权 0.21→0.18, 进攻启发 0.0023→0.0028, 防守启发 0.0002→0.0002
2026-06-07 14:11:59,264 - INFO -   AI1(弱): ε 0.016→0.020, lr 0.178→0.169, 攻击权 0.94→0.95, 防守权 0.21→0.18, 进攻启发 0.0023→0.0028, 防守启发 0.0002→0.0002
2026-06-07 14:12:05,055 - INFO - 
⚖️ 平衡调整 #19: 差距<10% (拉开) 差距=5.0% 平局率=53.0% 温和进攻
2026-06-07 14:12:05,055 - INFO -   AI2(强): ε 0.010→0.009, lr 0.157→0.160, 攻击权 0.95→0.95, 防守权 0.18→0.17, 进攻启发 0.0028→0.0029, 防守启发 0.0002→0.0002
2026-06-07 14:12:05,055 - INFO -   AI1(弱): ε 0.017→0.022, lr 0.169→0.161, 攻击权 0.95→0.95, 防守权 0.18→0.17, 进攻启发 0.0028→0.0029, 防守启发 0.0002→0.0002
2026-06-07 14:12:10,129 - INFO - 
⚖️ 平衡调整 #20: 差距<10% (拉开) 差距=2.0% 平局率=40.0% 保持
2026-06-07 14:12:10,130 - INFO -   AI2(强): ε 0.010→0.009, lr 0.160→0.163, 攻击权 0.95→0.95, 防守权 0.17→0.17, 进攻启发 0.0029→0.0029, 防守启发 0.0002→0.0002
2026-06-07 14:12:10,130 - INFO -   AI1(弱): ε 0.018→0.024, lr 0.161→0.153, 攻击权 0.95→0.95, 防守权 0.17→0.17, 进攻启发 0.0029→0.0029, 防守启发 0.0002→0.0002
2026-06-07 14:12:16,018 - INFO - 
⚖️ 平衡调整 #21: 差距<10% (拉开) 差距=2.0% 平局率=48.0% 温和进攻
2026-06-07 14:12:16,018 - INFO -   AI1(强): ε 0.020→0.018, lr 0.153→0.156, 攻击权 0.95→0.95, 防守权 0.17→0.16, 进攻启发 0.0029→0.0031, 防守启发 0.0002→0.0002
2026-06-07 14:12:16,018 - INFO -   AI2(弱): ε 0.010→0.013, lr 0.163→0.155, 攻击权 0.95→0.95, 防守权 0.17→0.16, 进攻启发 0.0029→0.0031, 防守启发 0.0002→0.0002
2026-06-07 14:12:18,251 - INFO - 
==================================================
2026-06-07 14:12:18,252 - INFO - 第 1500/10000 局 (15.0%)
2026-06-07 14:12:18,252 - INFO - 速度: 15.3局/秒, 已用: 1.6分钟
2026-06-07 14:12:18,252 - INFO - 总战绩: AI1 267胜, AI2 499胜, 平局 734
2026-06-07 14:12:18,252 - INFO - 近期100局: AI1 23.0%, AI2 28.0%, 平局 49.0%
2026-06-07 14:12:18,252 - INFO - 胜率差距: 5.0%
2026-06-07 14:12:18,252 - INFO - 防守统计: 总16061次, 平均10.71次/局
2026-06-07 14:12:18,252 - INFO - 参数: AI1 ε=0.017, lr=0.156
2026-06-07 14:12:18,252 - INFO -        AI2 ε=0.012, lr=0.155
2026-06-07 14:12:18,252 - INFO - ==================================================
2026-06-07 14:12:21,427 - INFO - 
⚖️ 平衡调整 #22: 差距<10% (拉开) 差距=0.0% 平局率=46.0% 温和进攻
2026-06-07 14:12:21,428 - INFO -   AI2(强): ε 0.011→0.010, lr 0.155→0.158, 攻击权 0.95→0.95, 防守权 0.16→0.15, 进攻启发 0.0031→0.0033, 防守启发 0.0002→0.0002
2026-06-07 14:12:21,428 - INFO -   AI1(弱): ε 0.015→0.020, lr 0.156→0.148, 攻击权 0.95→0.95, 防守权 0.16→0.15, 进攻启发 0.0031→0.0033, 防守启发 0.0002→0.0002
2026-06-07 14:12:26,684 - INFO - 
⚖️ 平衡调整 #23: 差距<10% (拉开) 差距=3.0% 平局率=35.0% 保持
2026-06-07 14:12:26,684 - INFO -   AI1(强): ε 0.016→0.015, lr 0.148→0.151, 攻击权 0.95→0.95, 防守权 0.15→0.15, 进攻启发 0.0033→0.0033, 防守启发 0.0002→0.0002
2026-06-07 14:12:26,684 - INFO -   AI2(弱): ε 0.010→0.013, lr 0.158→0.150, 攻击权 0.95→0.95, 防守权 0.15→0.15, 进攻启发 0.0033→0.0033, 防守启发 0.0002→0.0002
2026-06-07 14:12:31,988 - INFO - 
⚖️ 平衡调整 #24: 差距<10% (拉开) 差距=2.0% 平局率=34.0% 保持
2026-06-07 14:12:31,988 - INFO -   AI1(强): ε 0.012→0.011, lr 0.151→0.154, 攻击权 0.95→0.95, 防守权 0.15→0.15, 进攻启发 0.0033→0.0033, 防守启发 0.0002→0.0002
2026-06-07 14:12:31,988 - INFO -   AI2(弱): ε 0.011→0.014, lr 0.150→0.143, 攻击权 0.95→0.95, 防守权 0.15→0.15, 进攻启发 0.0033→0.0033, 防守启发 0.0002→0.0002
2026-06-07 14:12:37,380 - INFO - 
⚖️ 平衡调整 #25: 差距<10% (拉开) 差距=1.0% 平局率=31.0% 保持
2026-06-07 14:12:37,380 - INFO -   AI2(强): ε 0.012→0.011, lr 0.143→0.146, 攻击权 0.95→0.95, 防守权 0.15→0.15, 进攻启发 0.0033→0.0033, 防守启发 0.0002→0.0002
2026-06-07 14:12:37,380 - INFO -   AI1(弱): ε 0.010→0.013, lr 0.154→0.146, 攻击权 0.95→0.95, 防守权 0.15→0.15, 进攻启发 0.0033→0.0033, 防守启发 0.0002→0.0002
2026-06-07 14:12:42,500 - INFO - 
⚖️ 平衡调整 #26: 差距<10% (拉开) 差距=4.0% 平局率=32.0% 保持
2026-06-07 14:12:42,500 - INFO -   AI2(强): ε 0.010→0.009, lr 0.146→0.149, 攻击权 0.95→0.95, 防守权 0.15→0.15, 进攻启发 0.0033→0.0033, 防守启发 0.0002→0.0002
2026-06-07 14:12:42,500 - INFO -   AI1(弱): ε 0.011→0.014, lr 0.146→0.139, 攻击权 0.95→0.95, 防守权 0.15→0.15, 进攻启发 0.0033→0.0033, 防守启发 0.0002→0.0002
2026-06-07 14:12:47,875 - INFO - 
⚖️ 平衡调整 #27: 微调 差距=14.0% 平局率=38.0% 保持
2026-06-07 14:12:47,875 - INFO -   AI2(强): ε 0.010→0.010, lr 0.149→0.150, 攻击权 0.95→0.95, 防守权 0.15→0.15, 进攻启发 0.0033→0.0033, 防守启发 0.0002→0.0002
2026-06-07 14:12:47,875 - INFO -   AI1(弱): ε 0.012→0.012, lr 0.139→0.142, 攻击权 0.95→0.95, 防守权 0.15→0.15, 进攻启发 0.0033→0.0033, 防守启发 0.0002→0.0002
2026-06-07 14:12:53,186 - INFO - 
⚖️ 平衡调整 #28: 差距<10% (拉开) 差距=1.0% 平局率=37.0% 保持
2026-06-07 14:12:53,186 - INFO -   AI2(强): ε 0.010→0.009, lr 0.150→0.153, 攻击权 0.95→0.95, 防守权 0.15→0.15, 进攻启发 0.0033→0.0033, 防守启发 0.0002→0.0002
2026-06-07 14:12:53,186 - INFO -   AI1(弱): ε 0.010→0.014, lr 0.142→0.135, 攻击权 0.95→0.95, 防守权 0.15→0.15, 进攻启发 0.0033→0.0033, 防守启发 0.0002→0.0002
2026-06-07 14:12:56,405 - INFO - 
==================================================
2026-06-07 14:12:56,406 - INFO - 第 2000/10000 局 (20.0%)
2026-06-07 14:12:56,406 - INFO - 速度: 14.7局/秒, 已用: 2.3分钟
2026-06-07 14:12:56,406 - INFO - 总战绩: AI1 413胜, AI2 666胜, 平局 921
2026-06-07 14:12:56,406 - INFO - 近期100局: AI1 26.0%, AI2 31.0%, 平局 43.0%
2026-06-07 14:12:56,406 - INFO - 胜率差距: 5.0%
2026-06-07 14:12:56,406 - INFO - 防守统计: 总23651次, 平均11.83次/局
2026-06-07 14:12:56,406 - INFO - 参数: AI1 ε=0.012, lr=0.135
2026-06-07 14:12:56,406 - INFO -        AI2 ε=0.010, lr=0.153
2026-06-07 14:12:56,406 - INFO - ==================================================
2026-06-07 14:12:59,022 - INFO - 
⚖️ 平衡调整 #29: 差距<10% (拉开) 差距=9.0% 平局率=45.0% 温和进攻
2026-06-07 14:12:59,023 - INFO -   AI2(强): ε 0.010→0.009, lr 0.153→0.156, 攻击权 0.95→0.95, 防守权 0.15→0.15, 进攻启发 0.0033→0.0034, 防守启发 0.0002→0.0001
2026-06-07 14:12:59,023 - INFO -   AI1(弱): ε 0.012→0.015, lr 0.135→0.128, 攻击权 0.95→0.95, 防守权 0.15→0.15, 进攻启发 0.0033→0.0034, 防守启发 0.0002→0.0001
2026-06-07 14:13:04,494 - INFO - 
⚖️ 平衡调整 #30: 差距<10% (拉开) 差距=4.0% 平局率=42.0% 温和进攻
2026-06-07 14:13:04,494 - INFO -   AI1(强): ε 0.012→0.011, lr 0.128→0.130, 攻击权 0.95→0.95, 防守权 0.15→0.14, 进攻启发 0.0034→0.0036, 防守启发 0.0001→0.0001
2026-06-07 14:13:04,494 - INFO -   AI2(弱): ε 0.010→0.013, lr 0.156→0.148, 攻击权 0.95→0.95, 防守权 0.15→0.14, 进攻启发 0.0034→0.0036, 防守启发 0.0001→0.0001
2026-06-07 14:13:10,193 - INFO - 
⚖️ 平衡调整 #31: 差距<10% (拉开) 差距=0.0% 平局率=32.0% 保持
2026-06-07 14:13:10,193 - INFO -   AI2(强): ε 0.011→0.010, lr 0.148→0.151, 攻击权 0.95→0.95, 防守权 0.14→0.14, 进攻启发 0.0036→0.0036, 防守启发 0.0001→0.0001
2026-06-07 14:13:10,193 - INFO -   AI1(弱): ε 0.010→0.013, lr 0.130→0.124, 攻击权 0.95→0.95, 防守权 0.14→0.14, 进攻启发 0.0036→0.0036, 防守启发 0.0001→0.0001
2026-06-07 14:13:15,648 - INFO - 
⚖️ 平衡调整 #32: 差距<10% (拉开) 差距=4.0% 平局率=36.0% 保持
2026-06-07 14:13:15,649 - INFO -   AI1(强): ε 0.011→0.010, lr 0.124→0.126, 攻击权 0.95→0.95, 防守权 0.14→0.14, 进攻启发 0.0036→0.0036, 防守启发 0.0001→0.0001
2026-06-07 14:13:15,649 - INFO -   AI2(弱): ε 0.010→0.013, lr 0.151→0.144, 攻击权 0.95→0.95, 防守权 0.14→0.14, 进攻启发 0.0036→0.0036, 防守启发 0.0001→0.0001
2026-06-07 14:13:21,106 - INFO - 
⚖️ 平衡调整 #33: 差距<10% (拉开) 差距=3.0% 平局率=37.0% 保持
2026-06-07 14:13:21,106 - INFO -   AI1(强): ε 0.010→0.009, lr 0.126→0.129, 攻击权 0.95→0.95, 防守权 0.14→0.14, 进攻启发 0.0036→0.0036, 防守启发 0.0001→0.0001
2026-06-07 14:13:21,106 - INFO -   AI2(弱): ε 0.011→0.014, lr 0.144→0.137, 攻击权 0.95→0.95, 防守权 0.14→0.14, 进攻启发 0.0036→0.0036, 防守启发 0.0001→0.0001
2026-06-07 14:13:26,628 - INFO - 
⚖️ 平衡调整 #34: 差距<10% (拉开) 差距=4.0% 平局率=36.0% 保持
2026-06-07 14:13:26,628 - INFO -   AI1(强): ε 0.010→0.009, lr 0.129→0.131, 攻击权 0.95→0.95, 防守权 0.14→0.14, 进攻启发 0.0036→0.0036, 防守启发 0.0001→0.0001
2026-06-07 14:13:26,628 - INFO -   AI2(弱): ε 0.012→0.016, lr 0.137→0.130, 攻击权 0.95→0.95, 防守权 0.14→0.14, 进攻启发 0.0036→0.0036, 防守启发 0.0001→0.0001
2026-06-07 14:13:32,239 - INFO - 
⚖️ 平衡调整 #35: 差距<10% (拉开) 差距=0.0% 平局率=34.0% 保持
2026-06-07 14:13:32,240 - INFO -   AI2(强): ε 0.013→0.012, lr 0.130→0.132, 攻击权 0.95→0.95, 防守权 0.14→0.14, 进攻启发 0.0036→0.0036, 防守启发 0.0001→0.0001
2026-06-07 14:13:32,240 - INFO -   AI1(弱): ε 0.010→0.013, lr 0.131→0.125, 攻击权 0.95→0.95, 防守权 0.14→0.14, 进攻启发 0.0036→0.0036, 防守启发 0.0001→0.0001
2026-06-07 14:13:36,184 - INFO - 
==================================================
2026-06-07 14:13:36,185 - INFO - 第 2500/10000 局 (25.0%)
2026-06-07 14:13:36,185 - INFO - 速度: 14.2局/秒, 已用: 2.9分钟
2026-06-07 14:13:36,185 - INFO - 总战绩: AI1 570胜, AI2 827胜, 平局 1103
2026-06-07 14:13:36,185 - INFO - 近期100局: AI1 31.0%, AI2 34.0%, 平局 35.0%
2026-06-07 14:13:36,185 - INFO - 胜率差距: 3.0%
2026-06-07 14:13:36,185 - INFO - 防守统计: 总31709次, 平均12.68次/局
2026-06-07 14:13:36,185 - INFO - 参数: AI1 ε=0.012, lr=0.125
2026-06-07 14:13:36,185 - INFO -        AI2 ε=0.010, lr=0.132
2026-06-07 14:13:36,185 - INFO - ==================================================
2026-06-07 14:13:37,842 - INFO - 
⚖️ 平衡调整 #36: 差距<10% (拉开) 差距=4.0% 平局率=40.0% 保持
2026-06-07 14:13:37,843 - INFO -   AI2(强): ε 0.010→0.009, lr 0.132→0.135, 攻击权 0.95→0.95, 防守权 0.14→0.14, 进攻启发 0.0036→0.0036, 防守启发 0.0001→0.0001
2026-06-07 14:13:37,843 - INFO -   AI1(弱): ε 0.011→0.014, lr 0.125→0.119, 攻击权 0.95→0.95, 防守权 0.14→0.14, 进攻启发 0.0036→0.0036, 防守启发 0.0001→0.0001
2026-06-07 14:13:42,693 - INFO - 
⚖️ 平衡调整 #37: 差距<10% (拉开) 差距=7.0% 平局率=27.0% 保持
2026-06-07 14:13:42,693 - INFO -   AI1(强): ε 0.012→0.011, lr 0.119→0.121, 攻击权 0.95→0.95, 防守权 0.14→0.14, 进攻启发 0.0036→0.0036, 防守启发 0.0001→0.0001
2026-06-07 14:13:42,693 - INFO -   AI2(弱): ε 0.010→0.013, lr 0.135→0.128, 攻击权 0.95→0.95, 防守权 0.14→0.14, 进攻启发 0.0036→0.0036, 防守启发 0.0001→0.0001
2026-06-07 14:13:48,050 - INFO - 
⚖️ 平衡调整 #38: 微调 差距=11.0% 平局率=31.0% 保持
2026-06-07 14:13:48,050 - INFO -   AI1(强): ε 0.010→0.010, lr 0.121→0.122, 攻击权 0.95→0.95, 防守权 0.14→0.14, 进攻启发 0.0036→0.0036, 防守启发 0.0001→0.0001
2026-06-07 14:13:48,050 - INFO -   AI2(弱): ε 0.011→0.011, lr 0.128→0.131, 攻击权 0.95→0.95, 防守权 0.14→0.14, 进攻启发 0.0036→0.0036, 防守启发 0.0001→0.0001
2026-06-07 14:13:53,532 - INFO - 
⚖️ 平衡调整 #39: 差距<10% (拉开) 差距=7.0% 平局率=35.0% 保持
2026-06-07 14:13:53,532 - INFO -   AI2(强): ε 0.010→0.009, lr 0.131→0.133, 攻击权 0.95→0.95, 防守权 0.14→0.14, 进攻启发 0.0036→0.0036, 防守启发 0.0001→0.0001
2026-06-07 14:13:53,532 - INFO -   AI1(弱): ε 0.010→0.013, lr 0.122→0.116, 攻击权 0.95→0.95, 防守权 0.14→0.14, 进攻启发 0.0036→0.0036, 防守启发 0.0001→0.0001
2026-06-07 14:13:58,765 - INFO - 
⚖️ 平衡调整 #40: 差距<10% (拉开) 差距=2.0% 平局率=36.0% 保持
2026-06-07 14:13:58,766 - INFO -   AI1(强): ε 0.011→0.010, lr 0.116→0.118, 攻击权 0.95→0.95, 防守权 0.14→0.14, 进攻启发 0.0036→0.0036, 防守启发 0.0001→0.0001
2026-06-07 14:13:58,766 - INFO -   AI2(弱): ε 0.010→0.013, lr 0.133→0.127, 攻击权 0.95→0.95, 防守权 0.14→0.14, 进攻启发 0.0036→0.0036, 防守启发 0.0001→0.0001
2026-06-07 14:14:04,415 - INFO - 
⚖️ 平衡调整 #41: 微调 差距=14.0% 平局率=36.0% 保持
2026-06-07 14:14:04,415 - INFO -   AI1(强): ε 0.010→0.010, lr 0.118→0.120, 攻击权 0.95→0.95, 防守权 0.14→0.14, 进攻启发 0.0036→0.0036, 防守启发 0.0001→0.0001
2026-06-07 14:14:04,415 - INFO -   AI2(弱): ε 0.011→0.011, lr 0.127→0.129, 攻击权 0.95→0.95, 防守权 0.14→0.14, 进攻启发 0.0036→0.0036, 防守启发 0.0001→0.0001
2026-06-07 14:14:10,104 - INFO - 
⚖️ 平衡调整 #42: 微调 差距=19.0% 平局率=41.0% 温和进攻
2026-06-07 14:14:10,104 - INFO -   AI1(强): ε 0.010→0.010, lr 0.120→0.121, 攻击权 0.95→0.95, 防守权 0.14→0.13, 进攻启发 0.0036→0.0038, 防守启发 0.0001→0.0001
2026-06-07 14:14:10,104 - INFO -   AI2(弱): ε 0.010→0.010, lr 0.129→0.132, 攻击权 0.95→0.95, 防守权 0.14→0.13, 进攻启发 0.0036→0.0038, 防守启发 0.0001→0.0001
2026-06-07 14:14:14,991 - INFO - 
==================================================
2026-06-07 14:14:14,992 - INFO - 第 3000/10000 局 (30.0%)
2026-06-07 14:14:14,992 - INFO - 速度: 14.0局/秒, 已用: 3.6分钟
2026-06-07 14:14:14,992 - INFO - 总战绩: AI1 756胜, AI2 973胜, 平局 1271
2026-06-07 14:14:14,992 - INFO - 近期100局: AI1 39.0%, AI2 28.0%, 平局 33.0%
2026-06-07 14:14:14,992 - INFO - 胜率差距: 11.0%
2026-06-07 14:14:14,992 - INFO - 防守统计: 总39593次, 平均13.20次/局
2026-06-07 14:14:14,992 - INFO - 参数: AI1 ε=0.010, lr=0.121
2026-06-07 14:14:14,992 - INFO -        AI2 ε=0.010, lr=0.132
2026-06-07 14:14:14,992 - INFO - ==================================================
2026-06-07 14:14:15,885 - INFO - 
⚖️ 平衡调整 #43: 差距<10% (拉开) 差距=9.0% 平局率=35.0% 保持
2026-06-07 14:14:15,885 - INFO -   AI1(强): ε 0.010→0.009, lr 0.121→0.123, 攻击权 0.95→0.95, 防守权 0.13→0.13, 进攻启发 0.0038→0.0038, 防守启发 0.0001→0.0001
2026-06-07 14:14:15,885 - INFO -   AI2(弱): ε 0.010→0.013, lr 0.132→0.125, 攻击权 0.95→0.95, 防守权 0.13→0.13, 进攻启发 0.0038→0.0038, 防守启发 0.0001→0.0001
2026-06-07 14:14:20,953 - INFO - 
⚖️ 平衡调整 #44: 微调 差距=11.0% 平局率=37.0% 保持
2026-06-07 14:14:20,954 - INFO -   AI1(强): ε 0.010→0.010, lr 0.123→0.124, 攻击权 0.95→0.95, 防守权 0.13→0.13, 进攻启发 0.0038→0.0038, 防守启发 0.0001→0.0001
2026-06-07 14:14:20,954 - INFO -   AI2(弱): ε 0.011→0.011, lr 0.125→0.128, 攻击权 0.95→0.95, 防守权 0.13→0.13, 进攻启发 0.0038→0.0038, 防守启发 0.0001→0.0001
2026-06-07 14:14:26,537 - INFO - 
⚖️ 平衡调整 #45: 差距<10% (拉开) 差距=7.0% 平局率=35.0% 保持
2026-06-07 14:14:26,537 - INFO -   AI1(强): ε 0.010→0.009, lr 0.124→0.127, 攻击权 0.95→0.95, 防守权 0.13→0.13, 进攻启发 0.0038→0.0038, 防守启发 0.0001→0.0001
2026-06-07 14:14:26,538 - INFO -   AI2(弱): ε 0.010→0.013, lr 0.128→0.121, 攻击权 0.95→0.95, 防守权 0.13→0.13, 进攻启发 0.0038→0.0038, 防守启发 0.0001→0.0001
2026-06-07 14:14:31,560 - INFO - 
⚖️ 平衡调整 #46: 差距<10% (拉开) 差距=2.0% 平局率=36.0% 保持
2026-06-07 14:14:31,560 - INFO -   AI1(强): ε 0.010→0.009, lr 0.127→0.129, 攻击权 0.95→0.95, 防守权 0.13→0.13, 进攻启发 0.0038→0.0038, 防守启发 0.0001→0.0001
2026-06-07 14:14:31,560 - INFO -   AI2(弱): ε 0.011→0.014, lr 0.121→0.115, 攻击权 0.95→0.95, 防守权 0.13→0.13, 进攻启发 0.0038→0.0038, 防守启发 0.0001→0.0001
2026-06-07 14:14:35,431 - INFO - 
⚖️ 平衡调整 #47: 差距<10% (拉开) 差距=3.0% 平局率=45.0% 温和进攻
2026-06-07 14:14:35,431 - INFO -   AI1(强): ε 0.010→0.009, lr 0.129→0.132, 攻击权 0.95→0.95, 防守权 0.13→0.13, 进攻启发 0.0038→0.0040, 防守启发 0.0001→0.0001
2026-06-07 14:14:35,431 - INFO -   AI2(弱): ε 0.012→0.015, lr 0.115→0.110, 攻击权 0.95→0.95, 防守权 0.13→0.13, 进攻启发 0.0038→0.0040, 防守启发 0.0001→0.0001
2026-06-07 14:14:38,924 - INFO - 
⚖️ 平衡调整 #48: 差距<10% (拉开) 差距=6.0% 平局率=38.0% 保持
2026-06-07 14:14:38,924 - INFO -   AI1(强): ε 0.010→0.009, lr 0.132→0.135, 攻击权 0.95→0.95, 防守权 0.13→0.13, 进攻启发 0.0040→0.0040, 防守启发 0.0001→0.0001
2026-06-07 14:14:38,924 - INFO -   AI2(弱): ε 0.013→0.017, lr 0.110→0.104, 攻击权 0.95→0.95, 防守权 0.13→0.13, 进攻启发 0.0040→0.0040, 防守启发 0.0001→0.0001
2026-06-07 14:14:42,381 - INFO - 
⚖️ 平衡调整 #49: 微调 差距=12.0% 平局率=30.0% 保持
2026-06-07 14:14:42,381 - INFO -   AI1(强): ε 0.010→0.010, lr 0.135→0.136, 攻击权 0.95→0.95, 防守权 0.13→0.13, 进攻启发 0.0040→0.0040, 防守启发 0.0001→0.0001
2026-06-07 14:14:42,381 - INFO -   AI2(弱): ε 0.015→0.015, lr 0.104→0.106, 攻击权 0.95→0.95, 防守权 0.13→0.13, 进攻启发 0.0040→0.0040, 防守启发 0.0001→0.0001
2026-06-07 14:14:46,023 - INFO - 
⚖️ 平衡调整 #50: 微调 差距=15.0% 平局率=37.0% 保持
2026-06-07 14:14:46,023 - INFO -   AI1(强): ε 0.010→0.010, lr 0.136→0.137, 攻击权 0.95→0.95, 防守权 0.13→0.13, 进攻启发 0.0040→0.0040, 防守启发 0.0001→0.0001
2026-06-07 14:14:46,023 - INFO -   AI2(弱): ε 0.013→0.013, lr 0.106→0.108, 攻击权 0.95→0.95, 防守权 0.13→0.13, 进攻启发 0.0040→0.0040, 防守启发 0.0001→0.0001
2026-06-07 14:14:46,024 - INFO - 
==================================================
2026-06-07 14:14:46,024 - INFO - 第 3500/10000 局 (35.0%)
2026-06-07 14:14:46,024 - INFO - 速度: 14.2局/秒, 已用: 4.1分钟
2026-06-07 14:14:46,024 - INFO - 总战绩: AI1 933胜, AI2 1105胜, 平局 1462
2026-06-07 14:14:46,024 - INFO - 近期100局: AI1 39.0%, AI2 24.0%, 平局 37.0%
2026-06-07 14:14:46,024 - INFO - 胜率差距: 15.0%
2026-06-07 14:14:46,024 - INFO - 防守统计: 总47613次, 平均13.60次/局
2026-06-07 14:14:46,024 - INFO - 参数: AI1 ε=0.010, lr=0.137
2026-06-07 14:14:46,024 - INFO -        AI2 ε=0.013, lr=0.108
2026-06-07 14:14:46,024 - INFO - ==================================================
2026-06-07 14:14:49,448 - INFO - 
⚖️ 平衡调整 #51: 微调 差距=15.0% 平局率=33.0% 保持
2026-06-07 14:14:49,448 - INFO -   AI1(强): ε 0.010→0.010, lr 0.137→0.139, 攻击权 0.95→0.95, 防守权 0.13→0.13, 进攻启发 0.0040→0.0040, 防守启发 0.0001→0.0001
2026-06-07 14:14:49,448 - INFO -   AI2(弱): ε 0.011→0.011, lr 0.108→0.111, 攻击权 0.95→0.95, 防守权 0.13→0.13, 进攻启发 0.0040→0.0040, 防守启发 0.0001→0.0001
2026-06-07 14:14:53,066 - INFO - 
⚖️ 平衡调整 #52: 差距<10% (拉开) 差距=8.0% 平局率=44.0% 温和进攻
2026-06-07 14:14:53,066 - INFO -   AI1(强): ε 0.010→0.009, lr 0.139→0.142, 攻击权 0.95→0.95, 防守权 0.13→0.12, 进攻启发 0.0040→0.0041, 防守启发 0.0001→0.0001
2026-06-07 14:14:53,066 - INFO -   AI2(弱): ε 0.010→0.013, lr 0.111→0.105, 攻击权 0.95→0.95, 防守权 0.13→0.12, 进攻启发 0.0040→0.0041, 防守启发 0.0001→0.0001
2026-06-07 14:14:56,444 - INFO - 
⚖️ 平衡调整 #53: 差距<10% (拉开) 差距=5.0% 平局率=41.0% 温和进攻
2026-06-07 14:14:56,444 - INFO -   AI1(强): ε 0.010→0.009, lr 0.142→0.144, 攻击权 0.95→0.95, 防守权 0.12→0.11, 进攻启发 0.0041→0.0044, 防守启发 0.0001→0.0001
2026-06-07 14:14:56,444 - INFO -   AI2(弱): ε 0.011→0.014, lr 0.105→0.100, 攻击权 0.95→0.95, 防守权 0.12→0.11, 进攻启发 0.0041→0.0044, 防守启发 0.0001→0.0001
2026-06-07 14:14:59,782 - INFO - 
⚖️ 平衡调整 #54: 差距<10% (拉开) 差距=1.0% 平局率=33.0% 保持
2026-06-07 14:14:59,782 - INFO -   AI1(强): ε 0.010→0.009, lr 0.144→0.147, 攻击权 0.95→0.95, 防守权 0.11→0.11, 进攻启发 0.0044→0.0044, 防守启发 0.0001→0.0001
2026-06-07 14:14:59,782 - INFO -   AI2(弱): ε 0.012→0.016, lr 0.100→0.095, 攻击权 0.95→0.95, 防守权 0.11→0.11, 进攻启发 0.0044→0.0044, 防守启发 0.0001→0.0001
2026-06-07 14:15:03,155 - INFO - 
⚖️ 平衡调整 #55: 差距<10% (拉开) 差距=6.0% 平局率=32.0% 保持
2026-06-07 14:15:03,155 - INFO -   AI1(强): ε 0.010→0.009, lr 0.147→0.150, 攻击权 0.95→0.95, 防守权 0.11→0.11, 进攻启发 0.0044→0.0044, 防守启发 0.0001→0.0001
2026-06-07 14:15:03,155 - INFO -   AI2(弱): ε 0.013→0.017, lr 0.095→0.090, 攻击权 0.95→0.95, 防守权 0.11→0.11, 进攻启发 0.0044→0.0044, 防守启发 0.0001→0.0001
2026-06-07 14:15:06,605 - INFO - 
⚖️ 平衡调整 #56: 差距<10% (拉开) 差距=4.0% 平局率=36.0% 保持
2026-06-07 14:15:06,605 - INFO -   AI2(强): ε 0.014→0.013, lr 0.090→0.092, 攻击权 0.95→0.95, 防守权 0.11→0.11, 进攻启发 0.0044→0.0044, 防守启发 0.0001→0.0001
2026-06-07 14:15:06,605 - INFO -   AI1(弱): ε 0.010→0.013, lr 0.150→0.143, 攻击权 0.95→0.95, 防守权 0.11→0.11, 进攻启发 0.0044→0.0044, 防守启发 0.0001→0.0001
2026-06-07 14:15:10,042 - INFO - 
⚖️ 平衡调整 #57: 差距<10% (拉开) 差距=3.0% 平局率=31.0% 保持
2026-06-07 14:15:10,042 - INFO -   AI1(强): ε 0.011→0.010, lr 0.143→0.146, 攻击权 0.95→0.95, 防守权 0.11→0.11, 进攻启发 0.0044→0.0044, 防守启发 0.0001→0.0001
2026-06-07 14:15:10,042 - INFO -   AI2(弱): ε 0.011→0.014, lr 0.092→0.087, 攻击权 0.95→0.95, 防守权 0.11→0.11, 进攻启发 0.0044→0.0044, 防守启发 0.0001→0.0001
2026-06-07 14:15:10,521 - INFO - 
==================================================
2026-06-07 14:15:10,521 - INFO - 第 4000/10000 局 (40.0%)
2026-06-07 14:15:10,521 - INFO - 速度: 14.8局/秒, 已用: 4.5分钟
2026-06-07 14:15:10,521 - INFO - 总战绩: AI1 1108胜, AI2 1251胜, 平局 1641
2026-06-07 14:15:10,521 - INFO - 近期100局: AI1 35.0%, AI2 31.0%, 平局 34.0%
2026-06-07 14:15:10,521 - INFO - 胜率差距: 4.0%
2026-06-07 14:15:10,521 - INFO - 防守统计: 总55455次, 平均13.86次/局
2026-06-07 14:15:10,521 - INFO - 参数: AI1 ε=0.010, lr=0.146
2026-06-07 14:15:10,521 - INFO -        AI2 ε=0.014, lr=0.087
2026-06-07 14:15:10,521 - INFO - ==================================================
2026-06-07 14:15:13,435 - INFO - 
⚖️ 平衡调整 #58: 差距<10% (拉开) 差距=8.0% 平局率=36.0% 保持
2026-06-07 14:15:13,435 - INFO -   AI1(强): ε 0.010→0.009, lr 0.146→0.148, 攻击权 0.95→0.95, 防守权 0.11→0.11, 进攻启发 0.0044→0.0044, 防守启发 0.0001→0.0001
2026-06-07 14:15:13,435 - INFO -   AI2(弱): ε 0.012→0.015, lr 0.087→0.083, 攻击权 0.95→0.95, 防守权 0.11→0.11, 进攻启发 0.0044→0.0044, 防守启发 0.0001→0.0001
2026-06-07 14:15:16,671 - INFO - 
⚖️ 平衡调整 #59: 差距<10% (拉开) 差距=2.0% 平局率=34.0% 保持
2026-06-07 14:15:16,671 - INFO -   AI1(强): ε 0.010→0.009, lr 0.148→0.151, 攻击权 0.95→0.95, 防守权 0.11→0.11, 进攻启发 0.0044→0.0044, 防守启发 0.0001→0.0001
2026-06-07 14:15:16,671 - INFO -   AI2(弱): ε 0.013→0.016, lr 0.083→0.080, 攻击权 0.95→0.95, 防守权 0.11→0.11, 进攻启发 0.0044→0.0044, 防守启发 0.0001→0.0001
2026-06-07 14:15:20,128 - INFO - 
⚖️ 平衡调整 #60: 差距<10% (拉开) 差距=2.0% 平局率=28.0% 保持
2026-06-07 14:15:20,128 - INFO -   AI1(强): ε 0.010→0.009, lr 0.151→0.154, 攻击权 0.95→0.95, 防守权 0.11→0.11, 进攻启发 0.0044→0.0044, 防守启发 0.0001→0.0001
2026-06-07 14:15:20,128 - INFO -   AI2(弱): ε 0.014→0.018, lr 0.080→0.080, 攻击权 0.95→0.95, 防守权 0.11→0.11, 进攻启发 0.0044→0.0044, 防守启发 0.0001→0.0001
2026-06-07 14:15:23,438 - INFO - 
⚖️ 平衡调整 #61: 差距<10% (拉开) 差距=6.0% 平局率=30.0% 保持
2026-06-07 14:15:23,438 - INFO -   AI2(强): ε 0.015→0.013, lr 0.080→0.082, 攻击权 0.95→0.95, 防守权 0.11→0.11, 进攻启发 0.0044→0.0044, 防守启发 0.0001→0.0001
2026-06-07 14:15:23,439 - INFO -   AI1(弱): ε 0.010→0.013, lr 0.154→0.147, 攻击权 0.95→0.95, 防守权 0.11→0.11, 进攻启发 0.0044→0.0044, 防守启发 0.0001→0.0001
2026-06-07 14:15:26,752 - INFO - 
⚖️ 平衡调整 #62: 差距<10% (拉开) 差距=2.0% 平局率=32.0% 保持
2026-06-07 14:15:26,752 - INFO -   AI1(强): ε 0.011→0.010, lr 0.147→0.150, 攻击权 0.95→0.95, 防守权 0.11→0.11, 进攻启发 0.0044→0.0044, 防守启发 0.0001→0.0001
2026-06-07 14:15:26,752 - INFO -   AI2(弱): ε 0.011→0.014, lr 0.082→0.080, 攻击权 0.95→0.95, 防守权 0.11→0.11, 进攻启发 0.0044→0.0044, 防守启发 0.0001→0.0001
2026-06-07 14:15:30,470 - INFO - 
⚖️ 平衡调整 #63: 差距<10% (拉开) 差距=6.0% 平局率=44.0% 温和进攻
2026-06-07 14:15:30,470 - INFO -   AI1(强): ε 0.010→0.009, lr 0.150→0.153, 攻击权 0.95→0.95, 防守权 0.11→0.11, 进攻启发 0.0044→0.0046, 防守启发 0.0001→0.0001
2026-06-07 14:15:30,470 - INFO -   AI2(弱): ε 0.012→0.016, lr 0.080→0.080, 攻击权 0.95→0.95, 防守权 0.11→0.11, 进攻启发 0.0044→0.0046, 防守启发 0.0001→0.0001
2026-06-07 14:15:33,800 - INFO - 
⚖️ 平衡调整 #64: 差距<10% (拉开) 差距=0.0% 平局率=38.0% 保持
2026-06-07 14:15:33,800 - INFO -   AI2(强): ε 0.013→0.012, lr 0.080→0.082, 攻击权 0.95→0.95, 防守权 0.11→0.11, 进攻启发 0.0046→0.0046, 防守启发 0.0001→0.0001
2026-06-07 14:15:33,800 - INFO -   AI1(弱): ε 0.010→0.013, lr 0.153→0.145, 攻击权 0.95→0.95, 防守权 0.11→0.11, 进攻启发 0.0046→0.0046, 防守启发 0.0001→0.0001
2026-06-07 14:15:34,669 - INFO - 
==================================================
2026-06-07 14:15:34,669 - INFO - 第 4500/10000 局 (45.0%)
2026-06-07 14:15:34,669 - INFO - 速度: 15.3局/秒, 已用: 4.9分钟
2026-06-07 14:15:34,669 - INFO - 总战绩: AI1 1273胜, AI2 1419胜, 平局 1808
2026-06-07 14:15:34,669 - INFO - 近期100局: AI1 34.0%, AI2 35.0%, 平局 31.0%
2026-06-07 14:15:34,669 - INFO - 胜率差距: 1.0%
2026-06-07 14:15:34,669 - INFO - 防守统计: 总63110次, 平均14.02次/局
2026-06-07 14:15:34,669 - INFO - 参数: AI1 ε=0.012, lr=0.145
2026-06-07 14:15:34,669 - INFO -        AI2 ε=0.011, lr=0.082
2026-06-07 14:15:34,669 - INFO - ==================================================
2026-06-07 14:15:36,937 - INFO - 
⚖️ 平衡调整 #65: 差距<10% (拉开) 差距=5.0% 平局率=27.0% 保持
2026-06-07 14:15:36,937 - INFO -   AI1(强): ε 0.011→0.010, lr 0.145→0.148, 攻击权 0.95→0.95, 防守权 0.11→0.11, 进攻启发 0.0046→0.0046, 防守启发 0.0001→0.0001
2026-06-07 14:15:36,937 - INFO -   AI2(弱): ε 0.010→0.013, lr 0.082→0.080, 攻击权 0.95→0.95, 防守权 0.11→0.11, 进攻启发 0.0046→0.0046, 防守启发 0.0001→0.0001
2026-06-07 14:15:40,321 - INFO - 
⚖️ 平衡调整 #66: 微调 差距=16.0% 平局率=30.0% 保持
2026-06-07 14:15:40,321 - INFO -   AI1(强): ε 0.010→0.010, lr 0.148→0.149, 攻击权 0.95→0.95, 防守权 0.11→0.11, 进攻启发 0.0046→0.0046, 防守启发 0.0001→0.0001
2026-06-07 14:15:40,321 - INFO -   AI2(弱): ε 0.011→0.011, lr 0.080→0.082, 攻击权 0.95→0.95, 防守权 0.11→0.11, 进攻启发 0.0046→0.0046, 防守启发 0.0001→0.0001
2026-06-07 14:15:43,593 - INFO - 
⚖️ 平衡调整 #67: 差距>20% 差距=24.0% 平局率=26.0% 保持
2026-06-07 14:15:43,593 - INFO -   AI1(强): ε 0.010→0.009, lr 0.149→0.157, 攻击权 0.95→0.95, 防守权 0.11→0.11, 进攻启发 0.0046→0.0046, 防守启发 0.0001→0.0001
2026-06-07 14:15:43,593 - INFO -   AI2(弱): ε 0.010→0.010, lr 0.082→0.090, 攻击权 0.95→0.95, 防守权 0.11→0.11, 进攻启发 0.0046→0.0046, 防守启发 0.0001→0.0001
2026-06-07 14:15:46,983 - INFO - 
⚖️ 平衡调整 #68: 差距<10% (拉开) 差距=0.0% 平局率=28.0% 保持
2026-06-07 14:15:46,983 - INFO -   AI2(强): ε 0.010→0.009, lr 0.090→0.092, 攻击权 0.95→0.95, 防守权 0.11→0.11, 进攻启发 0.0046→0.0046, 防守启发 0.0001→0.0001
2026-06-07 14:15:46,983 - INFO -   AI1(弱): ε 0.010→0.013, lr 0.157→0.149, 攻击权 0.95→0.95, 防守权 0.11→0.11, 进攻启发 0.0046→0.0046, 防守启发 0.0001→0.0001
2026-06-07 14:15:50,322 - INFO - 
⚖️ 平衡调整 #69: 微调 差距=12.0% 平局率=30.0% 保持
2026-06-07 14:15:50,322 - INFO -   AI2(强): ε 0.010→0.010, lr 0.092→0.092, 攻击权 0.95→0.95, 防守权 0.11→0.11, 进攻启发 0.0046→0.0046, 防守启发 0.0001→0.0001
2026-06-07 14:15:50,322 - INFO -   AI1(弱): ε 0.011→0.011, lr 0.149→0.152, 攻击权 0.95→0.95, 防守权 0.11→0.11, 进攻启发 0.0046→0.0046, 防守启发 0.0001→0.0001
2026-06-07 14:15:53,893 - INFO - 
⚖️ 平衡调整 #70: 差距<10% (拉开) 差距=2.0% 平局率=32.0% 保持
2026-06-07 14:15:53,893 - INFO -   AI2(强): ε 0.010→0.009, lr 0.092→0.094, 攻击权 0.95→0.95, 防守权 0.11→0.11, 进攻启发 0.0046→0.0046, 防守启发 0.0001→0.0001
2026-06-07 14:15:53,893 - INFO -   AI1(弱): ε 0.010→0.013, lr 0.152→0.144, 攻击权 0.95→0.95, 防守权 0.11→0.11, 进攻启发 0.0046→0.0046, 防守启发 0.0001→0.0001
2026-06-07 14:15:57,277 - INFO - 
⚖️ 平衡调整 #71: 微调 差距=12.0% 平局率=36.0% 保持
2026-06-07 14:15:57,277 - INFO -   AI1(强): ε 0.011→0.011, lr 0.144→0.146, 攻击权 0.95→0.95, 防守权 0.11→0.11, 进攻启发 0.0046→0.0046, 防守启发 0.0001→0.0001
2026-06-07 14:15:57,277 - INFO -   AI2(弱): ε 0.010→0.010, lr 0.094→0.096, 攻击权 0.95→0.95, 防守权 0.11→0.11, 进攻启发 0.0046→0.0046, 防守启发 0.0001→0.0001
2026-06-07 14:15:58,739 - INFO - 
==================================================
2026-06-07 14:15:58,739 - INFO - 第 5000/10000 局 (50.0%)
2026-06-07 14:15:58,739 - INFO - 速度: 15.7局/秒, 已用: 5.3分钟
2026-06-07 14:15:58,739 - INFO - 总战绩: AI1 1465胜, AI2 1570胜, 平局 1965
2026-06-07 14:15:58,739 - INFO - 近期100局: AI1 41.0%, AI2 24.0%, 平局 35.0%
2026-06-07 14:15:58,739 - INFO - 胜率差距: 17.0%
2026-06-07 14:15:58,739 - INFO - 防守统计: 总70497次, 平均14.10次/局
2026-06-07 14:15:58,739 - INFO - 参数: AI1 ε=0.010, lr=0.146
2026-06-07 14:15:58,740 - INFO -        AI2 ε=0.010, lr=0.096
2026-06-07 14:15:58,740 - INFO - ==================================================
2026-06-07 14:15:58,740 - INFO - 
📊 第 5000 局检查点 速度:15.7局/秒
2026-06-07 14:15:58,740 - INFO -   战绩: AI1 1465胜 AI2 1570胜 平局 1965
2026-06-07 14:15:58,740 - INFO -   胜率: AI1 29.3% AI2 31.4% 平局 39.3%
2026-06-07 14:15:58,740 - INFO -   差距:2.1% 防守:70497次
2026-06-07 14:15:58,875 - INFO - 模型已保存: AI1_point_5000_20260607_141558.pkl (1.53 MB, Q表:60670)
2026-06-07 14:15:59,016 - INFO - 模型已保存: AI2_point_5000_20260607_141558.pkl (1.53 MB, Q表:60753)
2026-06-07 14:16:00,103 - INFO -   统计图已保存: stats_ep5000.png
2026-06-07 14:16:02,140 - INFO - 
⚖️ 平衡调整 #72: 差距<10% (拉开) 差距=9.0% 平局率=37.0% 保持
2026-06-07 14:16:02,140 - INFO -   AI1(强): ε 0.010→0.009, lr 0.146→0.149, 攻击权 0.95→0.95, 防守权 0.11→0.11, 进攻启发 0.0046→0.0046, 防守启发 0.0001→0.0001
2026-06-07 14:16:02,141 - INFO -   AI2(弱): ε 0.010→0.013, lr 0.096→0.091, 攻击权 0.95→0.95, 防守权 0.11→0.11, 进攻启发 0.0046→0.0046, 防守启发 0.0001→0.0001
2026-06-07 14:16:05,697 - INFO - 
⚖️ 平衡调整 #73: 差距<10% (拉开) 差距=2.0% 平局率=44.0% 温和进攻
2026-06-07 14:16:05,697 - INFO -   AI1(强): ε 0.010→0.009, lr 0.149→0.152, 攻击权 0.95→0.95, 防守权 0.11→0.10, 进攻启发 0.0046→0.0048, 防守启发 0.0001→0.0001
2026-06-07 14:16:05,697 - INFO -   AI2(弱): ε 0.011→0.014, lr 0.091→0.087, 攻击权 0.95→0.95, 防守权 0.11→0.10, 进攻启发 0.0046→0.0048, 防守启发 0.0001→0.0001
2026-06-07 14:16:09,243 - INFO - 
⚖️ 平衡调整 #74: 微调 差距=13.0% 平局率=43.0% 温和进攻
2026-06-07 14:16:09,243 - INFO -   AI1(强): ε 0.010→0.010, lr 0.152→0.153, 攻击权 0.95→0.95, 防守权 0.10→0.10, 进攻启发 0.0048→0.0050, 防守启发 0.0001→0.0001
2026-06-07 14:16:09,243 - INFO -   AI2(弱): ε 0.012→0.012, lr 0.087→0.089, 攻击权 0.95→0.95, 防守权 0.10→0.10, 进攻启发 0.0048→0.0050, 防守启发 0.0001→0.0001
2026-06-07 14:16:12,492 - INFO - 
⚖️ 平衡调整 #75: 差距<10% (拉开) 差距=1.0% 平局率=33.0% 保持
2026-06-07 14:16:12,492 - INFO -   AI1(强): ε 0.010→0.009, lr 0.153→0.156, 攻击权 0.95→0.95, 防守权 0.10→0.10, 进攻启发 0.0050→0.0050, 防守启发 0.0001→0.0001
2026-06-07 14:16:12,492 - INFO -   AI2(弱): ε 0.010→0.013, lr 0.089→0.084, 攻击权 0.95→0.95, 防守权 0.10→0.10, 进攻启发 0.0050→0.0050, 防守启发 0.0001→0.0001
2026-06-07 14:16:15,993 - INFO - 
⚖️ 平衡调整 #76: 差距<10% (拉开) 差距=5.0% 平局率=35.0% 保持
2026-06-07 14:16:15,993 - INFO -   AI1(强): ε 0.010→0.009, lr 0.156→0.159, 攻击权 0.95→0.95, 防守权 0.10→0.10, 进攻启发 0.0050→0.0050, 防守启发 0.0001→0.0001
2026-06-07 14:16:15,993 - INFO -   AI2(弱): ε 0.011→0.014, lr 0.084→0.080, 攻击权 0.95→0.95, 防守权 0.10→0.10, 进攻启发 0.0050→0.0050, 防守启发 0.0001→0.0001
2026-06-07 14:16:19,263 - INFO - 
⚖️ 平衡调整 #77: 差距<10% (拉开) 差距=2.0% 平局率=30.0% 保持
2026-06-07 14:16:19,263 - INFO -   AI1(强): ε 0.010→0.009, lr 0.159→0.163, 攻击权 0.95→0.95, 防守权 0.10→0.10, 进攻启发 0.0050→0.0050, 防守启发 0.0001→0.0001
2026-06-07 14:16:19,263 - INFO -   AI2(弱): ε 0.012→0.016, lr 0.080→0.080, 攻击权 0.95→0.95, 防守权 0.10→0.10, 进攻启发 0.0050→0.0050, 防守启发 0.0001→0.0001
2026-06-07 14:16:22,559 - INFO - 
⚖️ 平衡调整 #78: 微调 差距=10.0% 平局率=28.0% 保持
2026-06-07 14:16:22,559 - INFO -   AI1(强): ε 0.010→0.010, lr 0.163→0.164, 攻击权 0.95→0.95, 防守权 0.10→0.10, 进攻启发 0.0050→0.0050, 防守启发 0.0001→0.0001
2026-06-07 14:16:22,559 - INFO -   AI2(弱): ε 0.014→0.014, lr 0.080→0.082, 攻击权 0.95→0.95, 防守权 0.10→0.10, 进攻启发 0.0050→0.0050, 防守启发 0.0001→0.0001
2026-06-07 14:16:24,488 - INFO - 
==================================================
2026-06-07 14:16:24,488 - INFO - 第 5500/10000 局 (55.0%)
2026-06-07 14:16:24,488 - INFO - 速度: 16.0局/秒, 已用: 5.7分钟
2026-06-07 14:16:24,488 - INFO - 总战绩: AI1 1638胜, AI2 1714胜, 平局 2148
2026-06-07 14:16:24,488 - INFO - 近期100局: AI1 37.0%, AI2 28.0%, 平局 35.0%
2026-06-07 14:16:24,488 - INFO - 胜率差距: 9.0%
2026-06-07 14:16:24,488 - INFO - 防守统计: 总78202次, 平均14.22次/局
2026-06-07 14:16:24,488 - INFO - 参数: AI1 ε=0.010, lr=0.164
2026-06-07 14:16:24,488 - INFO -        AI2 ε=0.012, lr=0.082
2026-06-07 14:16:24,488 - INFO - ==================================================
2026-06-07 14:16:25,860 - INFO - 
⚖️ 平衡调整 #79: 差距<10% (拉开) 差距=7.0% 平局率=33.0% 保持
2026-06-07 14:16:25,860 - INFO -   AI1(强): ε 0.010→0.009, lr 0.164→0.168, 攻击权 0.95→0.95, 防守权 0.10→0.10, 进攻启发 0.0050→0.0050, 防守启发 0.0001→0.0001
2026-06-07 14:16:25,860 - INFO -   AI2(弱): ε 0.011→0.015, lr 0.082→0.080, 攻击权 0.95→0.95, 防守权 0.10→0.10, 进攻启发 0.0050→0.0050, 防守启发 0.0001→0.0001
2026-06-07 14:16:29,054 - INFO - 
⚖️ 平衡调整 #80: 差距<10% (拉开) 差距=7.0% 平局率=25.0% 保持
2026-06-07 14:16:29,054 - INFO -   AI1(强): ε 0.010→0.009, lr 0.168→0.171, 攻击权 0.95→0.95, 防守权 0.10→0.10, 进攻启发 0.0050→0.0050, 防守启发 0.0001→0.0001
2026-06-07 14:16:29,054 - INFO -   AI2(弱): ε 0.012→0.016, lr 0.080→0.080, 攻击权 0.95→0.95, 防守权 0.10→0.10, 进攻启发 0.0050→0.0050, 防守启发 0.0001→0.0001
2026-06-07 14:16:32,580 - INFO - 
⚖️ 平衡调整 #81: 微调 差距=19.0% 平局率=37.0% 保持
2026-06-07 14:16:32,580 - INFO -   AI1(强): ε 0.010→0.010, lr 0.171→0.173, 攻击权 0.95→0.95, 防守权 0.10→0.10, 进攻启发 0.0050→0.0050, 防守启发 0.0001→0.0001
2026-06-07 14:16:32,580 - INFO -   AI2(弱): ε 0.014→0.014, lr 0.080→0.082, 攻击权 0.95→0.95, 防守权 0.10→0.10, 进攻启发 0.0050→0.0050, 防守启发 0.0001→0.0001
2026-06-07 14:16:36,079 - INFO - 
⚖️ 平衡调整 #82: 微调 差距=11.0% 平局率=37.0% 保持
2026-06-07 14:16:36,079 - INFO -   AI1(强): ε 0.010→0.010, lr 0.173→0.174, 攻击权 0.95→0.95, 防守权 0.10→0.10, 进攻启发 0.0050→0.0050, 防守启发 0.0001→0.0001
2026-06-07 14:16:36,079 - INFO -   AI2(弱): ε 0.012→0.012, lr 0.082→0.083, 攻击权 0.95→0.95, 防守权 0.10→0.10, 进攻启发 0.0050→0.0050, 防守启发 0.0001→0.0001
2026-06-07 14:16:39,495 - INFO - 
⚖️ 平衡调整 #83: 差距<10% (拉开) 差距=5.0% 平局率=35.0% 保持
2026-06-07 14:16:39,495 - INFO -   AI2(强): ε 0.010→0.009, lr 0.083→0.085, 攻击权 0.95→0.95, 防守权 0.10→0.10, 进攻启发 0.0050→0.0050, 防守启发 0.0001→0.0001
2026-06-07 14:16:39,495 - INFO -   AI1(弱): ε 0.010→0.013, lr 0.174→0.166, 攻击权 0.95→0.95, 防守权 0.10→0.10, 进攻启发 0.0050→0.0050, 防守启发 0.0001→0.0001
2026-06-07 14:16:42,708 - INFO - 
⚖️ 平衡调整 #84: 差距<10% (拉开) 差距=5.0% 平局率=33.0% 保持
2026-06-07 14:16:42,708 - INFO -   AI1(强): ε 0.011→0.010, lr 0.166→0.169, 攻击权 0.95→0.95, 防守权 0.10→0.10, 进攻启发 0.0050→0.0050, 防守启发 0.0001→0.0001
2026-06-07 14:16:42,708 - INFO -   AI2(弱): ε 0.010→0.013, lr 0.085→0.081, 攻击权 0.95→0.95, 防守权 0.10→0.10, 进攻启发 0.0050→0.0050, 防守启发 0.0001→0.0001
2026-06-07 14:16:46,054 - INFO - 
⚖️ 平衡调整 #85: 微调 差距=19.0% 平局率=31.0% 保持
2026-06-07 14:16:46,054 - INFO -   AI1(强): ε 0.010→0.010, lr 0.169→0.171, 攻击权 0.95→0.95, 防守权 0.10→0.10, 进攻启发 0.0050→0.0050, 防守启发 0.0001→0.0001
2026-06-07 14:16:46,054 - INFO -   AI2(弱): ε 0.011→0.011, lr 0.081→0.082, 攻击权 0.95→0.95, 防守权 0.10→0.10, 进攻启发 0.0050→0.0050, 防守启发 0.0001→0.0001
2026-06-07 14:16:48,415 - INFO - 
==================================================
2026-06-07 14:16:48,415 - INFO - 第 6000/10000 局 (60.0%)
2026-06-07 14:16:48,415 - INFO - 速度: 16.3局/秒, 已用: 6.1分钟
2026-06-07 14:16:48,415 - INFO - 总战绩: AI1 1828胜, AI2 1861胜, 平局 2311
2026-06-07 14:16:48,415 - INFO - 近期100局: AI1 45.0%, AI2 23.0%, 平局 32.0%
2026-06-07 14:16:48,415 - INFO - 胜率差距: 22.0%
2026-06-07 14:16:48,415 - INFO - 防守统计: 总85846次, 平均14.31次/局
2026-06-07 14:16:48,415 - INFO - 参数: AI1 ε=0.010, lr=0.171
2026-06-07 14:16:48,415 - INFO -        AI2 ε=0.010, lr=0.082
2026-06-07 14:16:48,415 - INFO - ==================================================
2026-06-07 14:16:49,350 - INFO - 
⚖️ 平衡调整 #86: 差距>20% 差距=23.0% 平局率=31.0% 保持
2026-06-07 14:16:49,350 - INFO -   AI1(强): ε 0.010→0.009, lr 0.171→0.179, 攻击权 0.95→0.95, 防守权 0.10→0.10, 进攻启发 0.0050→0.0050, 防守启发 0.0001→0.0001
2026-06-07 14:16:49,350 - INFO -   AI2(弱): ε 0.010→0.010, lr 0.082→0.090, 攻击权 0.95→0.95, 防守权 0.10→0.10, 进攻启发 0.0050→0.0050, 防守启发 0.0001→0.0001
2026-06-07 14:16:52,728 - INFO - 
⚖️ 平衡调整 #87: 差距>20% 差距=21.0% 平局率=33.0% 保持
2026-06-07 14:16:52,728 - INFO -   AI1(强): ε 0.010→0.009, lr 0.179→0.188, 攻击权 0.95→0.95, 防守权 0.10→0.10, 进攻启发 0.0050→0.0050, 防守启发 0.0001→0.0001
2026-06-07 14:16:52,728 - INFO -   AI2(弱): ε 0.010→0.010, lr 0.090→0.100, 攻击权 0.95→0.95, 防守权 0.10→0.10, 进攻启发 0.0050→0.0050, 防守启发 0.0001→0.0001
2026-06-07 14:16:56,043 - INFO - 
⚖️ 平衡调整 #88: 微调 差距=11.0% 平局率=35.0% 保持
2026-06-07 14:16:56,043 - INFO -   AI1(强): ε 0.010→0.010, lr 0.188→0.190, 攻击权 0.95→0.95, 防守权 0.10→0.10, 进攻启发 0.0050→0.0050, 防守启发 0.0001→0.0001
2026-06-07 14:16:56,043 - INFO -   AI2(弱): ε 0.010→0.010, lr 0.100→0.102, 攻击权 0.95→0.95, 防守权 0.10→0.10, 进攻启发 0.0050→0.0050, 防守启发 0.0001→0.0001
2026-06-07 14:16:59,359 - INFO - 
⚖️ 平衡调整 #89: 差距<10% (拉开) 差距=1.0% 平局率=33.0% 保持
2026-06-07 14:16:59,359 - INFO -   AI2(强): ε 0.010→0.009, lr 0.102→0.104, 攻击权 0.95→0.95, 防守权 0.10→0.10, 进攻启发 0.0050→0.0050, 防守启发 0.0001→0.0001
2026-06-07 14:16:59,359 - INFO -   AI1(弱): ε 0.010→0.013, lr 0.190→0.180, 攻击权 0.95→0.95, 防守权 0.10→0.10, 进攻启发 0.0050→0.0050, 防守启发 0.0001→0.0001
2026-06-07 14:17:02,842 - INFO - 
⚖️ 平衡调整 #90: 差距<10% (拉开) 差距=4.0% 平局率=40.0% 保持
2026-06-07 14:17:02,842 - INFO -   AI1(强): ε 0.011→0.010, lr 0.180→0.184, 攻击权 0.95→0.95, 防守权 0.10→0.10, 进攻启发 0.0050→0.0050, 防守启发 0.0001→0.0001
2026-06-07 14:17:02,842 - INFO -   AI2(弱): ε 0.010→0.013, lr 0.104→0.098, 攻击权 0.95→0.95, 防守权 0.10→0.10, 进攻启发 0.0050→0.0050, 防守启发 0.0001→0.0001
2026-06-07 14:17:06,175 - INFO - 
⚖️ 平衡调整 #91: 差距<10% (拉开) 差距=4.0% 平局率=38.0% 保持
2026-06-07 14:17:06,175 - INFO -   AI2(强): ε 0.011→0.010, lr 0.098→0.100, 攻击权 0.95→0.95, 防守权 0.10→0.10, 进攻启发 0.0050→0.0050, 防守启发 0.0001→0.0001
2026-06-07 14:17:06,175 - INFO -   AI1(弱): ε 0.010→0.013, lr 0.184→0.175, 攻击权 0.95→0.95, 防守权 0.10→0.10, 进攻启发 0.0050→0.0050, 防守启发 0.0001→0.0001
2026-06-07 14:17:09,455 - INFO - 
⚖️ 平衡调整 #92: 差距<10% (拉开) 差距=2.0% 平局率=28.0% 保持
2026-06-07 14:17:09,455 - INFO -   AI1(强): ε 0.011→0.010, lr 0.175→0.178, 攻击权 0.95→0.95, 防守权 0.10→0.10, 进攻启发 0.0050→0.0050, 防守启发 0.0001→0.0001
2026-06-07 14:17:09,455 - INFO -   AI2(弱): ε 0.010→0.013, lr 0.100→0.095, 攻击权 0.95→0.95, 防守权 0.10→0.10, 进攻启发 0.0050→0.0050, 防守启发 0.0001→0.0001
2026-06-07 14:17:12,134 - INFO - 
==================================================
2026-06-07 14:17:12,134 - INFO - 第 6500/10000 局 (65.0%)
2026-06-07 14:17:12,134 - INFO - 速度: 16.6局/秒, 已用: 6.5分钟
2026-06-07 14:17:12,134 - INFO - 总战绩: AI1 2008胜, AI2 2012胜, 平局 2480
2026-06-07 14:17:12,134 - INFO - 近期100局: AI1 39.0%, AI2 30.0%, 平局 31.0%
2026-06-07 14:17:12,134 - INFO - 胜率差距: 9.0%
2026-06-07 14:17:12,134 - INFO - 防守统计: 总93438次, 平均14.38次/局
2026-06-07 14:17:12,134 - INFO - 参数: AI1 ε=0.010, lr=0.178
2026-06-07 14:17:12,134 - INFO -        AI2 ε=0.011, lr=0.095
2026-06-07 14:17:12,134 - INFO - ==================================================
2026-06-07 14:17:12,581 - INFO - 
⚖️ 平衡调整 #93: 微调 差距=13.0% 平局率=31.0% 保持
2026-06-07 14:17:12,581 - INFO -   AI1(强): ε 0.010→0.010, lr 0.178→0.180, 攻击权 0.95→0.95, 防守权 0.10→0.10, 进攻启发 0.0050→0.0050, 防守启发 0.0001→0.0001
2026-06-07 14:17:12,581 - INFO -   AI2(弱): ε 0.011→0.011, lr 0.095→0.097, 攻击权 0.95→0.95, 防守权 0.10→0.10, 进攻启发 0.0050→0.0050, 防守启发 0.0001→0.0001
2026-06-07 14:17:15,936 - INFO - 
⚖️ 平衡调整 #94: 差距<10% (拉开) 差距=6.0% 平局率=36.0% 保持
2026-06-07 14:17:15,936 - INFO -   AI1(强): ε 0.010→0.009, lr 0.180→0.184, 攻击权 0.95→0.95, 防守权 0.10→0.10, 进攻启发 0.0050→0.0050, 防守启发 0.0001→0.0001
2026-06-07 14:17:15,936 - INFO -   AI2(弱): ε 0.010→0.013, lr 0.097→0.092, 攻击权 0.95→0.95, 防守权 0.10→0.10, 进攻启发 0.0050→0.0050, 防守启发 0.0001→0.0001
2026-06-07 14:17:19,254 - INFO - 
⚖️ 平衡调整 #95: 差距<10% (拉开) 差距=1.0% 平局率=35.0% 保持
2026-06-07 14:17:19,254 - INFO -   AI2(强): ε 0.011→0.010, lr 0.092→0.094, 攻击权 0.95→0.95, 防守权 0.10→0.10, 进攻启发 0.0050→0.0050, 防守启发 0.0001→0.0001
2026-06-07 14:17:19,254 - INFO -   AI1(弱): ε 0.010→0.013, lr 0.184→0.175, 攻击权 0.95→0.95, 防守权 0.10→0.10, 进攻启发 0.0050→0.0050, 防守启发 0.0001→0.0001
2026-06-07 14:17:22,575 - INFO - 
⚖️ 平衡调整 #96: 差距<10% (拉开) 差距=2.0% 平局率=30.0% 保持
2026-06-07 14:17:22,575 - INFO -   AI2(强): ε 0.010→0.009, lr 0.094→0.096, 攻击权 0.95→0.95, 防守权 0.10→0.10, 进攻启发 0.0050→0.0050, 防守启发 0.0001→0.0001
2026-06-07 14:17:22,575 - INFO -   AI1(弱): ε 0.011→0.014, lr 0.175→0.166, 攻击权 0.95→0.95, 防守权 0.10→0.10, 进攻启发 0.0050→0.0050, 防守启发 0.0001→0.0001
2026-06-07 14:17:25,950 - INFO - 
⚖️ 平衡调整 #97: 微调 差距=11.0% 平局率=35.0% 保持
2026-06-07 14:17:25,951 - INFO -   AI1(强): ε 0.012→0.012, lr 0.166→0.168, 攻击权 0.95→0.95, 防守权 0.10→0.10, 进攻启发 0.0050→0.0050, 防守启发 0.0001→0.0001
2026-06-07 14:17:25,951 - INFO -   AI2(弱): ε 0.010→0.010, lr 0.096→0.098, 攻击权 0.95→0.95, 防守权 0.10→0.10, 进攻启发 0.0050→0.0050, 防守启发 0.0001→0.0001
2026-06-07 14:17:29,279 - INFO - 
⚖️ 平衡调整 #98: 差距<10% (拉开) 差距=1.0% 平局率=29.0% 保持
2026-06-07 14:17:29,279 - INFO -   AI1(强): ε 0.010→0.009, lr 0.168→0.171, 攻击权 0.95→0.95, 防守权 0.10→0.10, 进攻启发 0.0050→0.0050, 防守启发 0.0001→0.0001
2026-06-07 14:17:29,279 - INFO -   AI2(弱): ε 0.010→0.013, lr 0.098→0.093, 攻击权 0.95→0.95, 防守权 0.10→0.10, 进攻启发 0.0050→0.0050, 防守启发 0.0001→0.0001
2026-06-07 14:17:32,772 - INFO - 
⚖️ 平衡调整 #99: 微调 差距=10.0% 平局率=38.0% 保持
2026-06-07 14:17:32,772 - INFO -   AI1(强): ε 0.010→0.010, lr 0.171→0.173, 攻击权 0.95→0.95, 防守权 0.10→0.10, 进攻启发 0.0050→0.0050, 防守启发 0.0001→0.0001
2026-06-07 14:17:32,772 - INFO -   AI2(弱): ε 0.011→0.011, lr 0.093→0.095, 攻击权 0.95→0.95, 防守权 0.10→0.10, 进攻启发 0.0050→0.0050, 防守启发 0.0001→0.0001
2026-06-07 14:17:36,221 - INFO - 
⚖️ 平衡调整 #100: 差距<10% (拉开) 差距=7.0% 平局率=41.0% 温和进攻
2026-06-07 14:17:36,221 - INFO -   AI1(强): ε 0.010→0.009, lr 0.173→0.176, 攻击权 0.95→0.95, 防守权 0.10→0.09, 进攻启发 0.0050→0.0053, 防守启发 0.0001→0.0001
2026-06-07 14:17:36,221 - INFO -   AI2(弱): ε 0.010→0.013, lr 0.095→0.090, 攻击权 0.95→0.95, 防守权 0.10→0.09, 进攻启发 0.0050→0.0053, 防守启发 0.0001→0.0001
2026-06-07 14:17:36,221 - INFO - 
==================================================
2026-06-07 14:17:36,221 - INFO - 第 7000/10000 局 (70.0%)
2026-06-07 14:17:36,221 - INFO - 速度: 16.8局/秒, 已用: 6.9分钟
2026-06-07 14:17:36,221 - INFO - 总战绩: AI1 2184胜, AI2 2163胜, 平局 2653
2026-06-07 14:17:36,221 - INFO - 近期100局: AI1 33.0%, AI2 26.0%, 平局 41.0%
2026-06-07 14:17:36,222 - INFO - 胜率差距: 7.0%
2026-06-07 14:17:36,222 - INFO - 防守统计: 总101104次, 平均14.44次/局
2026-06-07 14:17:36,222 - INFO - 参数: AI1 ε=0.009, lr=0.176
2026-06-07 14:17:36,222 - INFO -        AI2 ε=0.013, lr=0.090
2026-06-07 14:17:36,222 - INFO - ==================================================
2026-06-07 14:17:39,653 - INFO - 
⚖️ 平衡调整 #101: 差距<10% (拉开) 差距=9.0% 平局率=37.0% 保持
2026-06-07 14:17:39,653 - INFO -   AI1(强): ε 0.010→0.009, lr 0.176→0.180, 攻击权 0.95→0.95, 防守权 0.09→0.09, 进攻启发 0.0053→0.0053, 防守启发 0.0001→0.0001
2026-06-07 14:17:39,653 - INFO -   AI2(弱): ε 0.011→0.014, lr 0.090→0.086, 攻击权 0.95→0.95, 防守权 0.09→0.09, 进攻启发 0.0053→0.0053, 防守启发 0.0001→0.0001
2026-06-07 14:17:43,086 - INFO - 
⚖️ 平衡调整 #102: 差距<10% (拉开) 差距=3.0% 平局率=33.0% 保持
2026-06-07 14:17:43,086 - INFO -   AI2(强): ε 0.012→0.011, lr 0.086→0.087, 攻击权 0.95→0.95, 防守权 0.09→0.09, 进攻启发 0.0053→0.0053, 防守启发 0.0001→0.0001
2026-06-07 14:17:43,086 - INFO -   AI1(弱): ε 0.010→0.013, lr 0.180→0.171, 攻击权 0.95→0.95, 防守权 0.09→0.09, 进攻启发 0.0053→0.0053, 防守启发 0.0001→0.0001
2026-06-07 14:17:46,344 - INFO - 
⚖️ 平衡调整 #103: 差距<10% (拉开) 差距=0.0% 平局率=30.0% 保持
2026-06-07 14:17:46,344 - INFO -   AI2(强): ε 0.010→0.009, lr 0.087→0.089, 攻击权 0.95→0.95, 防守权 0.09→0.09, 进攻启发 0.0053→0.0053, 防守启发 0.0001→0.0001
2026-06-07 14:17:46,345 - INFO -   AI1(弱): ε 0.011→0.014, lr 0.171→0.162, 攻击权 0.95→0.95, 防守权 0.09→0.09, 进攻启发 0.0053→0.0053, 防守启发 0.0001→0.0001
2026-06-07 14:17:49,761 - INFO - 
⚖️ 平衡调整 #104: 差距<10% (拉开) 差距=9.0% 平局率=33.0% 保持
2026-06-07 14:17:49,761 - INFO -   AI1(强): ε 0.012→0.011, lr 0.162→0.165, 攻击权 0.95→0.95, 防守权 0.09→0.09, 进攻启发 0.0053→0.0053, 防守启发 0.0001→0.0001
2026-06-07 14:17:49,761 - INFO -   AI2(弱): ε 0.010→0.013, lr 0.089→0.085, 攻击权 0.95→0.95, 防守权 0.09→0.09, 进攻启发 0.0053→0.0053, 防守启发 0.0001→0.0001
2026-06-07 14:17:53,205 - INFO - 
⚖️ 平衡调整 #105: 差距<10% (拉开) 差距=8.0% 平局率=36.0% 保持
2026-06-07 14:17:53,205 - INFO -   AI2(强): ε 0.011→0.010, lr 0.085→0.086, 攻击权 0.95→0.95, 防守权 0.09→0.09, 进攻启发 0.0053→0.0053, 防守启发 0.0001→0.0001
2026-06-07 14:17:53,205 - INFO -   AI1(弱): ε 0.010→0.013, lr 0.165→0.157, 攻击权 0.95→0.95, 防守权 0.09→0.09, 进攻启发 0.0053→0.0053, 防守启发 0.0001→0.0001
2026-06-07 14:17:56,455 - INFO - 
⚖️ 平衡调整 #106: 差距<10% (拉开) 差距=2.0% 平局率=30.0% 保持
2026-06-07 14:17:56,455 - INFO -   AI2(强): ε 0.010→0.009, lr 0.086→0.088, 攻击权 0.95→0.95, 防守权 0.09→0.09, 进攻启发 0.0053→0.0053, 防守启发 0.0001→0.0001
2026-06-07 14:17:56,455 - INFO -   AI1(弱): ε 0.011→0.014, lr 0.157→0.149, 攻击权 0.95→0.95, 防守权 0.09→0.09, 进攻启发 0.0053→0.0053, 防守启发 0.0001→0.0001
2026-06-07 14:17:59,770 - INFO - 
⚖️ 平衡调整 #107: 差距<10% (拉开) 差距=5.0% 平局率=29.0% 保持
2026-06-07 14:17:59,770 - INFO -   AI1(强): ε 0.012→0.010, lr 0.149→0.152, 攻击权 0.95→0.95, 防守权 0.09→0.09, 进攻启发 0.0053→0.0053, 防守启发 0.0001→0.0001
2026-06-07 14:17:59,770 - INFO -   AI2(弱): ε 0.010→0.013, lr 0.088→0.084, 攻击权 0.95→0.95, 防守权 0.09→0.09, 进攻启发 0.0053→0.0053, 防守启发 0.0001→0.0001
2026-06-07 14:18:00,258 - INFO - 
==================================================
2026-06-07 14:18:00,259 - INFO - 第 7500/10000 局 (75.0%)
2026-06-07 14:18:00,259 - INFO - 速度: 17.0局/秒, 已用: 7.3分钟
2026-06-07 14:18:00,259 - INFO - 总战绩: AI1 2358胜, AI2 2329胜, 平局 2813
2026-06-07 14:18:00,259 - INFO - 近期100局: AI1 38.0%, AI2 35.0%, 平局 27.0%
2026-06-07 14:18:00,259 - INFO - 胜率差距: 3.0%
2026-06-07 14:18:00,259 - INFO - 防守统计: 总108747次, 平均14.50次/局
2026-06-07 14:18:00,259 - INFO - 参数: AI1 ε=0.010, lr=0.152
2026-06-07 14:18:00,259 - INFO -        AI2 ε=0.013, lr=0.084
2026-06-07 14:18:00,259 - INFO - ==================================================
2026-06-07 14:18:02,988 - INFO - 
⚖️ 平衡调整 #108: 差距<10% (拉开) 差距=0.0% 平局率=26.0% 保持
2026-06-07 14:18:02,988 - INFO -   AI2(强): ε 0.011→0.010, lr 0.084→0.085, 攻击权 0.95→0.95, 防守权 0.09→0.09, 进攻启发 0.0053→0.0053, 防守启发 0.0001→0.0001
2026-06-07 14:18:02,988 - INFO -   AI1(弱): ε 0.010→0.013, lr 0.152→0.145, 攻击权 0.95→0.95, 防守权 0.09→0.09, 进攻启发 0.0053→0.0053, 防守启发 0.0001→0.0001
2026-06-07 14:18:06,380 - INFO - 
⚖️ 平衡调整 #109: 差距<10% (拉开) 差距=5.0% 平局率=27.0% 保持
2026-06-07 14:18:06,380 - INFO -   AI2(强): ε 0.010→0.009, lr 0.085→0.087, 攻击权 0.95→0.95, 防守权 0.09→0.09, 进攻启发 0.0053→0.0053, 防守启发 0.0001→0.0001
2026-06-07 14:18:06,380 - INFO -   AI1(弱): ε 0.011→0.014, lr 0.145→0.137, 攻击权 0.95→0.95, 防守权 0.09→0.09, 进攻启发 0.0053→0.0053, 防守启发 0.0001→0.0001
2026-06-07 14:18:09,756 - INFO - 
⚖️ 平衡调整 #110: 差距<10% (拉开) 差距=6.0% 平局率=34.0% 保持
2026-06-07 14:18:09,756 - INFO -   AI2(强): ε 0.010→0.009, lr 0.087→0.089, 攻击权 0.95→0.95, 防守权 0.09→0.09, 进攻启发 0.0053→0.0053, 防守启发 0.0001→0.0001
2026-06-07 14:18:09,756 - INFO -   AI1(弱): ε 0.012→0.016, lr 0.137→0.130, 攻击权 0.95→0.95, 防守权 0.09→0.09, 进攻启发 0.0053→0.0053, 防守启发 0.0001→0.0001
2026-06-07 14:18:13,003 - INFO - 
⚖️ 平衡调整 #111: 差距<10% (拉开) 差距=2.0% 平局率=28.0% 保持
2026-06-07 14:18:13,003 - INFO -   AI2(强): ε 0.010→0.009, lr 0.089→0.091, 攻击权 0.95→0.95, 防守权 0.09→0.09, 进攻启发 0.0053→0.0053, 防守启发 0.0001→0.0001
2026-06-07 14:18:13,003 - INFO -   AI1(弱): ε 0.014→0.018, lr 0.130→0.124, 攻击权 0.95→0.95, 防守权 0.09→0.09, 进攻启发 0.0053→0.0053, 防守启发 0.0001→0.0001
2026-06-07 14:18:17,888 - INFO - 
⚖️ 平衡调整 #112: 差距<10% (拉开) 差距=5.0% 平局率=35.0% 保持
2026-06-07 14:18:17,888 - INFO -   AI1(强): ε 0.015→0.013, lr 0.124→0.126, 攻击权 0.95→0.95, 防守权 0.09→0.09, 进攻启发 0.0053→0.0053, 防守启发 0.0001→0.0001
2026-06-07 14:18:17,888 - INFO -   AI2(弱): ε 0.010→0.013, lr 0.091→0.086, 攻击权 0.95→0.95, 防守权 0.09→0.09, 进攻启发 0.0053→0.0053, 防守启发 0.0001→0.0001
2026-06-07 14:18:21,550 - INFO - 
⚖️ 平衡调整 #113: 差距<10% (拉开) 差距=3.0% 平局率=41.0% 温和进攻
2026-06-07 14:18:21,550 - INFO -   AI1(强): ε 0.011→0.010, lr 0.126→0.129, 攻击权 0.95→0.95, 防守权 0.09→0.09, 进攻启发 0.0053→0.0056, 防守启发 0.0001→0.0001
2026-06-07 14:18:21,550 - INFO -   AI2(弱): ε 0.011→0.014, lr 0.086→0.082, 攻击权 0.95→0.95, 防守权 0.09→0.09, 进攻启发 0.0053→0.0056, 防守启发 0.0001→0.0001
2026-06-07 14:18:25,079 - INFO - 
⚖️ 平衡调整 #114: 差距<10% (拉开) 差距=1.0% 平局率=39.0% 保持
2026-06-07 14:18:25,079 - INFO -   AI2(强): ε 0.012→0.011, lr 0.082→0.083, 攻击权 0.95→0.95, 防守权 0.09→0.09, 进攻启发 0.0056→0.0056, 防守启发 0.0001→0.0001
2026-06-07 14:18:25,079 - INFO -   AI1(弱): ε 0.010→0.013, lr 0.129→0.122, 攻击权 0.95→0.95, 防守权 0.09→0.09, 进攻启发 0.0056→0.0056, 防守启发 0.0001→0.0001
2026-06-07 14:18:26,099 - INFO - 
==================================================
2026-06-07 14:18:26,100 - INFO - 第 8000/10000 局 (80.0%)
2026-06-07 14:18:26,100 - INFO - 速度: 17.2局/秒, 已用: 7.8分钟
2026-06-07 14:18:26,100 - INFO - 总战绩: AI1 2525胜, AI2 2496胜, 平局 2979
2026-06-07 14:18:26,100 - INFO - 近期100局: AI1 31.0%, AI2 31.0%, 平局 38.0%
2026-06-07 14:18:26,100 - INFO - 胜率差距: 0.0%
2026-06-07 14:18:26,100 - INFO - 防守统计: 总116637次, 平均14.58次/局
2026-06-07 14:18:26,100 - INFO - 参数: AI1 ε=0.012, lr=0.122
2026-06-07 14:18:26,100 - INFO -        AI2 ε=0.010, lr=0.083
2026-06-07 14:18:26,100 - INFO - ==================================================
2026-06-07 14:18:28,317 - INFO - 
⚖️ 平衡调整 #115: 差距<10% (拉开) 差距=4.0% 平局率=32.0% 保持
2026-06-07 14:18:28,317 - INFO -   AI2(强): ε 0.010→0.009, lr 0.083→0.085, 攻击权 0.95→0.95, 防守权 0.09→0.09, 进攻启发 0.0056→0.0056, 防守启发 0.0001→0.0001
2026-06-07 14:18:28,317 - INFO -   AI1(弱): ε 0.011→0.014, lr 0.122→0.116, 攻击权 0.95→0.95, 防守权 0.09→0.09, 进攻启发 0.0056→0.0056, 防守启发 0.0001→0.0001
2026-06-07 14:18:31,918 - INFO - 
⚖️ 平衡调整 #116: 差距<10% (拉开) 差距=0.0% 平局率=28.0% 保持
2026-06-07 14:18:31,918 - INFO -   AI2(强): ε 0.010→0.009, lr 0.085→0.087, 攻击权 0.95→0.95, 防守权 0.09→0.09, 进攻启发 0.0056→0.0056, 防守启发 0.0001→0.0001
2026-06-07 14:18:31,918 - INFO -   AI1(弱): ε 0.012→0.016, lr 0.116→0.111, 攻击权 0.95→0.95, 防守权 0.09→0.09, 进攻启发 0.0056→0.0056, 防守启发 0.0001→0.0001
2026-06-07 14:18:35,152 - INFO - 
⚖️ 平衡调整 #117: 差距<10% (拉开) 差距=4.0% 平局率=30.0% 保持
2026-06-07 14:18:35,152 - INFO -   AI1(强): ε 0.013→0.012, lr 0.111→0.113, 攻击权 0.95→0.95, 防守权 0.09→0.09, 进攻启发 0.0056→0.0056, 防守启发 0.0001→0.0001
2026-06-07 14:18:35,152 - INFO -   AI2(弱): ε 0.010→0.013, lr 0.087→0.082, 攻击权 0.95→0.95, 防守权 0.09→0.09, 进攻启发 0.0056→0.0056, 防守启发 0.0001→0.0001
2026-06-07 14:18:38,402 - INFO - 
⚖️ 平衡调整 #118: 差距<10% (拉开) 差距=1.0% 平局率=31.0% 保持
2026-06-07 14:18:38,403 - INFO -   AI2(强): ε 0.011→0.010, lr 0.082→0.084, 攻击权 0.95→0.95, 防守权 0.09→0.09, 进攻启发 0.0056→0.0056, 防守启发 0.0001→0.0001
2026-06-07 14:18:38,403 - INFO -   AI1(弱): ε 0.010→0.013, lr 0.113→0.107, 攻击权 0.95→0.95, 防守权 0.09→0.09, 进攻启发 0.0056→0.0056, 防守启发 0.0001→0.0001
2026-06-07 14:18:41,793 - INFO - 
⚖️ 平衡调整 #119: 差距<10% (拉开) 差距=4.0% 平局率=32.0% 保持
2026-06-07 14:18:41,793 - INFO -   AI1(强): ε 0.011→0.010, lr 0.107→0.109, 攻击权 0.95→0.95, 防守权 0.09→0.09, 进攻启发 0.0056→0.0056, 防守启发 0.0001→0.0001
2026-06-07 14:18:41,793 - INFO -   AI2(弱): ε 0.010→0.013, lr 0.084→0.080, 攻击权 0.95→0.95, 防守权 0.09→0.09, 进攻启发 0.0056→0.0056, 防守启发 0.0001→0.0001
2026-06-07 14:18:45,063 - INFO - 
⚖️ 平衡调整 #120: 差距<10% (拉开) 差距=1.0% 平局率=35.0% 保持
2026-06-07 14:18:45,063 - INFO -   AI1(强): ε 0.010→0.009, lr 0.109→0.111, 攻击权 0.95→0.95, 防守权 0.09→0.09, 进攻启发 0.0056→0.0056, 防守启发 0.0001→0.0001
2026-06-07 14:18:45,063 - INFO -   AI2(弱): ε 0.011→0.014, lr 0.080→0.080, 攻击权 0.95→0.95, 防守权 0.09→0.09, 进攻启发 0.0056→0.0056, 防守启发 0.0001→0.0001
2026-06-07 14:18:48,489 - INFO - 
⚖️ 平衡调整 #121: 差距<10% (拉开) 差距=0.0% 平局率=42.0% 温和进攻
2026-06-07 14:18:48,490 - INFO -   AI2(强): ε 0.012→0.011, lr 0.080→0.082, 攻击权 0.95→0.95, 防守权 0.09→0.09, 进攻启发 0.0056→0.0058, 防守启发 0.0001→0.0001
2026-06-07 14:18:48,490 - INFO -   AI1(弱): ε 0.010→0.013, lr 0.111→0.106, 攻击权 0.95→0.95, 防守权 0.09→0.09, 进攻启发 0.0056→0.0058, 防守启发 0.0001→0.0001
2026-06-07 14:18:49,939 - INFO - 
==================================================
2026-06-07 14:18:49,939 - INFO - 第 8500/10000 局 (85.0%)
2026-06-07 14:18:49,939 - INFO - 速度: 17.4局/秒, 已用: 8.2分钟
2026-06-07 14:18:49,939 - INFO - 总战绩: AI1 2699胜, AI2 2663胜, 平局 3138
2026-06-07 14:18:49,939 - INFO - 近期100局: AI1 30.0%, AI2 31.0%, 平局 39.0%
2026-06-07 14:18:49,939 - INFO - 胜率差距: 1.0%
2026-06-07 14:18:49,939 - INFO - 防守统计: 总124208次, 平均14.61次/局
2026-06-07 14:18:49,939 - INFO - 参数: AI1 ε=0.012, lr=0.106
2026-06-07 14:18:49,939 - INFO -        AI2 ε=0.010, lr=0.082
2026-06-07 14:18:49,939 - INFO - ==================================================
2026-06-07 14:18:51,859 - INFO - 
⚖️ 平衡调整 #122: 差距<10% (拉开) 差距=4.0% 平局率=36.0% 保持
2026-06-07 14:18:51,859 - INFO -   AI1(强): ε 0.011→0.010, lr 0.106→0.108, 攻击权 0.95→0.95, 防守权 0.09→0.09, 进攻启发 0.0058→0.0058, 防守启发 0.0001→0.0001
2026-06-07 14:18:51,859 - INFO -   AI2(弱): ε 0.010→0.013, lr 0.082→0.080, 攻击权 0.95→0.95, 防守权 0.09→0.09, 进攻启发 0.0058→0.0058, 防守启发 0.0001→0.0001
2026-06-07 14:18:55,058 - INFO - 
⚖️ 平衡调整 #123: 微调 差距=11.0% 平局率=29.0% 保持
2026-06-07 14:18:55,058 - INFO -   AI1(强): ε 0.010→0.010, lr 0.108→0.109, 攻击权 0.95→0.95, 防守权 0.09→0.09, 进攻启发 0.0058→0.0058, 防守启发 0.0001→0.0001
2026-06-07 14:18:55,058 - INFO -   AI2(弱): ε 0.011→0.011, lr 0.080→0.082, 攻击权 0.95→0.95, 防守权 0.09→0.09, 进攻启发 0.0058→0.0058, 防守启发 0.0001→0.0001
2026-06-07 14:18:58,396 - INFO - 
⚖️ 平衡调整 #124: 差距<10% (拉开) 差距=2.0% 平局率=34.0% 保持
2026-06-07 14:18:58,396 - INFO -   AI1(强): ε 0.010→0.009, lr 0.109→0.111, 攻击权 0.95→0.95, 防守权 0.09→0.09, 进攻启发 0.0058→0.0058, 防守启发 0.0001→0.0001
2026-06-07 14:18:58,397 - INFO -   AI2(弱): ε 0.010→0.013, lr 0.082→0.080, 攻击权 0.95→0.95, 防守权 0.09→0.09, 进攻启发 0.0058→0.0058, 防守启发 0.0001→0.0001
2026-06-07 14:19:01,838 - INFO - 
⚖️ 平衡调整 #125: 差距<10% (拉开) 差距=4.0% 平局率=32.0% 保持
2026-06-07 14:19:01,838 - INFO -   AI1(强): ε 0.010→0.009, lr 0.111→0.113, 攻击权 0.95→0.95, 防守权 0.09→0.09, 进攻启发 0.0058→0.0058, 防守启发 0.0001→0.0001
2026-06-07 14:19:01,838 - INFO -   AI2(弱): ε 0.011→0.014, lr 0.080→0.080, 攻击权 0.95→0.95, 防守权 0.09→0.09, 进攻启发 0.0058→0.0058, 防守启发 0.0001→0.0001
2026-06-07 14:19:05,127 - INFO - 
⚖️ 平衡调整 #126: 差距<10% (拉开) 差距=7.0% 平局率=27.0% 保持
2026-06-07 14:19:05,127 - INFO -   AI1(强): ε 0.010→0.009, lr 0.113→0.116, 攻击权 0.95→0.95, 防守权 0.09→0.09, 进攻启发 0.0058→0.0058, 防守启发 0.0001→0.0001
2026-06-07 14:19:05,127 - INFO -   AI2(弱): ε 0.012→0.016, lr 0.080→0.080, 攻击权 0.95→0.95, 防守权 0.09→0.09, 进攻启发 0.0058→0.0058, 防守启发 0.0001→0.0001
2026-06-07 14:19:08,487 - INFO - 
⚖️ 平衡调整 #127: 差距<10% (拉开) 差距=5.0% 平局率=29.0% 保持
2026-06-07 14:19:08,487 - INFO -   AI1(强): ε 0.010→0.009, lr 0.116→0.118, 攻击权 0.95→0.95, 防守权 0.09→0.09, 进攻启发 0.0058→0.0058, 防守启发 0.0001→0.0001
2026-06-07 14:19:08,487 - INFO -   AI2(弱): ε 0.013→0.017, lr 0.080→0.080, 攻击权 0.95→0.95, 防守权 0.09→0.09, 进攻启发 0.0058→0.0058, 防守启发 0.0001→0.0001
2026-06-07 14:19:11,914 - INFO - 
⚖️ 平衡调整 #128: 差距<10% (拉开) 差距=3.0% 平局率=33.0% 保持
2026-06-07 14:19:11,915 - INFO -   AI2(强): ε 0.015→0.013, lr 0.080→0.082, 攻击权 0.95→0.95, 防守权 0.09→0.09, 进攻启发 0.0058→0.0058, 防守启发 0.0001→0.0001
2026-06-07 14:19:11,915 - INFO -   AI1(弱): ε 0.010→0.013, lr 0.118→0.112, 攻击权 0.95→0.95, 防守权 0.09→0.09, 进攻启发 0.0058→0.0058, 防守启发 0.0001→0.0001
2026-06-07 14:19:14,009 - INFO - 
==================================================
2026-06-07 14:19:14,009 - INFO - 第 9000/10000 局 (90.0%)
2026-06-07 14:19:14,009 - INFO - 速度: 17.5局/秒, 已用: 8.6分钟
2026-06-07 14:19:14,009 - INFO - 总战绩: AI1 2869胜, AI2 2826胜, 平局 3305
2026-06-07 14:19:14,009 - INFO - 近期100局: AI1 27.0%, AI2 34.0%, 平局 39.0%
2026-06-07 14:19:14,009 - INFO - 胜率差距: 7.0%
2026-06-07 14:19:14,009 - INFO - 防守统计: 总132020次, 平均14.67次/局
2026-06-07 14:19:14,009 - INFO - 参数: AI1 ε=0.012, lr=0.112
2026-06-07 14:19:14,009 - INFO -        AI2 ε=0.012, lr=0.082
2026-06-07 14:19:14,009 - INFO - ==================================================
2026-06-07 14:19:15,344 - INFO - 
⚖️ 平衡调整 #129: 微调 差距=12.0% 平局率=38.0% 保持
2026-06-07 14:19:15,344 - INFO -   AI2(强): ε 0.011→0.011, lr 0.082→0.082, 攻击权 0.95→0.95, 防守权 0.09→0.09, 进攻启发 0.0058→0.0058, 防守启发 0.0001→0.0001
2026-06-07 14:19:15,344 - INFO -   AI1(弱): ε 0.011→0.011, lr 0.112→0.114, 攻击权 0.95→0.95, 防守权 0.09→0.09, 进攻启发 0.0058→0.0058, 防守启发 0.0001→0.0001
2026-06-07 14:19:18,754 - INFO - 
⚖️ 平衡调整 #130: 差距<10% (拉开) 差距=2.0% 平局率=28.0% 保持
2026-06-07 14:19:18,754 - INFO -   AI2(强): ε 0.010→0.009, lr 0.082→0.084, 攻击权 0.95→0.95, 防守权 0.09→0.09, 进攻启发 0.0058→0.0058, 防守启发 0.0001→0.0001
2026-06-07 14:19:18,754 - INFO -   AI1(弱): ε 0.010→0.013, lr 0.114→0.109, 攻击权 0.95→0.95, 防守权 0.09→0.09, 进攻启发 0.0058→0.0058, 防守启发 0.0001→0.0001
2026-06-07 14:19:22,357 - INFO - 
⚖️ 平衡调整 #131: 差距<10% (拉开) 差距=1.0% 平局率=35.0% 保持
2026-06-07 14:19:22,357 - INFO -   AI2(强): ε 0.010→0.009, lr 0.084→0.086, 攻击权 0.95→0.95, 防守权 0.09→0.09, 进攻启发 0.0058→0.0058, 防守启发 0.0001→0.0001
2026-06-07 14:19:22,357 - INFO -   AI1(弱): ε 0.011→0.014, lr 0.109→0.103, 攻击权 0.95→0.95, 防守权 0.09→0.09, 进攻启发 0.0058→0.0058, 防守启发 0.0001→0.0001
2026-06-07 14:19:27,406 - INFO - 
⚖️ 平衡调整 #132: 微调 差距=11.0% 平局率=41.0% 温和进攻
2026-06-07 14:19:27,406 - INFO -   AI2(强): ε 0.010→0.010, lr 0.086→0.087, 攻击权 0.95→0.95, 防守权 0.09→0.08, 进攻启发 0.0058→0.0061, 防守启发 0.0001→0.0001
2026-06-07 14:19:27,406 - INFO -   AI1(弱): ε 0.012→0.012, lr 0.103→0.105, 攻击权 0.95→0.95, 防守权 0.09→0.08, 进攻启发 0.0058→0.0061, 防守启发 0.0001→0.0001
2026-06-07 14:19:32,781 - INFO - 
⚖️ 平衡调整 #133: 微调 差距=11.0% 平局率=37.0% 保持
2026-06-07 14:19:32,781 - INFO -   AI2(强): ε 0.010→0.010, lr 0.087→0.087, 攻击权 0.95→0.95, 防守权 0.08→0.08, 进攻启发 0.0061→0.0061, 防守启发 0.0001→0.0001
2026-06-07 14:19:32,781 - INFO -   AI1(弱): ε 0.010→0.010, lr 0.105→0.107, 攻击权 0.95→0.95, 防守权 0.08→0.08, 进攻启发 0.0061→0.0061, 防守启发 0.0001→0.0001
2026-06-07 14:19:38,309 - INFO - 
⚖️ 平衡调整 #134: 差距<10% (拉开) 差距=8.0% 平局率=36.0% 保持
2026-06-07 14:19:38,310 - INFO -   AI2(强): ε 0.010→0.009, lr 0.087→0.089, 攻击权 0.95→0.95, 防守权 0.08→0.08, 进攻启发 0.0061→0.0061, 防守启发 0.0001→0.0001
2026-06-07 14:19:38,310 - INFO -   AI1(弱): ε 0.010→0.013, lr 0.107→0.102, 攻击权 0.95→0.95, 防守权 0.08→0.08, 进攻启发 0.0061→0.0061, 防守启发 0.0001→0.0001
2026-06-07 14:19:43,732 - INFO - 
⚖️ 平衡调整 #135: 差距<10% (拉开) 差距=4.0% 平局率=38.0% 保持
2026-06-07 14:19:43,732 - INFO -   AI1(强): ε 0.011→0.010, lr 0.102→0.104, 攻击权 0.95→0.95, 防守权 0.08→0.08, 进攻启发 0.0061→0.0061, 防守启发 0.0001→0.0001
2026-06-07 14:19:43,732 - INFO -   AI2(弱): ε 0.010→0.013, lr 0.089→0.085, 攻击权 0.95→0.95, 防守权 0.08→0.08, 进攻启发 0.0061→0.0061, 防守启发 0.0001→0.0001
2026-06-07 14:19:47,848 - INFO - 
==================================================
2026-06-07 14:19:47,848 - INFO - 第 9500/10000 局 (95.0%)
2026-06-07 14:19:47,848 - INFO - 速度: 17.3局/秒, 已用: 9.1分钟
2026-06-07 14:19:47,848 - INFO - 总战绩: AI1 3027胜, AI2 2992胜, 平局 3481
2026-06-07 14:19:47,848 - INFO - 近期100局: AI1 35.0%, AI2 27.0%, 平局 38.0%
2026-06-07 14:19:47,848 - INFO - 胜率差距: 8.0%
2026-06-07 14:19:47,848 - INFO - 防守统计: 总139820次, 平均14.72次/局
2026-06-07 14:19:47,848 - INFO - 参数: AI1 ε=0.010, lr=0.104
2026-06-07 14:19:47,848 - INFO -        AI2 ε=0.012, lr=0.085
2026-06-07 14:19:47,849 - INFO - ==================================================
2026-06-07 14:19:49,699 - INFO - 
⚖️ 平衡调整 #136: 微调 差距=12.0% 平局率=40.0% 保持
2026-06-07 14:19:49,700 - INFO -   AI1(强): ε 0.010→0.010, lr 0.104→0.105, 攻击权 0.95→0.95, 防守权 0.08→0.08, 进攻启发 0.0061→0.0061, 防守启发 0.0001→0.0001
2026-06-07 14:19:49,700 - INFO -   AI2(弱): ε 0.011→0.011, lr 0.085→0.086, 攻击权 0.95→0.95, 防守权 0.08→0.08, 进攻启发 0.0061→0.0061, 防守启发 0.0001→0.0001
2026-06-07 14:19:55,270 - INFO - 
⚖️ 平衡调整 #137: 差距<10% (拉开) 差距=2.0% 平局率=34.0% 保持
2026-06-07 14:19:55,270 - INFO -   AI2(强): ε 0.010→0.009, lr 0.086→0.088, 攻击权 0.95→0.95, 防守权 0.08→0.08, 进攻启发 0.0061→0.0061, 防守启发 0.0001→0.0001
2026-06-07 14:19:55,270 - INFO -   AI1(弱): ε 0.010→0.013, lr 0.105→0.100, 攻击权 0.95→0.95, 防守权 0.08→0.08, 进攻启发 0.0061→0.0061, 防守启发 0.0001→0.0001
2026-06-07 14:20:00,424 - INFO - 
⚖️ 平衡调整 #138: 微调 差距=16.0% 平局率=26.0% 保持
2026-06-07 14:20:00,425 - INFO -   AI1(强): ε 0.011→0.011, lr 0.100→0.101, 攻击权 0.95→0.95, 防守权 0.08→0.08, 进攻启发 0.0061→0.0061, 防守启发 0.0001→0.0001
2026-06-07 14:20:00,425 - INFO -   AI2(弱): ε 0.010→0.010, lr 0.088→0.090, 攻击权 0.95→0.95, 防守权 0.08→0.08, 进攻启发 0.0061→0.0061, 防守启发 0.0001→0.0001
2026-06-07 14:20:05,967 - INFO - 
⚖️ 平衡调整 #139: 差距<10% (拉开) 差距=3.0% 平局率=31.0% 保持
2026-06-07 14:20:05,968 - INFO -   AI1(强): ε 0.010→0.009, lr 0.101→0.103, 攻击权 0.95→0.95, 防守权 0.08→0.08, 进攻启发 0.0061→0.0061, 防守启发 0.0001→0.0001
2026-06-07 14:20:05,968 - INFO -   AI2(弱): ε 0.010→0.013, lr 0.090→0.085, 攻击权 0.95→0.95, 防守权 0.08→0.08, 进攻启发 0.0061→0.0061, 防守启发 0.0001→0.0001
2026-06-07 14:20:11,115 - INFO - 
⚖️ 平衡调整 #140: 差距<10% (拉开) 差距=2.0% 平局率=36.0% 保持
2026-06-07 14:20:11,115 - INFO -   AI1(强): ε 0.010→0.009, lr 0.103→0.105, 攻击权 0.95→0.95, 防守权 0.08→0.08, 进攻启发 0.0061→0.0061, 防守启发 0.0001→0.0001
2026-06-07 14:20:11,115 - INFO -   AI2(弱): ε 0.011→0.014, lr 0.085→0.081, 攻击权 0.95→0.95, 防守权 0.08→0.08, 进攻启发 0.0061→0.0061, 防守启发 0.0001→0.0001
2026-06-07 14:20:15,024 - INFO - 
⚖️ 平衡调整 #141: 差距<10% (拉开) 差距=6.0% 平局率=34.0% 保持
2026-06-07 14:20:15,024 - INFO -   AI1(强): ε 0.010→0.009, lr 0.105→0.107, 攻击权 0.95→0.95, 防守权 0.08→0.08, 进攻启发 0.0061→0.0061, 防守启发 0.0001→0.0001
2026-06-07 14:20:15,024 - INFO -   AI2(弱): ε 0.012→0.016, lr 0.081→0.080, 攻击权 0.95→0.95, 防守权 0.08→0.08, 进攻启发 0.0061→0.0061, 防守启发 0.0001→0.0001
2026-06-07 14:20:18,824 - INFO - 
⚖️ 平衡调整 #142: 差距<10% (拉开) 差距=5.0% 平局率=27.0% 保持
2026-06-07 14:20:18,824 - INFO -   AI1(强): ε 0.010→0.009, lr 0.107→0.109, 攻击权 0.95→0.95, 防守权 0.08→0.08, 进攻启发 0.0061→0.0061, 防守启发 0.0001→0.0001
2026-06-07 14:20:18,824 - INFO -   AI2(弱): ε 0.013→0.017, lr 0.080→0.080, 攻击权 0.95→0.95, 防守权 0.08→0.08, 进攻启发 0.0061→0.0061, 防守启发 0.0001→0.0001
2026-06-07 14:20:22,027 - INFO - 
==================================================
2026-06-07 14:20:22,027 - INFO - 第 10000/10000 局 (100.0%)
2026-06-07 14:20:22,027 - INFO - 速度: 17.2局/秒, 已用: 9.7分钟
2026-06-07 14:20:22,027 - INFO - 总战绩: AI1 3215胜, AI2 3152胜, 平局 3633
2026-06-07 14:20:22,027 - INFO - 近期100局: AI1 42.0%, AI2 34.0%, 平局 24.0%
2026-06-07 14:20:22,027 - INFO - 胜率差距: 8.0%
2026-06-07 14:20:22,027 - INFO - 防守统计: 总147460次, 平均14.75次/局
2026-06-07 14:20:22,027 - INFO - 参数: AI1 ε=0.010, lr=0.109
2026-06-07 14:20:22,027 - INFO -        AI2 ε=0.015, lr=0.080
2026-06-07 14:20:22,027 - INFO - ==================================================
2026-06-07 14:20:22,499 - INFO - 模型已保存: AI1_final_10000_20260607_142022.pkl (2.32 MB, Q表:91600)
2026-06-07 14:20:22,815 - INFO - 模型已保存: AI2_final_10000_20260607_142022.pkl (2.32 MB, Q表:91664)
2026-06-07 14:20:23,592 - INFO -   统计图已保存: stats_ep10000.png
