[2026-07-20 16:07:26.053] [INFO] [System] 训练系统启动
[2026-07-20 16:07:45.273] [INFO] [Balance] Adjust #1: gap=2.0% draw=20.0% factor=0.99 | strong ε 0.313→0.282 lr 0.100→0.102 | weak ε 0.310→0.400 lr 0.100→0.095
[2026-07-20 16:07:53.186] [INFO] [Balance] Adjust #2: gap=41.0% draw=25.0% factor=0.98 | strong ε 0.199→0.159 lr 0.102→0.112 | weak ε 0.342→0.205 lr 0.095→0.114
[2026-07-20 16:07:53.186] [INFO] [Train] 进度: 200/10000 速度:13.2局/秒 胜率差距:41.0% ε1=0.205 ε2=0.159
[2026-07-20 16:07:53.190] [INFO] [Stats] Q-table stats: total_states=8109 (AI1=4043, AI2=4066), avg_access=1.1
[2026-07-20 16:08:02.709] [INFO] [Balance] Adjust #3: gap=12.0% draw=46.0% factor=1.04 | strong ε 0.120→0.120 lr 0.112→0.113 | weak ε 0.165→0.165 lr 0.114→0.116
[2026-07-20 16:08:12.020] [INFO] [Balance] Adjust #4: gap=5.0% draw=39.0% factor=1.03 | strong ε 0.128→0.115 lr 0.116→0.119 | weak ε 0.094→0.122 lr 0.113→0.108
[2026-07-20 16:08:12.020] [INFO] [Train] 进度: 400/10000 速度:11.8局/秒 胜率差距:5.0% ε1=0.115 ε2=0.122
[2026-07-20 16:08:12.033] [INFO] [Stats] Q-table stats: total_states=17601 (AI1=8785, AI2=8816), avg_access=1.1
[2026-07-20 16:08:21.489] [INFO] [Balance] Adjust #5: gap=11.0% draw=39.0% factor=1.02 | strong ε 0.089→0.089 lr 0.119→0.120 | weak ε 0.096→0.096 lr 0.108→0.110
[2026-07-20 16:08:31.625] [INFO] [Balance] Adjust #6: gap=9.0% draw=49.0% factor=1.11 | strong ε 0.069→0.062 lr 0.120→0.122 | weak ε 0.075→0.097 lr 0.110→0.104
[2026-07-20 16:08:31.625] [INFO] [Train] 进度: 600/10000 速度:11.2局/秒 胜率差距:9.0% ε1=0.062 ε2=0.097
[2026-07-20 16:08:31.638] [INFO] [Stats] Q-table stats: total_states=26665 (AI1=13321, AI2=13344), avg_access=1.1
[2026-07-20 16:08:45.261] [INFO] [Balance] Adjust #7: gap=1.0% draw=51.0% factor=1.23 | strong ε 0.048→0.043 lr 0.122→0.125 | weak ε 0.077→0.100 lr 0.104→0.099
[2026-07-20 16:08:57.323] [INFO] [Balance] Adjust #8: gap=16.0% draw=48.0% factor=1.33 | strong ε 0.031→0.031 lr 0.125→0.126 | weak ε 0.084→0.084 lr 0.099→0.101
[2026-07-20 16:08:57.323] [INFO] [Train] 进度: 800/10000 速度:10.1局/秒 胜率差距:16.0% ε1=0.031 ε2=0.084
[2026-07-20 16:08:57.350] [INFO] [Stats] Q-table stats: total_states=36099 (AI1=18054, AI2=18045), avg_access=1.1
[2026-07-20 16:09:12.380] [INFO] [Balance] Adjust #9: gap=39.0% draw=31.0% factor=1.20 | strong ε 0.022→0.019 lr 0.126→0.132 | weak ε 0.073→0.058 lr 0.101→0.111
[2026-07-20 16:09:28.201] [INFO] [Balance] Adjust #10: gap=27.0% draw=21.0% factor=1.19 | strong ε 0.014→0.013 lr 0.132→0.139 | weak ε 0.048→0.038 lr 0.111→0.122
[2026-07-20 16:09:28.201] [INFO] [Train] 进度: 1000/10000 速度:9.1局/秒 胜率差距:27.0% ε1=0.013 ε2=0.038
[2026-07-20 16:09:28.240] [INFO] [Stats] Q-table stats: total_states=42290 (AI1=21174, AI2=21116), avg_access=1.2
[2026-07-20 16:09:43.018] [INFO] [Balance] Adjust #11: gap=19.0% draw=13.0% factor=1.15 | strong ε 0.010→0.010 lr 0.139→0.140 | weak ε 0.032→0.032 lr 0.122→0.125
[2026-07-20 16:09:52.694] [INFO] [Balance] Adjust #12: gap=24.0% draw=8.0% factor=1.08 | strong ε 0.010→0.009 lr 0.140→0.147 | weak ε 0.026→0.021 lr 0.125→0.137
[2026-07-20 16:09:52.694] [INFO] [Train] 进度: 1200/10000 速度:8.9局/秒 胜率差距:24.0% ε1=0.009 ε2=0.021
[2026-07-20 16:09:52.723] [INFO] [Stats] Q-table stats: total_states=45821 (AI1=22957, AI2=22864), avg_access=1.2
[2026-07-20 16:10:04.594] [INFO] [Balance] Adjust #13: gap=10.0% draw=2.0% factor=0.98 | strong ε 0.010→0.010 lr 0.147→0.149 | weak ε 0.017→0.017 lr 0.137→0.140
[2026-07-20 16:10:17.898] [INFO] [Balance] Adjust #14: gap=1.0% draw=7.0% factor=0.92 | strong ε 0.010→0.009 lr 0.149→0.152 | weak ε 0.013→0.017 lr 0.140→0.133
[2026-07-20 16:10:17.898] [INFO] [Train] 进度: 1400/10000 速度:8.8局/秒 胜率差距:1.0% ε1=0.009 ε2=0.017
[2026-07-20 16:10:17.938] [INFO] [Stats] Q-table stats: total_states=47480 (AI1=23793, AI2=23687), avg_access=1.3
[2026-07-20 16:10:30.281] [INFO] [Balance] Adjust #15: gap=2.0% draw=6.0% factor=0.85 | strong ε 0.010→0.009 lr 0.152→0.155 | weak ε 0.013→0.017 lr 0.133→0.126
[2026-07-20 16:10:44.395] [INFO] [Balance] Adjust #16: gap=7.0% draw=9.0% factor=0.81 | strong ε 0.013→0.012 lr 0.126→0.129 | weak ε 0.010→0.013 lr 0.155→0.147
[2026-07-20 16:10:44.395] [INFO] [Train] 进度: 1600/10000 速度:8.6局/秒 胜率差距:7.0% ε1=0.013 ε2=0.012
[2026-07-20 16:10:44.431] [INFO] [Stats] Q-table stats: total_states=49095 (AI1=24605, AI2=24490), avg_access=1.4
[2026-07-20 16:11:01.608] [INFO] [Balance] Adjust #17: gap=5.0% draw=33.0% factor=0.80 | strong ε 0.010→0.009 lr 0.147→0.150 | weak ε 0.010→0.013 lr 0.129→0.122
[2026-07-20 16:11:19.588] [INFO] [Balance] Adjust #18: gap=4.0% draw=40.0% factor=0.80 | strong ε 0.010→0.009 lr 0.122→0.125 | weak ε 0.010→0.013 lr 0.150→0.142
[2026-07-20 16:11:19.588] [INFO] [Train] 进度: 1800/10000 速度:8.1局/秒 胜率差距:4.0% ε1=0.013 ε2=0.009
[2026-07-20 16:11:19.627] [INFO] [Stats] Q-table stats: total_states=55181 (AI1=27647, AI2=27534), avg_access=1.4
[2026-07-20 16:11:41.017] [INFO] [Balance] Adjust #19: gap=13.0% draw=69.0% factor=1.03 | strong ε 0.010→0.010 lr 0.142→0.144 | weak ε 0.010→0.010 lr 0.125→0.127
[2026-07-20 16:12:02.766] [INFO] [Balance] Adjust #20: gap=2.0% draw=82.0% factor=1.47 | strong ε 0.010→0.009 lr 0.127→0.130 | weak ε 0.010→0.013 lr 0.144→0.137
[2026-07-20 16:12:02.766] [INFO] [Train] 进度: 2000/10000 速度:7.6局/秒 胜率差距:2.0% ε1=0.013 ε2=0.009
[2026-07-20 16:12:02.809] [INFO] [Stats] Q-table stats: total_states=66324 (AI1=33225, AI2=33099), avg_access=1.4
[2026-07-20 16:12:20.325] [INFO] [Balance] Adjust #21: gap=1.0% draw=35.0% factor=1.20 | strong ε 0.010→0.009 lr 0.137→0.139 | weak ε 0.010→0.013 lr 0.130→0.123
[2026-07-20 16:12:37.774] [INFO] [Balance] Adjust #22: gap=0.0% draw=32.0% factor=1.19 | strong ε 0.010→0.009 lr 0.123→0.126 | weak ε 0.010→0.013 lr 0.139→0.132
[2026-07-20 16:12:37.774] [INFO] [Train] 进度: 2200/10000 速度:7.3局/秒 胜率差距:0.0% ε1=0.013 ε2=0.009
[2026-07-20 16:12:37.843] [INFO] [Stats] Q-table stats: total_states=71328 (AI1=35721, AI2=35607), avg_access=1.4
[2026-07-20 16:12:51.391] [INFO] [Balance] Adjust #23: gap=15.0% draw=5.0% factor=1.10 | strong ε 0.010→0.010 lr 0.132→0.134 | weak ε 0.010→0.010 lr 0.126→0.128
[2026-07-20 16:13:05.193] [INFO] [Balance] Adjust #24: gap=6.0% draw=6.0% factor=1.02 | strong ε 0.010→0.009 lr 0.128→0.131 | weak ε 0.010→0.013 lr 0.134→0.127
[2026-07-20 16:13:05.193] [INFO] [Train] 进度: 2400/10000 速度:7.3局/秒 胜率差距:6.0% ε1=0.013 ε2=0.009
[2026-07-20 16:13:05.248] [INFO] [Stats] Q-table stats: total_states=72526 (AI1=36318, AI2=36208), avg_access=1.5
[2026-07-20 16:13:17.838] [INFO] [Balance] Adjust #25: gap=3.0% draw=3.0% factor=0.94 | strong ε 0.010→0.009 lr 0.131→0.134 | weak ε 0.010→0.013 lr 0.127→0.121
[2026-07-20 16:13:31.693] [INFO] [Balance] Adjust #26: gap=9.0% draw=9.0% factor=0.88 | strong ε 0.010→0.009 lr 0.121→0.123 | weak ε 0.010→0.013 lr 0.134→0.127
[2026-07-20 16:13:31.693] [INFO] [Train] 进度: 2600/10000 速度:7.4局/秒 胜率差距:9.0% ε1=0.009 ε2=0.013
[2026-07-20 16:13:31.749] [INFO] [Stats] Q-table stats: total_states=73682 (AI1=36894, AI2=36788), avg_access=1.6
[2026-07-20 16:13:48.413] [INFO] [Balance] Adjust #27: gap=6.0% draw=22.0% factor=0.87 | strong ε 0.010→0.009 lr 0.127→0.129 | weak ε 0.010→0.013 lr 0.123→0.117
[2026-07-20 16:14:06.990] [INFO] [Balance] Adjust #28: gap=3.0% draw=33.0% factor=0.87 | strong ε 0.010→0.009 lr 0.129→0.132 | weak ε 0.010→0.013 lr 0.117→0.111
[2026-07-20 16:14:06.990] [INFO] [Train] 进度: 2800/10000 速度:7.2局/秒 胜率差距:3.0% ε1=0.013 ε2=0.009
[2026-07-20 16:14:07.049] [INFO] [Stats] Q-table stats: total_states=77737 (AI1=38915, AI2=38822), avg_access=1.6
[2026-07-20 16:14:24.229] [INFO] [Balance] Adjust #29: gap=2.0% draw=40.0% factor=0.86 | strong ε 0.010→0.009 lr 0.132→0.135 | weak ε 0.011→0.014 lr 0.111→0.106
[2026-07-20 16:14:43.131] [INFO] [Balance] Adjust #30: gap=2.0% draw=56.0% factor=0.99 | strong ε 0.010→0.009 lr 0.135→0.137 | weak ε 0.011→0.014 lr 0.106→0.100
[2026-07-20 16:14:43.131] [INFO] [Train] 进度: 3000/10000 速度:7.1局/秒 胜率差距:2.0% ε1=0.014 ε2=0.009
[2026-07-20 16:14:43.187] [INFO] [Stats] Q-table stats: total_states=83820 (AI1=41956, AI2=41864), avg_access=1.6
[2026-07-20 16:15:01.601] [INFO] [Balance] Adjust #31: gap=8.0% draw=56.0% factor=1.15 | strong ε 0.011→0.010 lr 0.100→0.102 | weak ε 0.010→0.013 lr 0.137→0.130
[2026-07-20 16:15:20.523] [INFO] [Balance] Adjust #32: gap=9.0% draw=39.0% factor=1.14 | strong ε 0.010→0.009 lr 0.130→0.133 | weak ε 0.010→0.013 lr 0.102→0.097
[2026-07-20 16:15:20.523] [INFO] [Train] 进度: 3200/10000 速度:6.9局/秒 胜率差距:9.0% ε1=0.013 ε2=0.009
[2026-07-20 16:15:20.595] [INFO] [Stats] Q-table stats: total_states=89501 (AI1=44801, AI2=44700), avg_access=1.6
[2026-07-20 16:15:39.397] [INFO] [Balance] Adjust #33: gap=4.0% draw=42.0% factor=1.17 | strong ε 0.010→0.009 lr 0.133→0.136 | weak ε 0.010→0.013 lr 0.097→0.092
[2026-07-20 16:15:55.840] [INFO] [Balance] Adjust #34: gap=0.0% draw=24.0% factor=1.15 | strong ε 0.010→0.009 lr 0.136→0.138 | weak ε 0.010→0.013 lr 0.092→0.088
[2026-07-20 16:15:55.840] [INFO] [Train] 进度: 3400/10000 速度:6.8局/秒 胜率差距:0.0% ε1=0.013 ε2=0.009
[2026-07-20 16:15:55.903] [INFO] [Stats] Q-table stats: total_states=93592 (AI1=46843, AI2=46749), avg_access=1.7
[2026-07-20 16:16:09.399] [INFO] [Balance] Adjust #35: gap=3.0% draw=5.0% factor=1.07 | strong ε 0.010→0.009 lr 0.088→0.089 | weak ε 0.010→0.013 lr 0.138→0.132
[2026-07-20 16:16:22.973] [INFO] [Balance] Adjust #36: gap=1.0% draw=5.0% factor=0.99 | strong ε 0.010→0.009 lr 0.089→0.091 | weak ε 0.010→0.013 lr 0.132→0.125
[2026-07-20 16:16:22.973] [INFO] [Train] 进度: 3600/10000 速度:6.9局/秒 胜率差距:1.0% ε1=0.009 ε2=0.013
[2026-07-20 16:16:23.050] [INFO] [Stats] Q-table stats: total_states=94897 (AI1=47493, AI2=47404), avg_access=1.7
[2026-07-20 16:16:36.755] [INFO] [Balance] Adjust #37: gap=1.0% draw=7.0% factor=0.92 | strong ε 0.010→0.009 lr 0.125→0.127 | weak ε 0.010→0.013 lr 0.091→0.087
[2026-07-20 16:16:50.009] [INFO] [Balance] Adjust #38: gap=4.0% draw=4.0% factor=0.85 | strong ε 0.010→0.009 lr 0.127→0.130 | weak ε 0.010→0.013 lr 0.087→0.082
[2026-07-20 16:16:50.009] [INFO] [Train] 进度: 3800/10000 速度:6.9局/秒 胜率差距:4.0% ε1=0.013 ε2=0.009
[2026-07-20 16:16:50.085] [INFO] [Stats] Q-table stats: total_states=95978 (AI1=48032, AI2=47946), avg_access=1.8
[2026-07-20 16:17:07.627] [INFO] [Balance] Adjust #39: gap=0.0% draw=24.0% factor=0.84 | strong ε 0.010→0.009 lr 0.130→0.133 | weak ε 0.010→0.013 lr 0.082→0.080
[2026-07-20 16:17:25.942] [INFO] [Balance] Adjust #40: gap=1.0% draw=37.0% factor=0.83 | strong ε 0.010→0.009 lr 0.133→0.135 | weak ε 0.011→0.014 lr 0.080→0.080
[2026-07-20 16:17:25.942] [INFO] [Train] 进度: 4000/10000 速度:6.8局/秒 胜率差距:1.0% ε1=0.014 ε2=0.009
[2026-07-20 16:17:26.018] [INFO] [Stats] Q-table stats: total_states=99985 (AI1=50028, AI2=49957), avg_access=1.8
[2026-07-20 16:17:45.481] [INFO] [Balance] Adjust #41: gap=3.0% draw=53.0% factor=0.94 | strong ε 0.011→0.010 lr 0.080→0.082 | weak ε 0.010→0.013 lr 0.135→0.129
[2026-07-20 16:18:04.491] [INFO] [Balance] Adjust #42: gap=2.0% draw=50.0% factor=1.03 | strong ε 0.010→0.009 lr 0.129→0.131 | weak ε 0.010→0.013 lr 0.082→0.080
[2026-07-20 16:18:04.491] [INFO] [Train] 进度: 4200/10000 速度:6.7局/秒 胜率差距:2.0% ε1=0.013 ε2=0.009
[2026-07-20 16:18:04.572] [INFO] [Stats] Q-table stats: total_states=106193 (AI1=53125, AI2=53068), avg_access=1.8
[2026-07-20 16:18:23.557] [INFO] [Balance] Adjust #43: gap=4.0% draw=46.0% factor=1.10 | strong ε 0.010→0.009 lr 0.080→0.082 | weak ε 0.010→0.013 lr 0.131→0.125
[2026-07-20 16:18:42.318] [INFO] [Balance] Adjust #44: gap=1.0% draw=45.0% factor=1.15 | strong ε 0.010→0.009 lr 0.125→0.127 | weak ε 0.010→0.013 lr 0.082→0.080
[2026-07-20 16:18:42.318] [INFO] [Train] 进度: 4400/10000 速度:6.6局/秒 胜率差距:1.0% ε1=0.013 ε2=0.009
[2026-07-20 16:18:42.408] [INFO] [Stats] Q-table stats: total_states=111943 (AI1=56000, AI2=55943), avg_access=1.8
[2026-07-20 16:18:59.963] [INFO] [Balance] Adjust #45: gap=13.0% draw=35.0% factor=1.14 | strong ε 0.010→0.010 lr 0.127→0.128 | weak ε 0.010→0.010 lr 0.080→0.082
[2026-07-20 16:19:17.969] [INFO] [Balance] Adjust #46: gap=0.0% draw=36.0% factor=1.13 | strong ε 0.010→0.009 lr 0.128→0.131 | weak ε 0.010→0.013 lr 0.082→0.080
[2026-07-20 16:19:17.970] [INFO] [Train] 进度: 4600/10000 速度:6.6局/秒 胜率差距:0.0% ε1=0.013 ε2=0.009
[2026-07-20 16:19:18.070] [INFO] [Stats] Q-table stats: total_states=116226 (AI1=58138, AI2=58088), avg_access=1.8
[2026-07-20 16:19:35.631] [INFO] [Balance] Adjust #47: gap=14.0% draw=22.0% factor=1.12 | strong ε 0.010→0.010 lr 0.080→0.081 | weak ε 0.010→0.010 lr 0.131→0.133
[2026-07-20 16:19:47.896] [INFO] [Balance] Adjust #48: gap=4.0% draw=8.0% factor=1.05 | strong ε 0.010→0.009 lr 0.081→0.082 | weak ε 0.010→0.013 lr 0.133→0.127
[2026-07-20 16:19:47.896] [INFO] [Train] 进度: 4800/10000 速度:6.6局/秒 胜率差距:4.0% ε1=0.009 ε2=0.013
[2026-07-20 16:19:47.976] [INFO] [Stats] Q-table stats: total_states=118049 (AI1=59052, AI2=58997), avg_access=1.9
[2026-07-20 16:20:00.593] [INFO] [Balance] Adjust #49: gap=3.0% draw=5.0% factor=0.97 | strong ε 0.010→0.009 lr 0.127→0.129 | weak ε 0.010→0.013 lr 0.082→0.080
[2026-07-20 16:20:13.801] [INFO] [Balance] Adjust #50: gap=6.0% draw=8.0% factor=0.91 | strong ε 0.010→0.009 lr 0.129→0.132 | weak ε 0.010→0.013 lr 0.080→0.080
[2026-07-20 16:20:13.801] [INFO] [Train] 进度: 5000/10000 速度:6.6局/秒 胜率差距:6.0% ε1=0.013 ε2=0.009
[2026-07-20 16:20:13.900] [INFO] [Stats] Q-table stats: total_states=119442 (AI1=59744, AI2=59698), avg_access=1.9
[2026-07-20 16:20:13.900] [INFO] [Save] 检查点保存: 第5000局 速度:6.6局/秒
[2026-07-20 16:20:14.158] [INFO] [Save] 模型已保存: AI1_point_5000_20260720_162013.pkl (1.52 MB, Q表:59744)
[2026-07-20 16:20:14.404] [INFO] [Save] 模型已保存: AI2_point_5000_20260720_162013.pkl (1.52 MB, Q表:59698)
[2026-07-20 16:20:15.806] [INFO] [Save] Stats figure saved: stats_ep5000.png
[2026-07-20 16:20:31.352] [INFO] [Balance] Adjust #51: gap=7.0% draw=7.0% factor=0.85 | strong ε 0.010→0.009 lr 0.132→0.135 | weak ε 0.011→0.014 lr 0.080→0.080
[2026-07-20 16:20:50.064] [INFO] [Balance] Adjust #52: gap=4.0% draw=30.0% factor=0.84 | strong ε 0.010→0.009 lr 0.135→0.137 | weak ε 0.011→0.014 lr 0.080→0.080
[2026-07-20 16:20:50.064] [INFO] [Train] 进度: 5200/10000 速度:6.6局/秒 胜率差距:4.0% ε1=0.014 ε2=0.009
[2026-07-20 16:20:50.165] [INFO] [Stats] Q-table stats: total_states=122053 (AI1=61052, AI2=61001), avg_access=1.9
[2026-07-20 16:21:09.522] [INFO] [Balance] Adjust #53: gap=8.0% draw=32.0% factor=0.84 | strong ε 0.011→0.010 lr 0.080→0.082 | weak ε 0.010→0.013 lr 0.137→0.130
[2026-07-20 16:21:31.745] [INFO] [Balance] Adjust #54: gap=4.0% draw=50.0% factor=0.92 | strong ε 0.010→0.009 lr 0.130→0.133 | weak ε 0.010→0.013 lr 0.082→0.080
[2026-07-20 16:21:31.745] [INFO] [Train] 进度: 5400/10000 速度:6.5局/秒 胜率差距:4.0% ε1=0.013 ε2=0.009
[2026-07-20 16:21:31.846] [INFO] [Stats] Q-table stats: total_states=126845 (AI1=63445, AI2=63400), avg_access=1.9
[2026-07-20 16:21:55.349] [INFO] [Balance] Adjust #55: gap=3.0% draw=61.0% factor=1.11 | strong ε 0.010→0.009 lr 0.080→0.082 | weak ε 0.010→0.013 lr 0.133→0.126
[2026-07-20 16:22:14.669] [INFO] [Balance] Adjust #56: gap=0.0% draw=46.0% factor=1.18 | strong ε 0.010→0.009 lr 0.126→0.129 | weak ε 0.010→0.013 lr 0.082→0.080
[2026-07-20 16:22:14.669] [INFO] [Train] 进度: 5600/10000 速度:6.4局/秒 胜率差距:0.0% ε1=0.013 ε2=0.009
[2026-07-20 16:22:14.789] [INFO] [Stats] Q-table stats: total_states=134006 (AI1=67021, AI2=66985), avg_access=1.9
[2026-07-20 16:22:32.633] [INFO] [Balance] Adjust #57: gap=7.0% draw=37.0% factor=1.17 | strong ε 0.010→0.009 lr 0.080→0.082 | weak ε 0.010→0.013 lr 0.129→0.122
[2026-07-20 16:22:54.161] [INFO] [Balance] Adjust #58: gap=1.0% draw=37.0% factor=1.16 | strong ε 0.010→0.009 lr 0.082→0.083 | weak ε 0.010→0.013 lr 0.122→0.116
[2026-07-20 16:22:54.161] [INFO] [Train] 进度: 5800/10000 速度:6.3局/秒 胜率差距:1.0% ε1=0.009 ε2=0.013
[2026-07-20 16:22:54.278] [INFO] [Stats] Q-table stats: total_states=138211 (AI1=69124, AI2=69087), avg_access=1.9
[2026-07-20 16:23:11.635] [INFO] [Balance] Adjust #59: gap=6.0% draw=12.0% factor=1.11 | strong ε 0.010→0.009 lr 0.083→0.085 | weak ε 0.010→0.013 lr 0.116→0.111
[2026-07-20 16:23:29.658] [INFO] [Balance] Adjust #60: gap=5.0% draw=13.0% factor=1.07 | strong ε 0.010→0.009 lr 0.085→0.087 | weak ε 0.010→0.014 lr 0.111→0.105
[2026-07-20 16:23:29.658] [INFO] [Train] 进度: 6000/10000 速度:6.3局/秒 胜率差距:5.0% ε1=0.009 ε2=0.014
[2026-07-20 16:23:29.790] [INFO] [Stats] Q-table stats: total_states=139974 (AI1=70009, AI2=69965), avg_access=2.0
[2026-07-20 16:23:44.657] [INFO] [Balance] Adjust #61: gap=7.0% draw=3.0% factor=0.98 | strong ε 0.010→0.009 lr 0.087→0.088 | weak ε 0.011→0.014 lr 0.105→0.100
[2026-07-20 16:23:56.645] [INFO] [Balance] Adjust #62: gap=1.0% draw=7.0% factor=0.92 | strong ε 0.011→0.010 lr 0.100→0.102 | weak ε 0.010→0.013 lr 0.088→0.084
[2026-07-20 16:23:56.645] [INFO] [Train] 进度: 6200/10000 速度:6.3局/秒 胜率差距:1.0% ε1=0.013 ε2=0.010
[2026-07-20 16:23:56.742] [INFO] [Stats] Q-table stats: total_states=140993 (AI1=70523, AI2=70470), avg_access=2.0
[2026-07-20 16:24:10.217] [INFO] [Balance] Adjust #63: gap=10.0% draw=8.0% factor=0.86 | strong ε 0.010→0.010 lr 0.084→0.085 | weak ε 0.010→0.010 lr 0.102→0.104
[2026-07-20 16:24:27.967] [INFO] [Balance] Adjust #64: gap=2.0% draw=28.0% factor=0.85 | strong ε 0.010→0.009 lr 0.085→0.086 | weak ε 0.010→0.013 lr 0.104→0.099
[2026-07-20 16:24:27.967] [INFO] [Train] 进度: 6400/10000 速度:6.3局/秒 胜率差距:2.0% ε1=0.009 ε2=0.013
[2026-07-20 16:24:28.078] [INFO] [Stats] Q-table stats: total_states=143590 (AI1=71829, AI2=71761), avg_access=2.0
[2026-07-20 16:24:44.623] [INFO] [Balance] Adjust #65: gap=5.0% draw=31.0% factor=0.84 | strong ε 0.010→0.009 lr 0.086→0.088 | weak ε 0.011→0.014 lr 0.099→0.094
[2026-07-20 16:25:02.154] [INFO] [Balance] Adjust #66: gap=6.0% draw=44.0% factor=0.88 | strong ε 0.011→0.010 lr 0.094→0.096 | weak ε 0.010→0.013 lr 0.088→0.084
[2026-07-20 16:25:02.154] [INFO] [Train] 进度: 6600/10000 速度:6.3局/秒 胜率差距:6.0% ε1=0.013 ε2=0.010
[2026-07-20 16:25:02.254] [INFO] [Stats] Q-table stats: total_states=148332 (AI1=74206, AI2=74126), avg_access=2.0
[2026-07-20 16:25:20.888] [INFO] [Balance] Adjust #67: gap=2.0% draw=50.0% factor=0.97 | strong ε 0.010→0.009 lr 0.096→0.097 | weak ε 0.010→0.013 lr 0.084→0.080
[2026-07-20 16:25:41.381] [INFO] [Balance] Adjust #68: gap=6.0% draw=50.0% factor=1.06 | strong ε 0.010→0.009 lr 0.097→0.099 | weak ε 0.010→0.013 lr 0.080→0.080
[2026-07-20 16:25:41.381] [INFO] [Train] 进度: 6800/10000 速度:6.3局/秒 胜率差距:6.0% ε1=0.013 ε2=0.009
[2026-07-20 16:25:41.518] [INFO] [Stats] Q-table stats: total_states=155199 (AI1=77644, AI2=77555), avg_access=2.0
[2026-07-20 16:26:01.355] [INFO] [Balance] Adjust #69: gap=8.0% draw=48.0% factor=1.15 | strong ε 0.010→0.009 lr 0.099→0.101 | weak ε 0.010→0.014 lr 0.080→0.080
[2026-07-20 16:26:19.920] [INFO] [Balance] Adjust #70: gap=3.0% draw=41.0% factor=1.16 | strong ε 0.010→0.009 lr 0.101→0.103 | weak ε 0.011→0.014 lr 0.080→0.080
[2026-07-20 16:26:19.920] [INFO] [Train] 进度: 7000/10000 速度:6.2局/秒 胜率差距:3.0% ε1=0.014 ε2=0.009
[2026-07-20 16:26:20.039] [INFO] [Stats] Q-table stats: total_states=160675 (AI1=80379, AI2=80296), avg_access=2.0
[2026-07-20 16:26:37.681] [INFO] [Balance] Adjust #71: gap=7.0% draw=33.0% factor=1.15 | strong ε 0.010→0.009 lr 0.103→0.105 | weak ε 0.011→0.014 lr 0.080→0.080
[2026-07-20 16:26:56.112] [INFO] [Balance] Adjust #72: gap=4.0% draw=36.0% factor=1.14 | strong ε 0.010→0.009 lr 0.105→0.108 | weak ε 0.011→0.014 lr 0.080→0.080
[2026-07-20 16:26:56.112] [INFO] [Train] 进度: 7200/10000 速度:6.2局/秒 胜率差距:4.0% ε1=0.014 ε2=0.009
[2026-07-20 16:26:56.259] [INFO] [Stats] Q-table stats: total_states=164779 (AI1=82428, AI2=82351), avg_access=2.0
[2026-07-20 16:27:10.221] [INFO] [Balance] Adjust #73: gap=12.0% draw=10.0% factor=1.08 | strong ε 0.010→0.010 lr 0.080→0.081 | weak ε 0.010→0.010 lr 0.108→0.110
[2026-07-20 16:27:23.498] [INFO] [Balance] Adjust #74: gap=8.0% draw=6.0% factor=1.00 | strong ε 0.010→0.009 lr 0.110→0.112 | weak ε 0.010→0.013 lr 0.081→0.080
[2026-07-20 16:27:23.498] [INFO] [Train] 进度: 7400/10000 速度:6.2局/秒 胜率差距:8.0% ε1=0.013 ε2=0.009
[2026-07-20 16:27:23.629] [INFO] [Stats] Q-table stats: total_states=166049 (AI1=83065, AI2=82984), avg_access=2.0
[2026-07-20 16:27:36.318] [INFO] [Balance] Adjust #75: gap=5.0% draw=9.0% factor=0.95 | strong ε 0.010→0.009 lr 0.112→0.114 | weak ε 0.010→0.013 lr 0.080→0.080
[2026-07-20 16:27:49.206] [INFO] [Balance] Adjust #76: gap=4.0% draw=6.0% factor=0.88 | strong ε 0.010→0.009 lr 0.080→0.082 | weak ε 0.010→0.013 lr 0.114→0.108
[2026-07-20 16:27:49.206] [INFO] [Train] 进度: 7600/10000 速度:6.3局/秒 胜率差距:4.0% ε1=0.009 ε2=0.013
[2026-07-20 16:27:49.361] [INFO] [Stats] Q-table stats: total_states=167141 (AI1=83606, AI2=83535), avg_access=2.1
[2026-07-20 16:28:06.678] [INFO] [Balance] Adjust #77: gap=2.0% draw=28.0% factor=0.87 | strong ε 0.010→0.009 lr 0.108→0.111 | weak ε 0.010→0.013 lr 0.082→0.080
[2026-07-20 16:28:23.867] [INFO] [Balance] Adjust #78: gap=5.0% draw=27.0% factor=0.86 | strong ε 0.010→0.009 lr 0.111→0.113 | weak ε 0.010→0.013 lr 0.080→0.080
[2026-07-20 16:28:23.867] [INFO] [Train] 进度: 7800/10000 速度:6.3局/秒 胜率差距:5.0% ε1=0.013 ε2=0.009
[2026-07-20 16:28:23.999] [INFO] [Stats] Q-table stats: total_states=170312 (AI1=85191, AI2=85121), avg_access=2.1
[2026-07-20 16:28:42.536] [INFO] [Balance] Adjust #79: gap=7.0% draw=45.0% factor=0.91 | strong ε 0.010→0.009 lr 0.080→0.082 | weak ε 0.010→0.013 lr 0.113→0.107
[2026-07-20 16:29:03.041] [INFO] [Balance] Adjust #80: gap=3.0% draw=49.0% factor=0.99 | strong ε 0.010→0.009 lr 0.082→0.083 | weak ε 0.010→0.013 lr 0.107→0.102
[2026-07-20 16:29:03.041] [INFO] [Train] 进度: 8000/10000 速度:6.2局/秒 胜率差距:3.0% ε1=0.009 ε2=0.013
[2026-07-20 16:29:03.176] [INFO] [Stats] Q-table stats: total_states=175654 (AI1=87868, AI2=87786), avg_access=2.1
[2026-07-20 16:29:20.829] [INFO] [Balance] Adjust #81: gap=8.0% draw=46.0% factor=1.05 | strong ε 0.010→0.009 lr 0.102→0.104 | weak ε 0.010→0.013 lr 0.083→0.080
[2026-07-20 16:29:39.302] [INFO] [Balance] Adjust #82: gap=1.0% draw=47.0% factor=1.12 | strong ε 0.010→0.009 lr 0.080→0.082 | weak ε 0.010→0.013 lr 0.104→0.099
[2026-07-20 16:29:39.302] [INFO] [Train] 进度: 8200/10000 速度:6.2局/秒 胜率差距:1.0% ε1=0.009 ε2=0.013
[2026-07-20 16:29:39.457] [INFO] [Stats] Q-table stats: total_states=180691 (AI1=90386, AI2=90305), avg_access=2.1
[2026-07-20 16:29:59.309] [INFO] [Balance] Adjust #83: gap=2.0% draw=44.0% factor=1.17 | strong ε 0.010→0.009 lr 0.082→0.083 | weak ε 0.010→0.014 lr 0.099→0.094
[2026-07-20 16:30:19.787] [INFO] [Balance] Adjust #84: gap=2.0% draw=32.0% factor=1.16 | strong ε 0.010→0.009 lr 0.083→0.085 | weak ε 0.011→0.014 lr 0.094→0.089
[2026-07-20 16:30:19.787] [INFO] [Train] 进度: 8400/10000 速度:6.2局/秒 胜率差距:2.0% ε1=0.009 ε2=0.014
[2026-07-20 16:30:19.938] [INFO] [Stats] Q-table stats: total_states=184783 (AI1=92432, AI2=92351), avg_access=2.1
[2026-07-20 16:30:37.037] [INFO] [Balance] Adjust #85: gap=1.0% draw=5.0% factor=1.07 | strong ε 0.010→0.009 lr 0.085→0.087 | weak ε 0.011→0.014 lr 0.089→0.085
[2026-07-20 16:30:52.737] [INFO] [Balance] Adjust #86: gap=11.0% draw=9.0% factor=1.01 | strong ε 0.010→0.010 lr 0.087→0.087 | weak ε 0.011→0.011 lr 0.085→0.086
[2026-07-20 16:30:52.737] [INFO] [Train] 进度: 8600/10000 速度:6.2局/秒 胜率差距:11.0% ε1=0.010 ε2=0.011
[2026-07-20 16:30:52.871] [INFO] [Stats] Q-table stats: total_states=186375 (AI1=93227, AI2=93148), avg_access=2.1
[2026-07-20 16:31:04.913] [INFO] [Balance] Adjust #87: gap=5.0% draw=7.0% factor=0.94 | strong ε 0.010→0.009 lr 0.087→0.089 | weak ε 0.010→0.013 lr 0.086→0.082
[2026-07-20 16:31:18.478] [INFO] [Balance] Adjust #88: gap=5.0% draw=11.0% factor=0.90 | strong ε 0.010→0.009 lr 0.089→0.091 | weak ε 0.010→0.014 lr 0.082→0.080
[2026-07-20 16:31:18.478] [INFO] [Train] 进度: 8800/10000 速度:6.2局/秒 胜率差距:5.0% ε1=0.009 ε2=0.014
[2026-07-20 16:31:18.619] [INFO] [Stats] Q-table stats: total_states=187825 (AI1=93956, AI2=93869), avg_access=2.1
[2026-07-20 16:31:36.532] [INFO] [Balance] Adjust #89: gap=19.0% draw=33.0% factor=0.89 | strong ε 0.010→0.010 lr 0.091→0.092 | weak ε 0.011→0.011 lr 0.080→0.082
[2026-07-20 16:31:54.008] [INFO] [Balance] Adjust #90: gap=2.0% draw=40.0% factor=0.88 | strong ε 0.010→0.009 lr 0.082→0.083 | weak ε 0.010→0.013 lr 0.092→0.087
[2026-07-20 16:31:54.008] [INFO] [Train] 进度: 9000/10000 速度:6.2局/秒 胜率差距:2.0% ε1=0.013 ε2=0.009
[2026-07-20 16:31:54.150] [INFO] [Stats] Q-table stats: total_states=191771 (AI1=95939, AI2=95832), avg_access=2.1
[2026-07-20 16:32:12.421] [INFO] [Balance] Adjust #91: gap=10.0% draw=34.0% factor=0.88 | strong ε 0.010→0.009 lr 0.083→0.085 | weak ε 0.010→0.014 lr 0.087→0.083
[2026-07-20 16:32:30.902] [INFO] [Balance] Adjust #92: gap=3.0% draw=45.0% factor=0.92 | strong ε 0.010→0.009 lr 0.085→0.087 | weak ε 0.010→0.014 lr 0.083→0.080
[2026-07-20 16:32:30.902] [INFO] [Train] 进度: 9200/10000 速度:6.2局/秒 胜率差距:3.0% ε1=0.014 ε2=0.009
[2026-07-20 16:32:31.068] [INFO] [Stats] Q-table stats: total_states=196083 (AI1=98088, AI2=97995), avg_access=2.1
[2026-07-20 16:32:50.241] [INFO] [Balance] Adjust #93: gap=8.0% draw=48.0% factor=0.99 | strong ε 0.010→0.009 lr 0.087→0.088 | weak ε 0.011→0.014 lr 0.080→0.080
[2026-07-20 16:33:08.677] [INFO] [Balance] Adjust #94: gap=6.0% draw=52.0% factor=1.11 | strong ε 0.010→0.009 lr 0.080→0.082 | weak ε 0.010→0.013 lr 0.088→0.084
[2026-07-20 16:33:08.678] [INFO] [Train] 进度: 9400/10000 速度:6.1局/秒 胜率差距:6.0% ε1=0.009 ε2=0.013
[2026-07-20 16:33:08.835] [INFO] [Stats] Q-table stats: total_states=201360 (AI1=100732, AI2=100628), avg_access=2.1
[2026-07-20 16:33:25.992] [INFO] [Balance] Adjust #95: gap=7.0% draw=51.0% factor=1.23 | strong ε 0.010→0.009 lr 0.084→0.086 | weak ε 0.010→0.013 lr 0.082→0.080
[2026-07-20 16:33:41.669] [INFO] [Balance] Adjust #96: gap=2.0% draw=34.0% factor=1.20 | strong ε 0.010→0.009 lr 0.080→0.082 | weak ε 0.010→0.013 lr 0.086→0.081
[2026-07-20 16:33:41.669] [INFO] [Train] 进度: 9600/10000 速度:6.1局/秒 胜率差距:2.0% ε1=0.009 ε2=0.013
[2026-07-20 16:33:41.836] [INFO] [Stats] Q-table stats: total_states=205976 (AI1=103044, AI2=102932), avg_access=2.1
[2026-07-20 16:33:57.130] [INFO] [Balance] Adjust #97: gap=6.0% draw=22.0% factor=1.19 | strong ε 0.010→0.009 lr 0.082→0.083 | weak ε 0.010→0.013 lr 0.081→0.080
[2026-07-20 16:34:09.737] [INFO] [Balance] Adjust #98: gap=4.0% draw=10.0% factor=1.13 | strong ε 0.010→0.009 lr 0.083→0.085 | weak ε 0.010→0.014 lr 0.080→0.080
[2026-07-20 16:34:09.737] [INFO] [Train] 进度: 9800/10000 速度:6.2局/秒 胜率差距:4.0% ε1=0.009 ε2=0.014
[2026-07-20 16:34:09.876] [INFO] [Stats] Q-table stats: total_states=208118 (AI1=104115, AI2=104003), avg_access=2.2
[2026-07-20 16:34:21.681] [INFO] [Balance] Adjust #99: gap=3.0% draw=7.0% factor=1.06 | strong ε 0.010→0.009 lr 0.085→0.087 | weak ε 0.011→0.014 lr 0.080→0.080
[2026-07-20 16:34:33.253] [INFO] [Balance] Adjust #100: gap=2.0% draw=4.0% factor=0.97 | strong ε 0.011→0.010 lr 0.080→0.082 | weak ε 0.010→0.013 lr 0.087→0.082
[2026-07-20 16:34:33.253] [INFO] [Train] 进度: 10000/10000 速度:6.2局/秒 胜率差距:2.0% ε1=0.013 ε2=0.010
[2026-07-20 16:34:33.392] [INFO] [Stats] Q-table stats: total_states=209093 (AI1=104603, AI2=104490), avg_access=2.2
[2026-07-20 16:34:33.948] [INFO] [Save] 模型已保存: AI1_final_10000_20260720_163433.pkl (2.66 MB, Q表:104603)
[2026-07-20 16:34:34.374] [INFO] [Save] 模型已保存: AI2_final_10000_20260720_163433.pkl (2.67 MB, Q表:104490)
[2026-07-20 16:34:35.437] [INFO] [Save] Stats figure saved: stats_ep10000.png
