2026-03-06 13:38:20,400 - INFO - 
⚖️ 调整 #1: 差距=4.0% 平局=0.0%
2026-03-06 13:38:20,401 - INFO - 
⚖️ 平衡调整 #1: 微调 差距=4.0% 平局率=0.0% 减少探索
2026-03-06 13:38:20,401 - INFO -   AI2(强): ε 0.231→0.200, lr 0.150→0.150
2026-03-06 13:38:20,401 - INFO -   AI1(弱): ε 0.236→0.224, lr 0.150→0.150
2026-03-06 13:38:35,141 - INFO - 
⚖️ 调整 #2: 差距=5.0% 平局=1.0%
2026-03-06 13:38:35,142 - INFO - 
⚖️ 平衡调整 #2: 微调 差距=5.0% 平局率=1.0% 减少探索
2026-03-06 13:38:35,142 - INFO -   AI2(强): ε 0.153→0.161, lr 0.150→0.150
2026-03-06 13:38:35,142 - INFO -   AI1(弱): ε 0.177→0.168, lr 0.150→0.150
2026-03-06 13:38:49,922 - INFO - 
⚖️ 调整 #3: 差距=14.0% 平局=0.0%
2026-03-06 13:38:49,922 - INFO - 
⚖️ 平衡调整 #3: 微调 差距=14.0% 平局率=0.0% 减少探索
2026-03-06 13:38:49,922 - INFO -   AI1(强): ε 0.126→0.133, lr 0.150→0.150
2026-03-06 13:38:49,922 - INFO -   AI2(弱): ε 0.130→0.123, lr 0.150→0.150
2026-03-06 13:39:07,751 - INFO - 
⚖️ 调整 #4: 差距=5.0% 平局=1.0%
2026-03-06 13:39:07,752 - INFO - 
⚖️ 平衡调整 #4: 微调 差距=5.0% 平局率=1.0% 减少探索
2026-03-06 13:39:07,752 - INFO -   AI2(强): ε 0.095→0.099, lr 0.150→0.150
2026-03-06 13:39:07,752 - INFO -   AI1(弱): ε 0.105→0.100, lr 0.150→0.150
2026-03-06 13:39:26,845 - INFO - 
⚖️ 调整 #5: 差距=8.0% 平局=0.0%
2026-03-06 13:39:26,846 - INFO - 
⚖️ 平衡调整 #5: 微调 差距=8.0% 平局率=0.0% 减少探索
2026-03-06 13:39:26,846 - INFO -   AI2(强): ε 0.076→0.080, lr 0.150→0.150
2026-03-06 13:39:26,846 - INFO -   AI1(弱): ε 0.079→0.075, lr 0.150→0.150
2026-03-06 13:39:26,847 - INFO - 
==================================================
2026-03-06 13:39:26,847 - INFO - 第 500/20000 局 (2.5%)
2026-03-06 13:39:26,847 - INFO - 速度: 6.0局/秒, 已用: 1.4分钟
2026-03-06 13:39:26,847 - INFO - 总战绩: AI1 245胜, AI2 253胜, 平局 2
2026-03-06 13:39:26,847 - INFO - 近期100局: AI1 46.0%, AI2 54.0%, 平局 0.0%
2026-03-06 13:39:26,847 - INFO - 胜率差距: 8.0%
2026-03-06 13:39:26,847 - INFO - 防守统计: 总23564次, 平均47.13次/局
2026-03-06 13:39:26,847 - INFO - 参数: AI1 ε=0.075, lr=0.150
2026-03-06 13:39:26,847 - INFO -        AI2 ε=0.080, lr=0.150
2026-03-06 13:39:26,847 - INFO - ==================================================
2026-03-06 13:39:44,891 - INFO - 
⚖️ 调整 #6: 差距=18.0% 平局=0.0%
2026-03-06 13:39:44,891 - INFO - 
⚖️ 平衡调整 #6: 微调 差距=18.0% 平局率=0.0% 减少探索
2026-03-06 13:39:44,891 - INFO -   AI1(强): ε 0.056→0.059, lr 0.150→0.150
2026-03-06 13:39:44,891 - INFO -   AI2(弱): ε 0.065→0.062, lr 0.150→0.150
2026-03-06 13:40:03,956 - INFO - 
⚖️ 调整 #7: 差距=8.0% 平局=0.0%
2026-03-06 13:40:03,956 - INFO - 
⚖️ 平衡调整 #7: 微调 差距=8.0% 平局率=0.0% 减少探索
2026-03-06 13:40:03,956 - INFO -   AI2(强): ε 0.047→0.049, lr 0.150→0.150
2026-03-06 13:40:03,957 - INFO -   AI1(弱): ε 0.047→0.050, lr 0.150→0.150
2026-03-06 13:40:22,881 - INFO - 
⚖️ 调整 #8: 差距=2.0% 平局=0.0%
2026-03-06 13:40:22,881 - INFO - 
⚖️ 平衡调整 #8: 微调 差距=2.0% 平局率=0.0% 减少探索
2026-03-06 13:40:22,881 - INFO -   AI1(强): ε 0.039→0.041, lr 0.150→0.150
2026-03-06 13:40:22,881 - INFO -   AI2(弱): ε 0.039→0.050, lr 0.150→0.150
2026-03-06 13:40:42,788 - INFO - 
⚖️ 调整 #9: 差距=20.0% 平局=0.0%
2026-03-06 13:40:42,789 - INFO - 
⚖️ 平衡调整 #9: 微调 差距=20.0% 平局率=0.0% 减少探索
2026-03-06 13:40:42,789 - INFO -   AI1(强): ε 0.030→0.032, lr 0.150→0.150
2026-03-06 13:40:42,789 - INFO -   AI2(弱): ε 0.041→0.050, lr 0.150→0.150
2026-03-06 13:41:00,114 - INFO - 
⚖️ 调整 #10: 差距=2.0% 平局=0.0%
2026-03-06 13:41:00,114 - INFO - 
⚖️ 平衡调整 #10: 微调 差距=2.0% 平局率=0.0% 减少探索
2026-03-06 13:41:00,114 - INFO -   AI2(强): ε 0.039→0.041, lr 0.150→0.150
2026-03-06 13:41:00,114 - INFO -   AI1(弱): ε 0.025→0.050, lr 0.150→0.150
2026-03-06 13:41:00,114 - INFO - 
==================================================
2026-03-06 13:41:00,115 - INFO - 第 1000/20000 局 (5.0%)
2026-03-06 13:41:00,115 - INFO - 速度: 5.7局/秒, 已用: 2.9分钟
2026-03-06 13:41:00,115 - INFO - 总战绩: AI1 510胜, AI2 488胜, 平局 2
2026-03-06 13:41:00,115 - INFO - 近期100局: AI1 49.0%, AI2 51.0%, 平局 0.0%
2026-03-06 13:41:00,115 - INFO - 胜率差距: 2.0%
2026-03-06 13:41:00,115 - INFO - 防守统计: 总47269次, 平均47.27次/局
2026-03-06 13:41:00,115 - INFO - 参数: AI1 ε=0.050, lr=0.150
2026-03-06 13:41:00,115 - INFO -        AI2 ε=0.041, lr=0.150
2026-03-06 13:41:00,115 - INFO - ==================================================
2026-03-06 13:41:18,133 - INFO - 
⚖️ 调整 #11: 差距=1.0% 平局=1.0%
2026-03-06 13:41:18,133 - INFO - 
⚖️ 平衡调整 #11: 微调 差距=1.0% 平局率=1.0% 减少探索
2026-03-06 13:41:18,133 - INFO -   AI1(强): ε 0.039→0.041, lr 0.150→0.150
2026-03-06 13:41:18,134 - INFO -   AI2(弱): ε 0.032→0.050, lr 0.150→0.150
2026-03-06 13:41:38,157 - INFO - 
⚖️ 调整 #12: 差距=3.0% 平局=1.0%
2026-03-06 13:41:38,158 - INFO - 
⚖️ 平衡调整 #12: 微调 差距=3.0% 平局率=1.0% 减少探索
2026-03-06 13:41:38,158 - INFO -   AI2(强): ε 0.039→0.040, lr 0.150→0.150
2026-03-06 13:41:38,158 - INFO -   AI1(弱): ε 0.032→0.050, lr 0.150→0.150
2026-03-06 13:41:59,373 - INFO - 
⚖️ 调整 #13: 差距=13.0% 平局=1.0%
2026-03-06 13:41:59,373 - INFO - 
⚖️ 平衡调整 #13: 微调 差距=13.0% 平局率=1.0% 减少探索
2026-03-06 13:41:59,373 - INFO -   AI1(强): ε 0.038→0.039, lr 0.150→0.150
2026-03-06 13:41:59,373 - INFO -   AI2(弱): ε 0.033→0.050, lr 0.150→0.150
2026-03-06 13:42:20,548 - INFO - 
⚖️ 调整 #14: 差距=16.0% 平局=0.0%
2026-03-06 13:42:20,549 - INFO - 
⚖️ 平衡调整 #14: 微调 差距=16.0% 平局率=0.0% 减少探索
2026-03-06 13:42:20,549 - INFO -   AI2(强): ε 0.037→0.039, lr 0.150→0.150
2026-03-06 13:42:20,549 - INFO -   AI1(弱): ε 0.032→0.050, lr 0.150→0.150
2026-03-06 13:42:39,942 - INFO - 
⚖️ 调整 #15: 差距=2.0% 平局=0.0%
2026-03-06 13:42:39,943 - INFO - 
⚖️ 平衡调整 #15: 微调 差距=2.0% 平局率=0.0% 减少探索
2026-03-06 13:42:39,943 - INFO -   AI2(强): ε 0.030→0.032, lr 0.150→0.150
2026-03-06 13:42:39,943 - INFO -   AI1(弱): ε 0.039→0.050, lr 0.150→0.150
2026-03-06 13:42:39,943 - INFO - 
==================================================
2026-03-06 13:42:39,943 - INFO - 第 1500/20000 局 (7.5%)
2026-03-06 13:42:39,943 - INFO - 速度: 5.4局/秒, 已用: 4.6分钟
2026-03-06 13:42:39,943 - INFO - 总战绩: AI1 755胜, AI2 740胜, 平局 5
2026-03-06 13:42:39,943 - INFO - 近期100局: AI1 49.0%, AI2 51.0%, 平局 0.0%
2026-03-06 13:42:39,943 - INFO - 胜率差距: 2.0%
2026-03-06 13:42:39,943 - INFO - 防守统计: 总70944次, 平均47.30次/局
2026-03-06 13:42:39,944 - INFO - 参数: AI1 ε=0.050, lr=0.150
2026-03-06 13:42:39,944 - INFO -        AI2 ε=0.032, lr=0.150
2026-03-06 13:42:39,944 - INFO - ==================================================
2026-03-06 13:43:08,411 - INFO - 
⚖️ 调整 #16: 差距=18.0% 平局=0.0%
2026-03-06 13:43:08,412 - INFO - 
⚖️ 平衡调整 #16: 微调 差距=18.0% 平局率=0.0% 减少探索
2026-03-06 13:43:08,412 - INFO -   AI2(强): ε 0.024→0.025, lr 0.150→0.150
2026-03-06 13:43:08,412 - INFO -   AI1(弱): ε 0.041→0.050, lr 0.150→0.150
2026-03-06 13:43:31,317 - INFO - 
⚖️ 调整 #17: 差距=0.0% 平局=2.0%
2026-03-06 13:43:31,317 - INFO - 
⚖️ 平衡调整 #17: 微调 差距=0.0% 平局率=2.0% 减少探索
2026-03-06 13:43:31,317 - INFO -   AI2(强): ε 0.019→0.020, lr 0.150→0.150
2026-03-06 13:43:31,317 - INFO -   AI1(弱): ε 0.039→0.050, lr 0.150→0.150
2026-03-06 13:43:52,446 - INFO - 
⚖️ 调整 #18: 差距=7.0% 平局=3.0%
2026-03-06 13:43:52,446 - INFO - 
⚖️ 平衡调整 #18: 微调 差距=7.0% 平局率=3.0% 减少探索
2026-03-06 13:43:52,446 - INFO -   AI1(强): ε 0.038→0.040, lr 0.150→0.150
2026-03-06 13:43:52,446 - INFO -   AI2(弱): ε 0.016→0.050, lr 0.150→0.150
2026-03-06 13:44:12,402 - INFO - 
⚖️ 调整 #19: 差距=16.0% 平局=0.0%
2026-03-06 13:44:12,402 - INFO - 
⚖️ 平衡调整 #19: 微调 差距=16.0% 平局率=0.0% 减少探索
2026-03-06 13:44:12,402 - INFO -   AI2(强): ε 0.037→0.039, lr 0.150→0.150
2026-03-06 13:44:12,402 - INFO -   AI1(弱): ε 0.033→0.050, lr 0.150→0.150
2026-03-06 13:44:34,396 - INFO - 
⚖️ 调整 #20: 差距=8.0% 平局=0.0%
2026-03-06 13:44:34,396 - INFO - 
⚖️ 平衡调整 #20: 微调 差距=8.0% 平局率=0.0% 减少探索
2026-03-06 13:44:34,396 - INFO -   AI1(强): ε 0.038→0.040, lr 0.150→0.150
2026-03-06 13:44:34,396 - INFO -   AI2(弱): ε 0.031→0.050, lr 0.150→0.150
2026-03-06 13:44:34,396 - INFO - 
==================================================
2026-03-06 13:44:34,396 - INFO - 第 2000/20000 局 (10.0%)
2026-03-06 13:44:34,396 - INFO - 速度: 5.1局/秒, 已用: 6.5分钟
2026-03-06 13:44:34,396 - INFO - 总战绩: AI1 993胜, AI2 997胜, 平局 10
2026-03-06 13:44:34,396 - INFO - 近期100局: AI1 54.0%, AI2 46.0%, 平局 0.0%
2026-03-06 13:44:34,396 - INFO - 胜率差距: 8.0%
2026-03-06 13:44:34,396 - INFO - 防守统计: 总94767次, 平均47.38次/局
2026-03-06 13:44:34,397 - INFO - 参数: AI1 ε=0.040, lr=0.150
2026-03-06 13:44:34,397 - INFO -        AI2 ε=0.050, lr=0.150
2026-03-06 13:44:34,397 - INFO - ==================================================
2026-03-06 13:44:55,313 - INFO - 
⚖️ 调整 #21: 差距=0.0% 平局=0.0%
2026-03-06 13:44:55,313 - INFO - 
⚖️ 平衡调整 #21: 微调 差距=0.0% 平局率=0.0% 减少探索
2026-03-06 13:44:55,313 - INFO -   AI2(强): ε 0.039→0.041, lr 0.150→0.150
2026-03-06 13:44:55,313 - INFO -   AI1(弱): ε 0.031→0.050, lr 0.150→0.150
2026-03-06 13:45:15,221 - INFO - 
⚖️ 调整 #22: 差距=2.0% 平局=0.0%
2026-03-06 13:45:15,222 - INFO - 
⚖️ 平衡调整 #22: 微调 差距=2.0% 平局率=0.0% 减少探索
2026-03-06 13:45:15,222 - INFO -   AI2(强): ε 0.032→0.033, lr 0.150→0.150
2026-03-06 13:45:15,222 - INFO -   AI1(弱): ε 0.039→0.050, lr 0.150→0.150
2026-03-06 13:45:36,201 - INFO - 
⚖️ 调整 #23: 差距=12.0% 平局=0.0%
2026-03-06 13:45:36,201 - INFO - 
⚖️ 平衡调整 #23: 微调 差距=12.0% 平局率=0.0% 减少探索
2026-03-06 13:45:36,201 - INFO -   AI1(强): ε 0.038→0.040, lr 0.150→0.150
2026-03-06 13:45:36,201 - INFO -   AI2(弱): ε 0.027→0.050, lr 0.150→0.150
2026-03-06 13:45:55,734 - INFO - 
⚖️ 调整 #24: 差距=0.0% 平局=0.0%
2026-03-06 13:45:55,734 - INFO - 
⚖️ 平衡调整 #24: 微调 差距=0.0% 平局率=0.0% 减少探索
2026-03-06 13:45:55,734 - INFO -   AI2(强): ε 0.039→0.041, lr 0.150→0.150
2026-03-06 13:45:55,734 - INFO -   AI1(弱): ε 0.031→0.050, lr 0.150→0.150
2026-03-06 13:46:14,835 - INFO - 
⚖️ 调整 #25: 差距=2.0% 平局=0.0%
2026-03-06 13:46:14,835 - INFO - 
⚖️ 平衡调整 #25: 微调 差距=2.0% 平局率=0.0% 减少探索
2026-03-06 13:46:14,835 - INFO -   AI1(强): ε 0.039→0.041, lr 0.150→0.150
2026-03-06 13:46:14,835 - INFO -   AI2(弱): ε 0.032→0.050, lr 0.150→0.150
2026-03-06 13:46:14,835 - INFO - 
==================================================
2026-03-06 13:46:14,835 - INFO - 第 2500/20000 局 (12.5%)
2026-03-06 13:46:14,835 - INFO - 速度: 5.1局/秒, 已用: 8.2分钟
2026-03-06 13:46:14,835 - INFO - 总战绩: AI1 1249胜, AI2 1241胜, 平局 10
2026-03-06 13:46:14,835 - INFO - 近期100局: AI1 51.0%, AI2 49.0%, 平局 0.0%
2026-03-06 13:46:14,835 - INFO - 胜率差距: 2.0%
2026-03-06 13:46:14,835 - INFO - 防守统计: 总118519次, 平均47.41次/局
2026-03-06 13:46:14,835 - INFO - 参数: AI1 ε=0.041, lr=0.150
2026-03-06 13:46:14,835 - INFO -        AI2 ε=0.050, lr=0.150
2026-03-06 13:46:14,835 - INFO - ==================================================
2026-03-06 13:46:35,385 - INFO - 
⚖️ 调整 #26: 差距=12.0% 平局=0.0%
2026-03-06 13:46:35,385 - INFO - 
⚖️ 平衡调整 #26: 微调 差距=12.0% 平局率=0.0% 减少探索
2026-03-06 13:46:35,386 - INFO -   AI1(强): ε 0.031→0.032, lr 0.150→0.150
2026-03-06 13:46:35,386 - INFO -   AI2(弱): ε 0.040→0.050, lr 0.150→0.150
2026-03-06 13:46:58,556 - INFO - 
⚖️ 调整 #27: 差距=0.0% 平局=2.0%
2026-03-06 13:46:58,556 - INFO - 
⚖️ 平衡调整 #27: 微调 差距=0.0% 平局率=2.0% 减少探索
2026-03-06 13:46:58,556 - INFO -   AI2(强): ε 0.039→0.041, lr 0.150→0.150
2026-03-06 13:46:58,556 - INFO -   AI1(弱): ε 0.025→0.050, lr 0.150→0.150
2026-03-06 13:47:21,935 - INFO - 
⚖️ 调整 #28: 差距=2.0% 平局=0.0%
2026-03-06 13:47:21,936 - INFO - 
⚖️ 平衡调整 #28: 微调 差距=2.0% 平局率=0.0% 减少探索
2026-03-06 13:47:21,936 - INFO -   AI1(强): ε 0.039→0.041, lr 0.150→0.150
2026-03-06 13:47:21,936 - INFO -   AI2(弱): ε 0.032→0.050, lr 0.150→0.150
2026-03-06 13:47:44,853 - INFO - 
⚖️ 调整 #29: 差距=4.0% 平局=0.0%
2026-03-06 13:47:44,853 - INFO - 
⚖️ 平衡调整 #29: 微调 差距=4.0% 平局率=0.0% 减少探索
2026-03-06 13:47:44,853 - INFO -   AI1(强): ε 0.031→0.033, lr 0.150→0.150
2026-03-06 13:47:44,853 - INFO -   AI2(弱): ε 0.039→0.050, lr 0.150→0.150
2026-03-06 13:48:09,015 - INFO - 
⚖️ 调整 #30: 差距=23.0% 平局=1.0%
2026-03-06 13:48:09,015 - INFO - 
⚖️ 平衡调整 #30: 微调 差距=23.0% 平局率=1.0% 减少探索
2026-03-06 13:48:09,015 - INFO -   AI1(强): ε 0.024→0.025, lr 0.150→0.150
2026-03-06 13:48:09,015 - INFO -   AI2(弱): ε 0.041→0.050, lr 0.150→0.150
2026-03-06 13:48:09,015 - INFO - 
==================================================
2026-03-06 13:48:09,015 - INFO - 第 3000/20000 局 (15.0%)
2026-03-06 13:48:09,015 - INFO - 速度: 5.0局/秒, 已用: 10.1分钟
2026-03-06 13:48:09,015 - INFO - 总战绩: AI1 1518胜, AI2 1469胜, 平局 13
2026-03-06 13:48:09,015 - INFO - 近期100局: AI1 61.0%, AI2 38.0%, 平局 1.0%
2026-03-06 13:48:09,015 - INFO - 胜率差距: 23.0%
2026-03-06 13:48:09,015 - INFO - 防守统计: 总142677次, 平均47.56次/局
2026-03-06 13:48:09,015 - INFO - 参数: AI1 ε=0.025, lr=0.150
2026-03-06 13:48:09,015 - INFO -        AI2 ε=0.050, lr=0.150
2026-03-06 13:48:09,016 - INFO - ==================================================
2026-03-06 13:48:31,634 - INFO - 
⚖️ 调整 #31: 差距=18.0% 平局=0.0%
2026-03-06 13:48:31,635 - INFO - 
⚖️ 平衡调整 #31: 微调 差距=18.0% 平局率=0.0% 减少探索
2026-03-06 13:48:31,635 - INFO -   AI2(强): ε 0.037→0.039, lr 0.150→0.150
2026-03-06 13:48:31,636 - INFO -   AI1(弱): ε 0.021→0.050, lr 0.150→0.150
2026-03-06 13:48:54,620 - INFO - 
⚖️ 调整 #32: 差距=5.0% 平局=1.0%
2026-03-06 13:48:54,620 - INFO - 
⚖️ 平衡调整 #32: 微调 差距=5.0% 平局率=1.0% 减少探索
2026-03-06 13:48:54,620 - INFO -   AI1(强): ε 0.038→0.040, lr 0.150→0.150
2026-03-06 13:48:54,620 - INFO -   AI2(弱): ε 0.031→0.050, lr 0.150→0.150
2026-03-06 13:49:17,621 - INFO - 
⚖️ 调整 #33: 差距=2.0% 平局=0.0%
2026-03-06 13:49:17,621 - INFO - 
⚖️ 平衡调整 #33: 微调 差距=2.0% 平局率=0.0% 减少探索
2026-03-06 13:49:17,622 - INFO -   AI1(强): ε 0.031→0.033, lr 0.150→0.150
2026-03-06 13:49:17,622 - INFO -   AI2(弱): ε 0.039→0.050, lr 0.150→0.150
2026-03-06 13:49:39,812 - INFO - 
⚖️ 调整 #34: 差距=10.0% 平局=0.0%
2026-03-06 13:49:39,813 - INFO - 
⚖️ 平衡调整 #34: 微调 差距=10.0% 平局率=0.0% 减少探索
2026-03-06 13:49:39,813 - INFO -   AI2(强): ε 0.038→0.040, lr 0.150→0.150
2026-03-06 13:49:39,813 - INFO -   AI1(弱): ε 0.026→0.050, lr 0.150→0.150
2026-03-06 13:50:02,144 - INFO - 
⚖️ 调整 #35: 差距=22.0% 平局=0.0%
2026-03-06 13:50:02,145 - INFO - 
⚖️ 平衡调整 #35: 微调 差距=22.0% 平局率=0.0% 减少探索
2026-03-06 13:50:02,145 - INFO -   AI1(强): ε 0.037→0.039, lr 0.150→0.150
2026-03-06 13:50:02,145 - INFO -   AI2(弱): ε 0.033→0.050, lr 0.150→0.150
2026-03-06 13:50:02,145 - INFO - 
==================================================
2026-03-06 13:50:02,145 - INFO - 第 3500/20000 局 (17.5%)
2026-03-06 13:50:02,145 - INFO - 速度: 4.9局/秒, 已用: 12.0分钟
2026-03-06 13:50:02,145 - INFO - 总战绩: AI1 1768胜, AI2 1718胜, 平局 14
2026-03-06 13:50:02,145 - INFO - 近期100局: AI1 61.0%, AI2 39.0%, 平局 0.0%
2026-03-06 13:50:02,145 - INFO - 胜率差距: 22.0%
2026-03-06 13:50:02,145 - INFO - 防守统计: 总165958次, 平均47.42次/局
2026-03-06 13:50:02,147 - INFO - 参数: AI1 ε=0.039, lr=0.150
2026-03-06 13:50:02,147 - INFO -        AI2 ε=0.050, lr=0.150
2026-03-06 13:50:02,147 - INFO - ==================================================
2026-03-06 13:50:25,089 - INFO - 
⚖️ 调整 #36: 差距=15.0% 平局=1.0%
2026-03-06 13:50:25,089 - INFO - 
⚖️ 平衡调整 #36: 微调 差距=15.0% 平局率=1.0% 减少探索
2026-03-06 13:50:25,090 - INFO -   AI1(强): ε 0.029→0.031, lr 0.150→0.150
2026-03-06 13:50:25,090 - INFO -   AI2(弱): ε 0.040→0.050, lr 0.150→0.150
2026-03-06 13:50:47,307 - INFO - 
⚖️ 调整 #37: 差距=2.0% 平局=0.0%
2026-03-06 13:50:47,308 - INFO - 
⚖️ 平衡调整 #37: 微调 差距=2.0% 平局率=0.0% 减少探索
2026-03-06 13:50:47,308 - INFO -   AI1(强): ε 0.024→0.025, lr 0.150→0.150
2026-03-06 13:50:47,308 - INFO -   AI2(弱): ε 0.039→0.050, lr 0.150→0.150
2026-03-06 13:51:12,076 - INFO - 
⚖️ 调整 #38: 差距=14.0% 平局=0.0%
2026-03-06 13:51:12,076 - INFO - 
⚖️ 平衡调整 #38: 微调 差距=14.0% 平局率=0.0% 减少探索
2026-03-06 13:51:12,076 - INFO -   AI2(强): ε 0.038→0.039, lr 0.150→0.150
2026-03-06 13:51:12,076 - INFO -   AI1(弱): ε 0.020→0.050, lr 0.150→0.150
2026-03-06 13:51:34,622 - INFO - 
⚖️ 调整 #39: 差距=0.0% 平局=0.0%
2026-03-06 13:51:34,622 - INFO - 
⚖️ 平衡调整 #39: 微调 差距=0.0% 平局率=0.0% 减少探索
2026-03-06 13:51:34,622 - INFO -   AI2(强): ε 0.031→0.032, lr 0.150→0.150
2026-03-06 13:51:34,622 - INFO -   AI1(弱): ε 0.039→0.050, lr 0.150→0.150
2026-03-06 13:51:57,010 - INFO - 
⚖️ 调整 #40: 差距=6.0% 平局=0.0%
2026-03-06 13:51:57,010 - INFO - 
⚖️ 平衡调整 #40: 微调 差距=6.0% 平局率=0.0% 减少探索
2026-03-06 13:51:57,010 - INFO -   AI1(强): ε 0.038→0.040, lr 0.150→0.150
2026-03-06 13:51:57,010 - INFO -   AI2(弱): ε 0.025→0.050, lr 0.150→0.150
2026-03-06 13:51:57,010 - INFO - 
==================================================
2026-03-06 13:51:57,010 - INFO - 第 4000/20000 局 (20.0%)
2026-03-06 13:51:57,010 - INFO - 速度: 4.8局/秒, 已用: 13.9分钟
2026-03-06 13:51:57,010 - INFO - 总战绩: AI1 2022胜, AI2 1963胜, 平局 15
2026-03-06 13:51:57,010 - INFO - 近期100局: AI1 53.0%, AI2 47.0%, 平局 0.0%
2026-03-06 13:51:57,010 - INFO - 胜率差距: 6.0%
2026-03-06 13:51:57,011 - INFO - 防守统计: 总189493次, 平均47.37次/局
2026-03-06 13:51:57,011 - INFO - 参数: AI1 ε=0.040, lr=0.150
2026-03-06 13:51:57,011 - INFO -        AI2 ε=0.050, lr=0.150
2026-03-06 13:51:57,011 - INFO - ==================================================
2026-03-06 13:52:20,972 - INFO - 
⚖️ 调整 #41: 差距=4.0% 平局=0.0%
2026-03-06 13:52:20,973 - INFO - 
⚖️ 平衡调整 #41: 微调 差距=4.0% 平局率=0.0% 减少探索
2026-03-06 13:52:20,973 - INFO -   AI2(强): ε 0.039→0.040, lr 0.150→0.150
2026-03-06 13:52:20,973 - INFO -   AI1(弱): ε 0.032→0.050, lr 0.150→0.150
2026-03-06 13:52:43,894 - INFO - 
⚖️ 调整 #42: 差距=4.0% 平局=0.0%
2026-03-06 13:52:43,894 - INFO - 
⚖️ 平衡调整 #42: 微调 差距=4.0% 平局率=0.0% 减少探索
2026-03-06 13:52:43,894 - INFO -   AI2(强): ε 0.031→0.033, lr 0.150→0.150
2026-03-06 13:52:43,894 - INFO -   AI1(弱): ε 0.039→0.050, lr 0.150→0.150
2026-03-06 13:53:07,116 - INFO - 
⚖️ 调整 #43: 差距=1.0% 平局=1.0%
2026-03-06 13:53:07,116 - INFO - 
⚖️ 平衡调整 #43: 微调 差距=1.0% 平局率=1.0% 减少探索
2026-03-06 13:53:07,116 - INFO -   AI1(强): ε 0.039→0.041, lr 0.150→0.150
2026-03-06 13:53:07,116 - INFO -   AI2(弱): ε 0.025→0.050, lr 0.150→0.150
2026-03-06 13:53:29,408 - INFO - 
⚖️ 调整 #44: 差距=0.0% 平局=0.0%
2026-03-06 13:53:29,409 - INFO - 
⚖️ 平衡调整 #44: 微调 差距=0.0% 平局率=0.0% 减少探索
2026-03-06 13:53:29,409 - INFO -   AI2(强): ε 0.039→0.041, lr 0.150→0.150
2026-03-06 13:53:29,409 - INFO -   AI1(弱): ε 0.032→0.050, lr 0.150→0.150
2026-03-06 13:53:49,844 - INFO - 
⚖️ 调整 #45: 差距=2.0% 平局=0.0%
2026-03-06 13:53:49,877 - INFO - 
⚖️ 平衡调整 #45: 微调 差距=2.0% 平局率=0.0% 减少探索
2026-03-06 13:53:49,877 - INFO -   AI1(强): ε 0.039→0.041, lr 0.150→0.150
2026-03-06 13:53:49,877 - INFO -   AI2(弱): ε 0.032→0.050, lr 0.150→0.150
2026-03-06 13:53:49,877 - INFO - 
==================================================
2026-03-06 13:53:49,877 - INFO - 第 4500/20000 局 (22.5%)
2026-03-06 13:53:49,877 - INFO - 速度: 4.8局/秒, 已用: 15.8分钟
2026-03-06 13:53:49,877 - INFO - 总战绩: AI1 2269胜, AI2 2215胜, 平局 16
2026-03-06 13:53:49,877 - INFO - 近期100局: AI1 51.0%, AI2 49.0%, 平局 0.0%
2026-03-06 13:53:49,877 - INFO - 胜率差距: 2.0%
2026-03-06 13:53:49,877 - INFO - 防守统计: 总212988次, 平均47.33次/局
2026-03-06 13:53:49,877 - INFO - 参数: AI1 ε=0.041, lr=0.150
2026-03-06 13:53:49,878 - INFO -        AI2 ε=0.050, lr=0.150
2026-03-06 13:53:49,878 - INFO - ==================================================
2026-03-06 13:54:12,054 - INFO - 
⚖️ 调整 #46: 差距=20.0% 平局=0.0%
2026-03-06 13:54:12,055 - INFO - 
⚖️ 平衡调整 #46: 微调 差距=20.0% 平局率=0.0% 减少探索
2026-03-06 13:54:12,055 - INFO -   AI1(强): ε 0.030→0.032, lr 0.150→0.150
2026-03-06 13:54:12,055 - INFO -   AI2(弱): ε 0.041→0.050, lr 0.150→0.150
2026-03-06 13:54:34,319 - INFO - 
⚖️ 调整 #47: 差距=8.0% 平局=0.0%
2026-03-06 13:54:34,319 - INFO - 
⚖️ 平衡调整 #47: 微调 差距=8.0% 平局率=0.0% 减少探索
2026-03-06 13:54:34,319 - INFO -   AI2(强): ε 0.038→0.040, lr 0.150→0.150
2026-03-06 13:54:34,319 - INFO -   AI1(弱): ε 0.025→0.050, lr 0.150→0.150
2026-03-06 13:54:55,335 - INFO - 
⚖️ 调整 #48: 差距=7.0% 平局=1.0%
2026-03-06 13:54:55,336 - INFO - 
⚖️ 平衡调整 #48: 微调 差距=7.0% 平局率=1.0% 减少探索
2026-03-06 13:54:55,336 - INFO -   AI1(强): ε 0.038→0.040, lr 0.150→0.150
2026-03-06 13:54:55,336 - INFO -   AI2(弱): ε 0.032→0.050, lr 0.150→0.150
2026-03-06 13:55:14,824 - INFO - 
⚖️ 调整 #49: 差距=10.0% 平局=0.0%
2026-03-06 13:55:14,825 - INFO - 
⚖️ 平衡调整 #49: 微调 差距=10.0% 平局率=0.0% 减少探索
2026-03-06 13:55:14,825 - INFO -   AI1(强): ε 0.030→0.032, lr 0.150→0.150
2026-03-06 13:55:14,825 - INFO -   AI2(弱): ε 0.040→0.050, lr 0.150→0.150
2026-03-06 13:55:34,707 - INFO - 
⚖️ 调整 #50: 差距=10.0% 平局=0.0%
2026-03-06 13:55:34,707 - INFO - 
⚖️ 平衡调整 #50: 微调 差距=10.0% 平局率=0.0% 减少探索
2026-03-06 13:55:34,708 - INFO -   AI2(强): ε 0.038→0.040, lr 0.150→0.150
2026-03-06 13:55:34,708 - INFO -   AI1(弱): ε 0.025→0.050, lr 0.150→0.150
2026-03-06 13:55:34,708 - INFO - 
==================================================
2026-03-06 13:55:34,708 - INFO - 第 5000/20000 局 (25.0%)
2026-03-06 13:55:34,708 - INFO - 速度: 4.8局/秒, 已用: 17.5分钟
2026-03-06 13:55:34,708 - INFO - 总战绩: AI1 2528胜, AI2 2455胜, 平局 17
2026-03-06 13:55:34,708 - INFO - 近期100局: AI1 45.0%, AI2 55.0%, 平局 0.0%
2026-03-06 13:55:34,708 - INFO - 胜率差距: 10.0%
2026-03-06 13:55:34,708 - INFO - 防守统计: 总236760次, 平均47.35次/局
2026-03-06 13:55:34,708 - INFO - 参数: AI1 ε=0.050, lr=0.150
2026-03-06 13:55:34,708 - INFO -        AI2 ε=0.040, lr=0.150
2026-03-06 13:55:34,708 - INFO - ==================================================
2026-03-06 13:55:34,708 - INFO - 
📊 第 5000 局检查点 速度:4.8局/秒
2026-03-06 13:55:34,709 - INFO -   战绩: AI1 2528胜 AI2 2455胜 平局 17
2026-03-06 13:55:34,709 - INFO -   胜率: AI1 50.6% AI2 49.1% 平局 0.3%
2026-03-06 13:55:34,709 - INFO -   差距:1.5% 防守:236760次
2026-03-06 13:55:35,660 - INFO - 模型已保存: AI1_checkpoint_5000_20260306_135534.pkl (1.79 MB, Q表:128180)
2026-03-06 13:55:36,598 - INFO - 模型已保存: AI2_checkpoint_5000_20260306_135534.pkl (1.78 MB, Q表:128177)
2026-03-06 13:55:39,672 - INFO -   统计图已保存: stats_ep5000.png
2026-03-06 13:56:00,326 - INFO - 
⚖️ 调整 #51: 差距=4.0% 平局=0.0%
2026-03-06 13:56:00,326 - INFO - 
⚖️ 平衡调整 #51: 微调 差距=4.0% 平局率=0.0% 减少探索
2026-03-06 13:56:00,326 - INFO -   AI1(强): ε 0.039→0.040, lr 0.150→0.150
2026-03-06 13:56:00,326 - INFO -   AI2(弱): ε 0.031→0.050, lr 0.150→0.150
2026-03-06 13:56:19,437 - INFO - 
⚖️ 调整 #52: 差距=3.0% 平局=1.0%
2026-03-06 13:56:19,438 - INFO - 
⚖️ 平衡调整 #52: 微调 差距=3.0% 平局率=1.0% 减少探索
2026-03-06 13:56:19,438 - INFO -   AI1(强): ε 0.031→0.033, lr 0.150→0.150
2026-03-06 13:56:19,438 - INFO -   AI2(弱): ε 0.039→0.050, lr 0.150→0.150
2026-03-06 13:56:38,586 - INFO - 
⚖️ 调整 #53: 差距=8.0% 平局=0.0%
2026-03-06 13:56:38,587 - INFO - 
⚖️ 平衡调整 #53: 微调 差距=8.0% 平局率=0.0% 减少探索
2026-03-06 13:56:38,587 - INFO -   AI2(强): ε 0.038→0.040, lr 0.150→0.150
2026-03-06 13:56:38,587 - INFO -   AI1(弱): ε 0.026→0.050, lr 0.150→0.150
2026-03-06 13:56:57,054 - INFO - 
⚖️ 调整 #54: 差距=4.0% 平局=0.0%
2026-03-06 13:56:57,054 - INFO - 
⚖️ 平衡调整 #54: 微调 差距=4.0% 平局率=0.0% 减少探索
2026-03-06 13:56:57,054 - INFO -   AI1(强): ε 0.039→0.040, lr 0.150→0.150
2026-03-06 13:56:57,054 - INFO -   AI2(弱): ε 0.031→0.050, lr 0.150→0.150
2026-03-06 13:57:17,502 - INFO - 
⚖️ 调整 #55: 差距=14.0% 平局=0.0%
2026-03-06 13:57:17,503 - INFO - 
⚖️ 平衡调整 #55: 微调 差距=14.0% 平局率=0.0% 减少探索
2026-03-06 13:57:17,503 - INFO -   AI1(强): ε 0.030→0.032, lr 0.150→0.150
2026-03-06 13:57:17,503 - INFO -   AI2(弱): ε 0.040→0.050, lr 0.150→0.150
2026-03-06 13:57:17,503 - INFO - 
==================================================
2026-03-06 13:57:17,503 - INFO - 第 5500/20000 局 (27.5%)
2026-03-06 13:57:17,503 - INFO - 速度: 4.8局/秒, 已用: 19.2分钟
2026-03-06 13:57:17,503 - INFO - 总战绩: AI1 2786胜, AI2 2696胜, 平局 18
2026-03-06 13:57:17,503 - INFO - 近期100局: AI1 57.0%, AI2 43.0%, 平局 0.0%
2026-03-06 13:57:17,503 - INFO - 胜率差距: 14.0%
2026-03-06 13:57:17,503 - INFO - 防守统计: 总260993次, 平均47.45次/局
2026-03-06 13:57:17,503 - INFO - 参数: AI1 ε=0.032, lr=0.150
2026-03-06 13:57:17,504 - INFO -        AI2 ε=0.050, lr=0.150
2026-03-06 13:57:17,504 - INFO - ==================================================
2026-03-06 13:57:39,821 - INFO - 
⚖️ 调整 #56: 差距=4.0% 平局=0.0%
2026-03-06 13:57:39,822 - INFO - 
⚖️ 平衡调整 #56: 微调 差距=4.0% 平局率=0.0% 减少探索
2026-03-06 13:57:39,822 - INFO -   AI1(强): ε 0.025→0.026, lr 0.150→0.150
2026-03-06 13:57:39,822 - INFO -   AI2(弱): ε 0.039→0.050, lr 0.150→0.150
2026-03-06 13:58:02,226 - INFO - 
⚖️ 调整 #57: 差距=20.0% 平局=0.0%
2026-03-06 13:58:02,226 - INFO - 
⚖️ 平衡调整 #57: 微调 差距=20.0% 平局率=0.0% 减少探索
2026-03-06 13:58:02,226 - INFO -   AI1(强): ε 0.019→0.020, lr 0.150→0.150
2026-03-06 13:58:02,227 - INFO -   AI2(弱): ε 0.041→0.050, lr 0.150→0.150
2026-03-06 13:58:23,749 - INFO - 
⚖️ 调整 #58: 差距=2.0% 平局=0.0%
2026-03-06 13:58:23,749 - INFO - 
⚖️ 平衡调整 #58: 微调 差距=2.0% 平局率=0.0% 减少探索
2026-03-06 13:58:23,753 - INFO -   AI2(强): ε 0.039→0.041, lr 0.150→0.150
2026-03-06 13:58:23,753 - INFO -   AI1(弱): ε 0.016→0.050, lr 0.150→0.150
2026-03-06 13:58:45,074 - INFO - 
⚖️ 调整 #59: 差距=5.0% 平局=1.0%
2026-03-06 13:58:45,075 - INFO - 
⚖️ 平衡调整 #59: 微调 差距=5.0% 平局率=1.0% 减少探索
2026-03-06 13:58:45,075 - INFO -   AI2(强): ε 0.031→0.033, lr 0.150→0.150
2026-03-06 13:58:45,075 - INFO -   AI1(弱): ε 0.040→0.050, lr 0.150→0.150
2026-03-06 13:59:06,454 - INFO - 
⚖️ 调整 #60: 差距=10.0% 平局=0.0%
2026-03-06 13:59:06,454 - INFO - 
⚖️ 平衡调整 #60: 微调 差距=10.0% 平局率=0.0% 减少探索
2026-03-06 13:59:06,454 - INFO -   AI1(强): ε 0.038→0.040, lr 0.150→0.150
2026-03-06 13:59:06,454 - INFO -   AI2(弱): ε 0.026→0.050, lr 0.150→0.150
2026-03-06 13:59:06,454 - INFO - 
==================================================
2026-03-06 13:59:06,454 - INFO - 第 6000/20000 局 (30.0%)
2026-03-06 13:59:06,454 - INFO - 速度: 4.8局/秒, 已用: 21.0分钟
2026-03-06 13:59:06,455 - INFO - 总战绩: AI1 3049胜, AI2 2932胜, 平局 19
2026-03-06 13:59:06,455 - INFO - 近期100局: AI1 55.0%, AI2 45.0%, 平局 0.0%
2026-03-06 13:59:06,455 - INFO - 胜率差距: 10.0%
2026-03-06 13:59:06,455 - INFO - 防守统计: 总284815次, 平均47.47次/局
2026-03-06 13:59:06,455 - INFO - 参数: AI1 ε=0.040, lr=0.150
2026-03-06 13:59:06,455 - INFO -        AI2 ε=0.050, lr=0.150
2026-03-06 13:59:06,455 - INFO - ==================================================
2026-03-06 13:59:28,864 - INFO - 
⚖️ 调整 #61: 差距=2.0% 平局=0.0%
2026-03-06 13:59:28,864 - INFO - 
⚖️ 平衡调整 #61: 微调 差距=2.0% 平局率=0.0% 减少探索
2026-03-06 13:59:28,864 - INFO -   AI1(强): ε 0.031→0.032, lr 0.150→0.150
2026-03-06 13:59:28,864 - INFO -   AI2(弱): ε 0.039→0.050, lr 0.150→0.150
2026-03-06 13:59:50,380 - INFO - 
⚖️ 调整 #62: 差距=4.0% 平局=0.0%
2026-03-06 13:59:50,380 - INFO - 
⚖️ 平衡调整 #62: 微调 差距=4.0% 平局率=0.0% 减少探索
2026-03-06 13:59:50,380 - INFO -   AI2(强): ε 0.039→0.040, lr 0.150→0.150
2026-03-06 13:59:50,380 - INFO -   AI1(弱): ε 0.025→0.050, lr 0.150→0.150
2026-03-06 14:00:10,851 - INFO - 
⚖️ 调整 #63: 差距=4.0% 平局=0.0%
2026-03-06 14:00:10,852 - INFO - 
⚖️ 平衡调整 #63: 微调 差距=4.0% 平局率=0.0% 减少探索
2026-03-06 14:00:10,852 - INFO -   AI1(强): ε 0.039→0.040, lr 0.150→0.150
2026-03-06 14:00:10,852 - INFO -   AI2(弱): ε 0.032→0.050, lr 0.150→0.150
2026-03-06 14:00:31,771 - INFO - 
⚖️ 调整 #64: 差距=2.0% 平局=0.0%
2026-03-06 14:00:31,771 - INFO - 
⚖️ 平衡调整 #64: 微调 差距=2.0% 平局率=0.0% 减少探索
2026-03-06 14:00:31,772 - INFO -   AI1(强): ε 0.031→0.033, lr 0.150→0.150
2026-03-06 14:00:31,772 - INFO -   AI2(弱): ε 0.039→0.050, lr 0.150→0.150
2026-03-06 14:00:52,036 - INFO - 
⚖️ 调整 #65: 差距=14.0% 平局=0.0%
2026-03-06 14:00:52,037 - INFO - 
⚖️ 平衡调整 #65: 微调 差距=14.0% 平局率=0.0% 减少探索
2026-03-06 14:00:52,037 - INFO -   AI2(强): ε 0.038→0.039, lr 0.150→0.150
2026-03-06 14:00:52,037 - INFO -   AI1(弱): ε 0.027→0.050, lr 0.150→0.150
2026-03-06 14:00:52,037 - INFO - 
==================================================
2026-03-06 14:00:52,037 - INFO - 第 6500/20000 局 (32.5%)
2026-03-06 14:00:52,037 - INFO - 速度: 4.8局/秒, 已用: 22.8分钟
2026-03-06 14:00:52,037 - INFO - 总战绩: AI1 3294胜, AI2 3187胜, 平局 19
2026-03-06 14:00:52,037 - INFO - 近期100局: AI1 43.0%, AI2 57.0%, 平局 0.0%
2026-03-06 14:00:52,037 - INFO - 胜率差距: 14.0%
2026-03-06 14:00:52,037 - INFO - 防守统计: 总308601次, 平均47.48次/局
2026-03-06 14:00:52,037 - INFO - 参数: AI1 ε=0.050, lr=0.150
2026-03-06 14:00:52,037 - INFO -        AI2 ε=0.039, lr=0.150
2026-03-06 14:00:52,037 - INFO - ==================================================
2026-03-06 14:01:11,404 - INFO - 
⚖️ 调整 #66: 差距=19.0% 平局=1.0%
2026-03-06 14:01:11,404 - INFO - 
⚖️ 平衡调整 #66: 微调 差距=19.0% 平局率=1.0% 减少探索
2026-03-06 14:01:11,404 - INFO -   AI1(强): ε 0.037→0.039, lr 0.150→0.150
2026-03-06 14:01:11,404 - INFO -   AI2(弱): ε 0.032→0.050, lr 0.150→0.150
2026-03-06 14:01:31,357 - INFO - 
⚖️ 调整 #67: 差距=6.0% 平局=0.0%
2026-03-06 14:01:31,357 - INFO - 
⚖️ 平衡调整 #67: 微调 差距=6.0% 平局率=0.0% 减少探索
2026-03-06 14:01:31,357 - INFO -   AI1(强): ε 0.030→0.031, lr 0.150→0.150
2026-03-06 14:01:31,357 - INFO -   AI2(弱): ε 0.040→0.050, lr 0.150→0.150
2026-03-06 14:01:51,177 - INFO - 
⚖️ 调整 #68: 差距=18.0% 平局=0.0%
2026-03-06 14:01:51,177 - INFO - 
⚖️ 平衡调整 #68: 微调 差距=18.0% 平局率=0.0% 减少探索
2026-03-06 14:01:51,178 - INFO -   AI2(强): ε 0.037→0.039, lr 0.150→0.150
2026-03-06 14:01:51,178 - INFO -   AI1(弱): ε 0.026→0.050, lr 0.150→0.150
2026-03-06 14:02:11,339 - INFO - 
⚖️ 调整 #69: 差距=10.0% 平局=0.0%
2026-03-06 14:02:11,339 - INFO - 
⚖️ 平衡调整 #69: 微调 差距=10.0% 平局率=0.0% 减少探索
2026-03-06 14:02:11,339 - INFO -   AI2(强): ε 0.030→0.031, lr 0.150→0.150
2026-03-06 14:02:11,339 - INFO -   AI1(弱): ε 0.040→0.050, lr 0.150→0.150
2026-03-06 14:02:31,485 - INFO - 
⚖️ 调整 #70: 差距=6.0% 平局=0.0%
2026-03-06 14:02:31,485 - INFO - 
⚖️ 平衡调整 #70: 微调 差距=6.0% 平局率=0.0% 减少探索
2026-03-06 14:02:31,485 - INFO -   AI2(强): ε 0.024→0.025, lr 0.150→0.150
2026-03-06 14:02:31,485 - INFO -   AI1(弱): ε 0.040→0.050, lr 0.150→0.150
2026-03-06 14:02:31,485 - INFO - 
==================================================
2026-03-06 14:02:31,486 - INFO - 第 7000/20000 局 (35.0%)
2026-03-06 14:02:31,486 - INFO - 速度: 4.8局/秒, 已用: 24.5分钟
2026-03-06 14:02:31,486 - INFO - 总战绩: AI1 3539胜, AI2 3441胜, 平局 20
2026-03-06 14:02:31,486 - INFO - 近期100局: AI1 47.0%, AI2 53.0%, 平局 0.0%
2026-03-06 14:02:31,486 - INFO - 胜率差距: 6.0%
2026-03-06 14:02:31,486 - INFO - 防守统计: 总332410次, 平均47.49次/局
2026-03-06 14:02:31,487 - INFO - 参数: AI1 ε=0.050, lr=0.150
2026-03-06 14:02:31,487 - INFO -        AI2 ε=0.025, lr=0.150
2026-03-06 14:02:31,487 - INFO - ==================================================
2026-03-06 14:02:52,211 - INFO - 
⚖️ 调整 #71: 差距=15.0% 平局=1.0%
2026-03-06 14:02:52,212 - INFO - 
⚖️ 平衡调整 #71: 微调 差距=15.0% 平局率=1.0% 减少探索
2026-03-06 14:02:52,212 - INFO -   AI2(强): ε 0.019→0.020, lr 0.150→0.150
2026-03-06 14:02:52,212 - INFO -   AI1(弱): ε 0.040→0.050, lr 0.150→0.150
2026-03-06 14:03:11,751 - INFO - 
⚖️ 调整 #72: 差距=2.0% 平局=0.0%
2026-03-06 14:03:11,751 - INFO - 
⚖️ 平衡调整 #72: 微调 差距=2.0% 平局率=0.0% 减少探索
2026-03-06 14:03:11,753 - INFO -   AI2(强): ε 0.015→0.016, lr 0.150→0.150
2026-03-06 14:03:11,753 - INFO -   AI1(弱): ε 0.039→0.050, lr 0.150→0.150
2026-03-06 14:03:30,905 - INFO - 
⚖️ 调整 #73: 差距=17.0% 平局=1.0%
2026-03-06 14:03:30,905 - INFO - 
⚖️ 平衡调整 #73: 微调 差距=17.0% 平局率=1.0% 减少探索
2026-03-06 14:03:30,905 - INFO -   AI1(强): ε 0.037→0.039, lr 0.150→0.150
2026-03-06 14:03:30,905 - INFO -   AI2(弱): ε 0.013→0.050, lr 0.150→0.150
2026-03-06 14:03:51,208 - INFO - 
⚖️ 调整 #74: 差距=4.0% 平局=0.0%
2026-03-06 14:03:51,209 - INFO - 
⚖️ 平衡调整 #74: 微调 差距=4.0% 平局率=0.0% 减少探索
2026-03-06 14:03:51,209 - INFO -   AI1(强): ε 0.030→0.032, lr 0.150→0.150
2026-03-06 14:03:51,209 - INFO -   AI2(弱): ε 0.039→0.050, lr 0.150→0.150
2026-03-06 14:04:12,870 - INFO - 
⚖️ 调整 #75: 差距=15.0% 平局=1.0%
2026-03-06 14:04:12,870 - INFO - 
⚖️ 平衡调整 #75: 微调 差距=15.0% 平局率=1.0% 减少探索
2026-03-06 14:04:12,870 - INFO -   AI2(强): ε 0.037→0.039, lr 0.150→0.150
2026-03-06 14:04:12,870 - INFO -   AI1(弱): ε 0.026→0.050, lr 0.150→0.150
2026-03-06 14:04:12,870 - INFO - 
==================================================
2026-03-06 14:04:12,870 - INFO - 第 7500/20000 局 (37.5%)
2026-03-06 14:04:12,871 - INFO - 速度: 4.8局/秒, 已用: 26.1分钟
2026-03-06 14:04:12,871 - INFO - 总战绩: AI1 3782胜, AI2 3695胜, 平局 23
2026-03-06 14:04:12,871 - INFO - 近期100局: AI1 42.0%, AI2 57.0%, 平局 1.0%
2026-03-06 14:04:12,871 - INFO - 胜率差距: 15.0%
2026-03-06 14:04:12,871 - INFO - 防守统计: 总356520次, 平均47.54次/局
2026-03-06 14:04:12,871 - INFO - 参数: AI1 ε=0.050, lr=0.150
2026-03-06 14:04:12,871 - INFO -        AI2 ε=0.039, lr=0.150
2026-03-06 14:04:12,871 - INFO - ==================================================
2026-03-06 14:04:37,225 - INFO - 
⚖️ 调整 #76: 差距=10.0% 平局=0.0%
2026-03-06 14:04:37,225 - INFO - 
⚖️ 平衡调整 #76: 微调 差距=10.0% 平局率=0.0% 减少探索
2026-03-06 14:04:37,225 - INFO -   AI2(强): ε 0.030→0.031, lr 0.150→0.150
2026-03-06 14:04:37,225 - INFO -   AI1(弱): ε 0.040→0.050, lr 0.150→0.150
2026-03-06 14:04:57,730 - INFO - 
⚖️ 调整 #77: 差距=7.0% 平局=1.0%
2026-03-06 14:04:57,730 - INFO - 
⚖️ 平衡调整 #77: 微调 差距=7.0% 平局率=1.0% 减少探索
2026-03-06 14:04:57,730 - INFO -   AI2(强): ε 0.024→0.025, lr 0.150→0.150
2026-03-06 14:04:57,730 - INFO -   AI1(弱): ε 0.040→0.050, lr 0.150→0.150
2026-03-06 14:05:16,024 - INFO - 
⚖️ 调整 #78: 差距=8.0% 平局=0.0%
2026-03-06 14:05:16,025 - INFO - 
⚖️ 平衡调整 #78: 微调 差距=8.0% 平局率=0.0% 减少探索
2026-03-06 14:05:16,025 - INFO -   AI1(强): ε 0.038→0.040, lr 0.150→0.150
2026-03-06 14:05:16,025 - INFO -   AI2(弱): ε 0.020→0.050, lr 0.150→0.150
2026-03-06 14:05:36,491 - INFO - 
⚖️ 调整 #79: 差距=8.0% 平局=0.0%
2026-03-06 14:05:36,491 - INFO - 
⚖️ 平衡调整 #79: 微调 差距=8.0% 平局率=0.0% 减少探索
2026-03-06 14:05:36,491 - INFO -   AI1(强): ε 0.031→0.032, lr 0.150→0.150
2026-03-06 14:05:36,491 - INFO -   AI2(弱): ε 0.040→0.050, lr 0.150→0.150
2026-03-06 14:05:55,935 - INFO - 
⚖️ 调整 #80: 差距=6.0% 平局=0.0%
2026-03-06 14:05:55,936 - INFO - 
⚖️ 平衡调整 #80: 微调 差距=6.0% 平局率=0.0% 减少探索
2026-03-06 14:05:55,936 - INFO -   AI2(强): ε 0.038→0.040, lr 0.150→0.150
2026-03-06 14:05:55,936 - INFO -   AI1(弱): ε 0.025→0.050, lr 0.150→0.150
2026-03-06 14:05:55,936 - INFO - 
==================================================
2026-03-06 14:05:55,936 - INFO - 第 8000/20000 局 (40.0%)
2026-03-06 14:05:55,936 - INFO - 速度: 4.8局/秒, 已用: 27.9分钟
2026-03-06 14:05:55,936 - INFO - 总战绩: AI1 4028胜, AI2 3948胜, 平局 24
2026-03-06 14:05:55,936 - INFO - 近期100局: AI1 47.0%, AI2 53.0%, 平局 0.0%
2026-03-06 14:05:55,936 - INFO - 胜率差距: 6.0%
2026-03-06 14:05:55,936 - INFO - 防守统计: 总380031次, 平均47.50次/局
2026-03-06 14:05:55,936 - INFO - 参数: AI1 ε=0.050, lr=0.150
2026-03-06 14:05:55,936 - INFO -        AI2 ε=0.040, lr=0.150
2026-03-06 14:05:55,937 - INFO - ==================================================
2026-03-06 14:06:16,269 - INFO - 
⚖️ 调整 #81: 差距=5.0% 平局=1.0%
2026-03-06 14:06:16,269 - INFO - 
⚖️ 平衡调整 #81: 微调 差距=5.0% 平局率=1.0% 减少探索
2026-03-06 14:06:16,269 - INFO -   AI1(强): ε 0.039→0.040, lr 0.150→0.150
2026-03-06 14:06:16,270 - INFO -   AI2(弱): ε 0.032→0.050, lr 0.150→0.150
2026-03-06 14:06:37,069 - INFO - 
⚖️ 调整 #82: 差距=26.0% 平局=0.0%
2026-03-06 14:06:37,069 - INFO - 
⚖️ 平衡调整 #82: 差距>25% 差距=26.0% 平局率=0.0% 减少探索
2026-03-06 14:06:37,069 - INFO -   AI2(强): ε 0.036→0.038, lr 0.150→0.158
2026-03-06 14:06:37,069 - INFO -   AI1(弱): ε 0.034→0.050, lr 0.150→0.158
2026-03-06 14:06:59,508 - INFO - 
⚖️ 调整 #83: 差距=2.0% 平局=0.0%
2026-03-06 14:06:59,508 - INFO - 
⚖️ 平衡调整 #83: 微调 差距=2.0% 平局率=0.0% 减少探索
2026-03-06 14:06:59,508 - INFO -   AI1(强): ε 0.039→0.041, lr 0.158→0.158
2026-03-06 14:06:59,508 - INFO -   AI2(弱): ε 0.030→0.050, lr 0.158→0.158
2026-03-06 14:07:20,805 - INFO - 
⚖️ 调整 #84: 差距=10.0% 平局=0.0%
2026-03-06 14:07:20,805 - INFO - 
⚖️ 平衡调整 #84: 微调 差距=10.0% 平局率=0.0% 减少探索
2026-03-06 14:07:20,805 - INFO -   AI1(强): ε 0.031→0.032, lr 0.158→0.158
2026-03-06 14:07:20,805 - INFO -   AI2(弱): ε 0.040→0.050, lr 0.158→0.158
2026-03-06 14:07:41,663 - INFO - 
⚖️ 调整 #85: 差距=12.0% 平局=0.0%
2026-03-06 14:07:41,664 - INFO - 
⚖️ 平衡调整 #85: 微调 差距=12.0% 平局率=0.0% 减少探索
2026-03-06 14:07:41,665 - INFO -   AI1(强): ε 0.024→0.026, lr 0.158→0.158
2026-03-06 14:07:41,668 - INFO -   AI2(弱): ε 0.040→0.050, lr 0.158→0.158
2026-03-06 14:07:41,668 - INFO - 
==================================================
2026-03-06 14:07:41,669 - INFO - 第 8500/20000 局 (42.5%)
2026-03-06 14:07:41,669 - INFO - 速度: 4.8局/秒, 已用: 29.6分钟
2026-03-06 14:07:41,669 - INFO - 总战绩: AI1 4279胜, AI2 4196胜, 平局 25
2026-03-06 14:07:41,669 - INFO - 近期100局: AI1 56.0%, AI2 44.0%, 平局 0.0%
2026-03-06 14:07:41,669 - INFO - 胜率差距: 12.0%
2026-03-06 14:07:41,669 - INFO - 防守统计: 总403861次, 平均47.51次/局
2026-03-06 14:07:41,669 - INFO - 参数: AI1 ε=0.026, lr=0.158
2026-03-06 14:07:41,669 - INFO -        AI2 ε=0.050, lr=0.158
2026-03-06 14:07:41,669 - INFO - ==================================================
2026-03-06 14:08:03,334 - INFO - 
⚖️ 调整 #86: 差距=20.0% 平局=0.0%
2026-03-06 14:08:03,334 - INFO - 
⚖️ 平衡调整 #86: 微调 差距=20.0% 平局率=0.0% 减少探索
2026-03-06 14:08:03,335 - INFO -   AI2(强): ε 0.037→0.039, lr 0.158→0.158
2026-03-06 14:08:03,335 - INFO -   AI1(弱): ε 0.021→0.050, lr 0.158→0.158
2026-03-06 14:08:23,675 - INFO - 
⚖️ 调整 #87: 差距=7.0% 平局=1.0%
2026-03-06 14:08:23,676 - INFO - 
⚖️ 平衡调整 #87: 微调 差距=7.0% 平局率=1.0% 减少探索
2026-03-06 14:08:23,676 - INFO -   AI1(强): ε 0.038→0.040, lr 0.158→0.158
2026-03-06 14:08:23,676 - INFO -   AI2(弱): ε 0.031→0.050, lr 0.158→0.158
2026-03-06 14:08:44,241 - INFO - 
⚖️ 调整 #88: 差距=2.0% 平局=0.0%
2026-03-06 14:08:44,241 - INFO - 
⚖️ 平衡调整 #88: 微调 差距=2.0% 平局率=0.0% 减少探索
2026-03-06 14:08:44,241 - INFO -   AI2(强): ε 0.039→0.041, lr 0.158→0.158
2026-03-06 14:08:44,241 - INFO -   AI1(弱): ε 0.031→0.050, lr 0.158→0.158
2026-03-06 14:09:05,497 - INFO - 
⚖️ 调整 #89: 差距=4.0% 平局=0.0%
2026-03-06 14:09:05,497 - INFO - 
⚖️ 平衡调整 #89: 微调 差距=4.0% 平局率=0.0% 减少探索
2026-03-06 14:09:05,497 - INFO -   AI2(强): ε 0.031→0.033, lr 0.158→0.158
2026-03-06 14:09:05,497 - INFO -   AI1(弱): ε 0.039→0.050, lr 0.158→0.158
2026-03-06 14:09:27,704 - INFO - 
⚖️ 调整 #90: 差距=7.0% 平局=1.0%
2026-03-06 14:09:27,704 - INFO - 
⚖️ 平衡调整 #90: 微调 差距=7.0% 平局率=1.0% 减少探索
2026-03-06 14:09:27,704 - INFO -   AI2(强): ε 0.025→0.026, lr 0.158→0.158
2026-03-06 14:09:27,704 - INFO -   AI1(弱): ε 0.040→0.050, lr 0.158→0.158
2026-03-06 14:09:27,704 - INFO - 
==================================================
2026-03-06 14:09:27,705 - INFO - 第 9000/20000 局 (45.0%)
2026-03-06 14:09:27,705 - INFO - 速度: 4.8局/秒, 已用: 31.4分钟
2026-03-06 14:09:27,705 - INFO - 总战绩: AI1 4515胜, AI2 4458胜, 平局 27
2026-03-06 14:09:27,705 - INFO - 近期100局: AI1 46.0%, AI2 53.0%, 平局 1.0%
2026-03-06 14:09:27,705 - INFO - 胜率差距: 7.0%
2026-03-06 14:09:27,705 - INFO - 防守统计: 总427386次, 平均47.49次/局
2026-03-06 14:09:27,705 - INFO - 参数: AI1 ε=0.050, lr=0.158
2026-03-06 14:09:27,705 - INFO -        AI2 ε=0.026, lr=0.158
2026-03-06 14:09:27,705 - INFO - ==================================================
2026-03-06 14:09:48,307 - INFO - 
⚖️ 调整 #91: 差距=8.0% 平局=0.0%
2026-03-06 14:09:48,308 - INFO - 
⚖️ 平衡调整 #91: 微调 差距=8.0% 平局率=0.0% 减少探索
2026-03-06 14:09:48,308 - INFO -   AI1(强): ε 0.038→0.040, lr 0.158→0.158
2026-03-06 14:09:48,308 - INFO -   AI2(弱): ε 0.021→0.050, lr 0.158→0.158
2026-03-06 14:10:09,708 - INFO - 
⚖️ 调整 #92: 差距=6.0% 平局=0.0%
2026-03-06 14:10:09,708 - INFO - 
⚖️ 平衡调整 #92: 微调 差距=6.0% 平局率=0.0% 减少探索
2026-03-06 14:10:09,708 - INFO -   AI2(强): ε 0.038→0.040, lr 0.158→0.158
2026-03-06 14:10:09,708 - INFO -   AI1(弱): ε 0.032→0.050, lr 0.158→0.158
2026-03-06 14:10:29,550 - INFO - 
⚖️ 调整 #93: 差距=10.0% 平局=0.0%
2026-03-06 14:10:29,550 - INFO - 
⚖️ 平衡调整 #93: 微调 差距=10.0% 平局率=0.0% 减少探索
2026-03-06 14:10:29,550 - INFO -   AI1(强): ε 0.038→0.040, lr 0.158→0.158
2026-03-06 14:10:29,550 - INFO -   AI2(弱): ε 0.032→0.050, lr 0.158→0.158
2026-03-06 14:10:49,332 - INFO - 
⚖️ 调整 #94: 差距=1.0% 平局=1.0%
2026-03-06 14:10:49,332 - INFO - 
⚖️ 平衡调整 #94: 微调 差距=1.0% 平局率=1.0% 减少探索
2026-03-06 14:10:49,332 - INFO -   AI2(强): ε 0.039→0.041, lr 0.158→0.158
2026-03-06 14:10:49,332 - INFO -   AI1(弱): ε 0.031→0.050, lr 0.158→0.158
2026-03-06 14:11:11,336 - INFO - 
⚖️ 调整 #95: 差距=8.0% 平局=0.0%
2026-03-06 14:11:11,336 - INFO - 
⚖️ 平衡调整 #95: 微调 差距=8.0% 平局率=0.0% 减少探索
2026-03-06 14:11:11,336 - INFO -   AI2(强): ε 0.031→0.033, lr 0.158→0.158
2026-03-06 14:11:11,336 - INFO -   AI1(弱): ε 0.040→0.050, lr 0.158→0.158
2026-03-06 14:11:11,336 - INFO - 
==================================================
2026-03-06 14:11:11,337 - INFO - 第 9500/20000 局 (47.5%)
2026-03-06 14:11:11,337 - INFO - 速度: 4.8局/秒, 已用: 33.1分钟
2026-03-06 14:11:11,337 - INFO - 总战绩: AI1 4766胜, AI2 4706胜, 平局 28
2026-03-06 14:11:11,337 - INFO - 近期100局: AI1 46.0%, AI2 54.0%, 平局 0.0%
2026-03-06 14:11:11,337 - INFO - 胜率差距: 8.0%
2026-03-06 14:11:11,337 - INFO - 防守统计: 总451098次, 平均47.48次/局
2026-03-06 14:11:11,337 - INFO - 参数: AI1 ε=0.050, lr=0.158
2026-03-06 14:11:11,337 - INFO -        AI2 ε=0.033, lr=0.158
2026-03-06 14:11:11,337 - INFO - ==================================================
2026-03-06 14:11:32,165 - INFO - 
⚖️ 调整 #96: 差距=6.0% 平局=0.0%
2026-03-06 14:11:32,165 - INFO - 
⚖️ 平衡调整 #96: 微调 差距=6.0% 平局率=0.0% 减少探索
2026-03-06 14:11:32,165 - INFO -   AI2(强): ε 0.025→0.026, lr 0.158→0.158
2026-03-06 14:11:32,166 - INFO -   AI1(弱): ε 0.040→0.050, lr 0.158→0.158
2026-03-06 14:11:51,253 - INFO - 
⚖️ 调整 #97: 差距=3.0% 平局=1.0%
2026-03-06 14:11:51,253 - INFO - 
⚖️ 平衡调整 #97: 微调 差距=3.0% 平局率=1.0% 减少探索
2026-03-06 14:11:51,253 - INFO -   AI1(强): ε 0.039→0.040, lr 0.158→0.158
2026-03-06 14:11:51,253 - INFO -   AI2(弱): ε 0.021→0.050, lr 0.158→0.158
2026-03-06 14:12:13,060 - INFO - 
⚖️ 调整 #98: 差距=7.0% 平局=1.0%
2026-03-06 14:12:13,060 - INFO - 
⚖️ 平衡调整 #98: 微调 差距=7.0% 平局率=1.0% 减少探索
2026-03-06 14:12:13,061 - INFO -   AI2(强): ε 0.038→0.040, lr 0.158→0.158
2026-03-06 14:12:13,061 - INFO -   AI1(弱): ε 0.032→0.050, lr 0.158→0.158
2026-03-06 14:12:34,076 - INFO - 
⚖️ 调整 #99: 差距=0.0% 平局=0.0%
2026-03-06 14:12:34,076 - INFO - 
⚖️ 平衡调整 #99: 微调 差距=0.0% 平局率=0.0% 减少探索
2026-03-06 14:12:34,077 - INFO -   AI2(强): ε 0.031→0.033, lr 0.158→0.158
2026-03-06 14:12:34,077 - INFO -   AI1(弱): ε 0.039→0.050, lr 0.158→0.158
2026-03-06 14:12:54,021 - INFO - 
⚖️ 调整 #100: 差距=2.0% 平局=0.0%
2026-03-06 14:12:54,022 - INFO - 
⚖️ 平衡调整 #100: 微调 差距=2.0% 平局率=0.0% 减少探索
2026-03-06 14:12:54,022 - INFO -   AI2(强): ε 0.025→0.027, lr 0.158→0.158
2026-03-06 14:12:54,022 - INFO -   AI1(弱): ε 0.039→0.050, lr 0.158→0.158
2026-03-06 14:12:54,022 - INFO - 
==================================================
2026-03-06 14:12:54,022 - INFO - 第 10000/20000 局 (50.0%)
2026-03-06 14:12:54,022 - INFO - 速度: 4.8局/秒, 已用: 34.8分钟
2026-03-06 14:12:54,022 - INFO - 总战绩: AI1 5009胜, AI2 4961胜, 平局 30
2026-03-06 14:12:54,022 - INFO - 近期100局: AI1 49.0%, AI2 51.0%, 平局 0.0%
2026-03-06 14:12:54,022 - INFO - 胜率差距: 2.0%
2026-03-06 14:12:54,022 - INFO - 防守统计: 总475557次, 平均47.56次/局
2026-03-06 14:12:54,022 - INFO - 参数: AI1 ε=0.050, lr=0.158
2026-03-06 14:12:54,022 - INFO -        AI2 ε=0.027, lr=0.158
2026-03-06 14:12:54,022 - INFO - ==================================================
2026-03-06 14:12:54,022 - INFO - 
📊 第 10000 局检查点 速度:4.8局/秒
2026-03-06 14:12:54,023 - INFO -   战绩: AI1 5009胜 AI2 4961胜 平局 30
2026-03-06 14:12:54,023 - INFO -   胜率: AI1 50.1% AI2 49.6% 平局 0.3%
2026-03-06 14:12:54,023 - INFO -   差距:0.5% 防守:475557次
2026-03-06 14:12:55,799 - INFO - 模型已保存: AI1_checkpoint_10000_20260306_141254.pkl (3.58 MB, Q表:256630)
2026-03-06 14:12:57,548 - INFO - 模型已保存: AI2_checkpoint_10000_20260306_141254.pkl (3.58 MB, Q表:256650)
2026-03-06 14:13:00,391 - INFO -   统计图已保存: stats_ep10000.png
2026-03-06 14:13:22,023 - INFO - 
⚖️ 调整 #101: 差距=19.0% 平局=1.0%
2026-03-06 14:13:22,024 - INFO - 
⚖️ 平衡调整 #101: 微调 差距=19.0% 平局率=1.0% 减少探索
2026-03-06 14:13:22,024 - INFO -   AI1(强): ε 0.037→0.039, lr 0.158→0.158
2026-03-06 14:13:22,024 - INFO -   AI2(弱): ε 0.022→0.050, lr 0.158→0.158
2026-03-06 14:13:42,078 - INFO - 
⚖️ 调整 #102: 差距=8.0% 平局=0.0%
2026-03-06 14:13:42,078 - INFO - 
⚖️ 平衡调整 #102: 微调 差距=8.0% 平局率=0.0% 减少探索
2026-03-06 14:13:42,078 - INFO -   AI2(强): ε 0.038→0.040, lr 0.158→0.158
2026-03-06 14:13:42,078 - INFO -   AI1(弱): ε 0.031→0.050, lr 0.158→0.158
2026-03-06 14:14:01,900 - INFO - 
⚖️ 调整 #103: 差距=1.0% 平局=1.0%
2026-03-06 14:14:01,900 - INFO - 
⚖️ 平衡调整 #103: 微调 差距=1.0% 平局率=1.0% 减少探索
2026-03-06 14:14:01,900 - INFO -   AI2(强): ε 0.031→0.033, lr 0.158→0.158
2026-03-06 14:14:01,900 - INFO -   AI1(弱): ε 0.039→0.050, lr 0.158→0.158
2026-03-06 14:14:21,749 - INFO - 
⚖️ 调整 #104: 差距=3.0% 平局=1.0%
2026-03-06 14:14:21,749 - INFO - 
⚖️ 平衡调整 #104: 微调 差距=3.0% 平局率=1.0% 减少探索
2026-03-06 14:14:21,749 - INFO -   AI1(强): ε 0.039→0.041, lr 0.158→0.158
2026-03-06 14:14:21,749 - INFO -   AI2(弱): ε 0.026→0.050, lr 0.158→0.158
2026-03-06 14:14:43,008 - INFO - 
⚖️ 调整 #105: 差距=10.0% 平局=0.0%
2026-03-06 14:14:43,008 - INFO - 
⚖️ 平衡调整 #105: 微调 差距=10.0% 平局率=0.0% 减少探索
2026-03-06 14:14:43,008 - INFO -   AI2(强): ε 0.038→0.040, lr 0.158→0.158
2026-03-06 14:14:43,009 - INFO -   AI1(弱): ε 0.032→0.050, lr 0.158→0.158
2026-03-06 14:14:43,009 - INFO - 
==================================================
2026-03-06 14:14:43,009 - INFO - 第 10500/20000 局 (52.5%)
2026-03-06 14:14:43,009 - INFO - 速度: 4.8局/秒, 已用: 36.6分钟
2026-03-06 14:14:43,009 - INFO - 总战绩: AI1 5259胜, AI2 5208胜, 平局 33
2026-03-06 14:14:43,009 - INFO - 近期100局: AI1 45.0%, AI2 55.0%, 平局 0.0%
2026-03-06 14:14:43,009 - INFO - 胜率差距: 10.0%
2026-03-06 14:14:43,009 - INFO - 防守统计: 总498995次, 平均47.52次/局
2026-03-06 14:14:43,009 - INFO - 参数: AI1 ε=0.050, lr=0.158
2026-03-06 14:14:43,010 - INFO -        AI2 ε=0.040, lr=0.158
2026-03-06 14:14:43,010 - INFO - ==================================================
2026-03-06 14:15:03,477 - INFO - 
⚖️ 调整 #106: 差距=4.0% 平局=0.0%
2026-03-06 14:15:03,477 - INFO - 
⚖️ 平衡调整 #106: 微调 差距=4.0% 平局率=0.0% 减少探索
2026-03-06 14:15:03,478 - INFO -   AI2(强): ε 0.031→0.032, lr 0.158→0.158
2026-03-06 14:15:03,478 - INFO -   AI1(弱): ε 0.039→0.050, lr 0.158→0.158
2026-03-06 14:15:23,420 - INFO - 
⚖️ 调整 #107: 差距=11.0% 平局=1.0%
2026-03-06 14:15:23,421 - INFO - 
⚖️ 平衡调整 #107: 微调 差距=11.0% 平局率=1.0% 减少探索
2026-03-06 14:15:23,421 - INFO -   AI1(强): ε 0.038→0.040, lr 0.158→0.158
2026-03-06 14:15:23,421 - INFO -   AI2(弱): ε 0.026→0.050, lr 0.158→0.158
2026-03-06 14:15:44,690 - INFO - 
⚖️ 调整 #108: 差距=2.0% 平局=0.0%
2026-03-06 14:15:44,690 - INFO - 
⚖️ 平衡调整 #108: 微调 差距=2.0% 平局率=0.0% 减少探索
2026-03-06 14:15:44,690 - INFO -   AI1(强): ε 0.031→0.032, lr 0.158→0.158
2026-03-06 14:15:44,690 - INFO -   AI2(弱): ε 0.039→0.050, lr 0.158→0.158
2026-03-06 14:16:04,441 - INFO - 
⚖️ 调整 #109: 差距=18.0% 平局=0.0%
2026-03-06 14:16:04,441 - INFO - 
⚖️ 平衡调整 #109: 微调 差距=18.0% 平局率=0.0% 减少探索
2026-03-06 14:16:04,441 - INFO -   AI1(强): ε 0.024→0.025, lr 0.158→0.158
2026-03-06 14:16:04,441 - INFO -   AI2(弱): ε 0.041→0.050, lr 0.158→0.158
2026-03-06 14:16:27,656 - INFO - 
⚖️ 调整 #110: 差距=4.0% 平局=0.0%
2026-03-06 14:16:27,656 - INFO - 
⚖️ 平衡调整 #110: 微调 差距=4.0% 平局率=0.0% 减少探索
2026-03-06 14:16:27,657 - INFO -   AI2(强): ε 0.039→0.040, lr 0.158→0.158
2026-03-06 14:16:27,657 - INFO -   AI1(弱): ε 0.020→0.050, lr 0.158→0.158
2026-03-06 14:16:27,657 - INFO - 
==================================================
2026-03-06 14:16:27,657 - INFO - 第 11000/20000 局 (55.0%)
2026-03-06 14:16:27,657 - INFO - 速度: 4.8局/秒, 已用: 38.4分钟
2026-03-06 14:16:27,657 - INFO - 总战绩: AI1 5520胜, AI2 5446胜, 平局 34
2026-03-06 14:16:27,657 - INFO - 近期100局: AI1 48.0%, AI2 52.0%, 平局 0.0%
2026-03-06 14:16:27,657 - INFO - 胜率差距: 4.0%
2026-03-06 14:16:27,657 - INFO - 防守统计: 总522504次, 平均47.50次/局
2026-03-06 14:16:27,657 - INFO - 参数: AI1 ε=0.050, lr=0.158
2026-03-06 14:16:27,657 - INFO -        AI2 ε=0.040, lr=0.158
2026-03-06 14:16:27,657 - INFO - ==================================================
2026-03-06 14:16:49,858 - INFO - 
⚖️ 调整 #111: 差距=6.0% 平局=0.0%
2026-03-06 14:16:49,858 - INFO - 
⚖️ 平衡调整 #111: 微调 差距=6.0% 平局率=0.0% 减少探索
2026-03-06 14:16:49,858 - INFO -   AI1(强): ε 0.038→0.040, lr 0.158→0.158
2026-03-06 14:16:49,858 - INFO -   AI2(弱): ε 0.032→0.050, lr 0.158→0.158
2026-03-06 14:17:14,997 - INFO - 
⚖️ 调整 #112: 差距=25.0% 平局=1.0%
2026-03-06 14:17:14,997 - INFO - 
⚖️ 平衡调整 #112: 微调 差距=25.0% 平局率=1.0% 减少探索
2026-03-06 14:17:14,997 - INFO -   AI2(强): ε 0.036→0.038, lr 0.158→0.158
2026-03-06 14:17:14,997 - INFO -   AI1(弱): ε 0.033→0.050, lr 0.158→0.158
2026-03-06 14:17:38,217 - INFO - 
⚖️ 调整 #113: 差距=6.0% 平局=2.0%
2026-03-06 14:17:38,218 - INFO - 
⚖️ 平衡调整 #113: 微调 差距=6.0% 平局率=2.0% 减少探索
2026-03-06 14:17:38,218 - INFO -   AI1(强): ε 0.038→0.040, lr 0.158→0.158
2026-03-06 14:17:38,218 - INFO -   AI2(弱): ε 0.030→0.050, lr 0.158→0.158
2026-03-06 14:18:00,884 - INFO - 
⚖️ 调整 #114: 差距=0.0% 平局=0.0%
2026-03-06 14:18:00,885 - INFO - 
⚖️ 平衡调整 #114: 微调 差距=0.0% 平局率=0.0% 减少探索
2026-03-06 14:18:00,885 - INFO -   AI2(强): ε 0.039→0.041, lr 0.158→0.158
2026-03-06 14:18:00,885 - INFO -   AI1(弱): ε 0.031→0.050, lr 0.158→0.158
2026-03-06 14:18:23,024 - INFO - 
⚖️ 调整 #115: 差距=2.0% 平局=0.0%
2026-03-06 14:18:23,024 - INFO - 
⚖️ 平衡调整 #115: 微调 差距=2.0% 平局率=0.0% 减少探索
2026-03-06 14:18:23,024 - INFO -   AI2(强): ε 0.032→0.033, lr 0.158→0.158
2026-03-06 14:18:23,024 - INFO -   AI1(弱): ε 0.039→0.050, lr 0.158→0.158
2026-03-06 14:18:23,024 - INFO - 
==================================================
2026-03-06 14:18:23,024 - INFO - 第 11500/20000 局 (57.5%)
2026-03-06 14:18:23,024 - INFO - 速度: 4.8局/秒, 已用: 40.3分钟
2026-03-06 14:18:23,025 - INFO - 总战绩: AI1 5761胜, AI2 5702胜, 平局 37
2026-03-06 14:18:23,025 - INFO - 近期100局: AI1 49.0%, AI2 51.0%, 平局 0.0%
2026-03-06 14:18:23,025 - INFO - 胜率差距: 2.0%
2026-03-06 14:18:23,025 - INFO - 防守统计: 总546356次, 平均47.51次/局
2026-03-06 14:18:23,025 - INFO - 参数: AI1 ε=0.050, lr=0.158
2026-03-06 14:18:23,025 - INFO -        AI2 ε=0.033, lr=0.158
2026-03-06 14:18:23,025 - INFO - ==================================================
2026-03-06 14:18:46,224 - INFO - 
⚖️ 调整 #116: 差距=4.0% 平局=0.0%
2026-03-06 14:18:46,225 - INFO - 
⚖️ 平衡调整 #116: 微调 差距=4.0% 平局率=0.0% 减少探索
2026-03-06 14:18:46,225 - INFO -   AI2(强): ε 0.026→0.027, lr 0.158→0.158
2026-03-06 14:18:46,225 - INFO -   AI1(弱): ε 0.039→0.050, lr 0.158→0.158
2026-03-06 14:19:08,728 - INFO - 
⚖️ 调整 #117: 差距=9.0% 平局=1.0%
2026-03-06 14:19:08,728 - INFO - 
⚖️ 平衡调整 #117: 微调 差距=9.0% 平局率=1.0% 减少探索
2026-03-06 14:19:08,728 - INFO -   AI1(强): ε 0.038→0.040, lr 0.158→0.158
2026-03-06 14:19:08,728 - INFO -   AI2(弱): ε 0.021→0.050, lr 0.158→0.158
2026-03-06 14:19:31,671 - INFO - 
⚖️ 调整 #118: 差距=2.0% 平局=0.0%
2026-03-06 14:19:31,672 - INFO - 
⚖️ 平衡调整 #118: 微调 差距=2.0% 平局率=0.0% 减少探索
2026-03-06 14:19:31,672 - INFO -   AI2(强): ε 0.039→0.041, lr 0.158→0.158
2026-03-06 14:19:31,672 - INFO -   AI1(弱): ε 0.031→0.050, lr 0.158→0.158
2026-03-06 14:19:54,665 - INFO - 
⚖️ 调整 #119: 差距=2.0% 平局=0.0%
2026-03-06 14:19:54,665 - INFO - 
⚖️ 平衡调整 #119: 微调 差距=2.0% 平局率=0.0% 减少探索
2026-03-06 14:19:54,665 - INFO -   AI2(强): ε 0.031→0.033, lr 0.158→0.158
2026-03-06 14:19:54,665 - INFO -   AI1(弱): ε 0.039→0.050, lr 0.158→0.158
2026-03-06 14:20:15,490 - INFO - 
⚖️ 调整 #120: 差距=0.0% 平局=0.0%
2026-03-06 14:20:15,491 - INFO - 
⚖️ 平衡调整 #120: 微调 差距=0.0% 平局率=0.0% 减少探索
2026-03-06 14:20:15,491 - INFO -   AI2(强): ε 0.026→0.027, lr 0.158→0.158
2026-03-06 14:20:15,491 - INFO -   AI1(弱): ε 0.039→0.050, lr 0.158→0.158
2026-03-06 14:20:15,491 - INFO - 
==================================================
2026-03-06 14:20:15,491 - INFO - 第 12000/20000 局 (60.0%)
2026-03-06 14:20:15,491 - INFO - 速度: 4.7局/秒, 已用: 42.2分钟
2026-03-06 14:20:15,491 - INFO - 总战绩: AI1 6011胜, AI2 5951胜, 平局 38
2026-03-06 14:20:15,491 - INFO - 近期100局: AI1 50.0%, AI2 50.0%, 平局 0.0%
2026-03-06 14:20:15,491 - INFO - 胜率差距: 0.0%
2026-03-06 14:20:15,491 - INFO - 防守统计: 总570111次, 平均47.51次/局
2026-03-06 14:20:15,491 - INFO - 参数: AI1 ε=0.050, lr=0.158
2026-03-06 14:20:15,491 - INFO -        AI2 ε=0.027, lr=0.158
2026-03-06 14:20:15,491 - INFO - ==================================================
2026-03-06 14:20:36,619 - INFO - 
⚖️ 调整 #121: 差距=0.0% 平局=0.0%
2026-03-06 14:20:36,620 - INFO - 
⚖️ 平衡调整 #121: 微调 差距=0.0% 平局率=0.0% 减少探索
2026-03-06 14:20:36,621 - INFO -   AI2(强): ε 0.021→0.022, lr 0.158→0.158
2026-03-06 14:20:36,621 - INFO -   AI1(弱): ε 0.039→0.050, lr 0.158→0.158
2026-03-06 14:20:58,934 - INFO - 
⚖️ 调整 #122: 差距=7.0% 平局=1.0%
2026-03-06 14:20:58,934 - INFO - 
⚖️ 平衡调整 #122: 微调 差距=7.0% 平局率=1.0% 减少探索
2026-03-06 14:20:58,934 - INFO -   AI2(强): ε 0.017→0.018, lr 0.158→0.158
2026-03-06 14:20:58,934 - INFO -   AI1(弱): ε 0.040→0.050, lr 0.158→0.158
2026-03-06 14:21:21,142 - INFO - 
⚖️ 调整 #123: 差距=12.0% 平局=0.0%
2026-03-06 14:21:21,143 - INFO - 
⚖️ 平衡调整 #123: 微调 差距=12.0% 平局率=0.0% 减少探索
2026-03-06 14:21:21,143 - INFO -   AI2(强): ε 0.013→0.014, lr 0.158→0.158
2026-03-06 14:21:21,143 - INFO -   AI1(弱): ε 0.040→0.050, lr 0.158→0.158
2026-03-06 14:21:43,649 - INFO - 
⚖️ 调整 #124: 差距=12.0% 平局=0.0%
2026-03-06 14:21:43,649 - INFO - 
⚖️ 平衡调整 #124: 微调 差距=12.0% 平局率=0.0% 减少探索
2026-03-06 14:21:43,650 - INFO -   AI2(强): ε 0.011→0.011, lr 0.158→0.158
2026-03-06 14:21:43,650 - INFO -   AI1(弱): ε 0.040→0.050, lr 0.158→0.158
2026-03-06 14:22:06,325 - INFO - 
⚖️ 调整 #125: 差距=10.0% 平局=0.0%
2026-03-06 14:22:06,325 - INFO - 
⚖️ 平衡调整 #125: 微调 差距=10.0% 平局率=0.0% 减少探索
2026-03-06 14:22:06,325 - INFO -   AI1(强): ε 0.038→0.040, lr 0.158→0.158
2026-03-06 14:22:06,325 - INFO -   AI2(弱): ε 0.010→0.050, lr 0.158→0.158
2026-03-06 14:22:06,325 - INFO - 
==================================================
2026-03-06 14:22:06,325 - INFO - 第 12500/20000 局 (62.5%)
2026-03-06 14:22:06,325 - INFO - 速度: 4.7局/秒, 已用: 44.0分钟
2026-03-06 14:22:06,325 - INFO - 总战绩: AI1 6250胜, AI2 6211胜, 平局 39
2026-03-06 14:22:06,325 - INFO - 近期100局: AI1 55.0%, AI2 45.0%, 平局 0.0%
2026-03-06 14:22:06,325 - INFO - 胜率差距: 10.0%
2026-03-06 14:22:06,326 - INFO - 防守统计: 总594232次, 平均47.54次/局
2026-03-06 14:22:06,326 - INFO - 参数: AI1 ε=0.040, lr=0.158
2026-03-06 14:22:06,326 - INFO -        AI2 ε=0.050, lr=0.158
2026-03-06 14:22:06,326 - INFO - ==================================================
2026-03-06 14:22:27,812 - INFO - 
⚖️ 调整 #126: 差距=16.0% 平局=0.0%
2026-03-06 14:22:27,813 - INFO - 
⚖️ 平衡调整 #126: 微调 差距=16.0% 平局率=0.0% 减少探索
2026-03-06 14:22:27,813 - INFO -   AI2(强): ε 0.037→0.039, lr 0.158→0.158
2026-03-06 14:22:27,813 - INFO -   AI1(弱): ε 0.032→0.050, lr 0.158→0.158
2026-03-06 14:22:48,370 - INFO - 
⚖️ 调整 #127: 差距=3.0% 平局=1.0%
2026-03-06 14:22:48,370 - INFO - 
⚖️ 平衡调整 #127: 微调 差距=3.0% 平局率=1.0% 减少探索
2026-03-06 14:22:48,371 - INFO -   AI1(强): ε 0.039→0.040, lr 0.158→0.158
2026-03-06 14:22:48,371 - INFO -   AI2(弱): ε 0.031→0.050, lr 0.158→0.158
2026-03-06 14:23:10,834 - INFO - 
⚖️ 调整 #128: 差距=9.0% 平局=1.0%
2026-03-06 14:23:10,834 - INFO - 
⚖️ 平衡调整 #128: 微调 差距=9.0% 平局率=1.0% 减少探索
2026-03-06 14:23:10,834 - INFO -   AI1(强): ε 0.031→0.032, lr 0.158→0.158
2026-03-06 14:23:10,834 - INFO -   AI2(弱): ε 0.040→0.050, lr 0.158→0.158
2026-03-06 14:23:31,758 - INFO - 
⚖️ 调整 #129: 差距=8.0% 平局=0.0%
2026-03-06 14:23:31,758 - INFO - 
⚖️ 平衡调整 #129: 微调 差距=8.0% 平局率=0.0% 减少探索
2026-03-06 14:23:31,758 - INFO -   AI1(强): ε 0.025→0.026, lr 0.158→0.158
2026-03-06 14:23:31,758 - INFO -   AI2(弱): ε 0.040→0.050, lr 0.158→0.158
2026-03-06 14:23:52,950 - INFO - 
⚖️ 调整 #130: 差距=0.0% 平局=0.0%
2026-03-06 14:23:52,951 - INFO - 
⚖️ 平衡调整 #130: 微调 差距=0.0% 平局率=0.0% 减少探索
2026-03-06 14:23:52,951 - INFO -   AI2(强): ε 0.039→0.041, lr 0.158→0.158
2026-03-06 14:23:52,951 - INFO -   AI1(弱): ε 0.020→0.050, lr 0.158→0.158
2026-03-06 14:23:52,951 - INFO - 
==================================================
2026-03-06 14:23:52,951 - INFO - 第 13000/20000 局 (65.0%)
2026-03-06 14:23:52,951 - INFO - 速度: 4.7局/秒, 已用: 45.8分钟
2026-03-06 14:23:52,951 - INFO - 总战绩: AI1 6501胜, AI2 6458胜, 平局 41
2026-03-06 14:23:52,951 - INFO - 近期100局: AI1 50.0%, AI2 50.0%, 平局 0.0%
2026-03-06 14:23:52,951 - INFO - 胜率差距: 0.0%
2026-03-06 14:23:52,951 - INFO - 防守统计: 总618074次, 平均47.54次/局
2026-03-06 14:23:52,951 - INFO - 参数: AI1 ε=0.050, lr=0.158
2026-03-06 14:23:52,952 - INFO -        AI2 ε=0.041, lr=0.158
2026-03-06 14:23:52,952 - INFO - ==================================================
2026-03-06 14:24:14,811 - INFO - 
⚖️ 调整 #131: 差距=19.0% 平局=1.0%
2026-03-06 14:24:14,811 - INFO - 
⚖️ 平衡调整 #131: 微调 差距=19.0% 平局率=1.0% 减少探索
2026-03-06 14:24:14,811 - INFO -   AI2(强): ε 0.030→0.032, lr 0.158→0.158
2026-03-06 14:24:14,811 - INFO -   AI1(弱): ε 0.041→0.050, lr 0.158→0.158
2026-03-06 14:24:36,441 - INFO - 
⚖️ 调整 #132: 差距=1.0% 平局=1.0%
2026-03-06 14:24:36,441 - INFO - 
⚖️ 平衡调整 #132: 微调 差距=1.0% 平局率=1.0% 减少探索
2026-03-06 14:24:36,441 - INFO -   AI2(强): ε 0.025→0.026, lr 0.158→0.158
2026-03-06 14:24:36,441 - INFO -   AI1(弱): ε 0.039→0.050, lr 0.158→0.158
2026-03-06 14:24:57,733 - INFO - 
⚖️ 调整 #133: 差距=9.0% 平局=1.0%
2026-03-06 14:24:57,734 - INFO - 
⚖️ 平衡调整 #133: 微调 差距=9.0% 平局率=1.0% 减少探索
2026-03-06 14:24:57,734 - INFO -   AI2(强): ε 0.020→0.021, lr 0.158→0.158
2026-03-06 14:24:57,734 - INFO -   AI1(弱): ε 0.040→0.050, lr 0.158→0.158
2026-03-06 14:25:19,734 - INFO - 
⚖️ 调整 #134: 差距=2.0% 平局=0.0%
2026-03-06 14:25:19,735 - INFO - 
⚖️ 平衡调整 #134: 微调 差距=2.0% 平局率=0.0% 减少探索
2026-03-06 14:25:19,735 - INFO -   AI2(强): ε 0.016→0.017, lr 0.158→0.158
2026-03-06 14:25:19,735 - INFO -   AI1(弱): ε 0.039→0.050, lr 0.158→0.158
2026-03-06 14:25:40,950 - INFO - 
⚖️ 调整 #135: 差距=2.0% 平局=0.0%
2026-03-06 14:25:40,951 - INFO - 
⚖️ 平衡调整 #135: 微调 差距=2.0% 平局率=0.0% 减少探索
2026-03-06 14:25:40,951 - INFO -   AI1(强): ε 0.039→0.041, lr 0.158→0.158
2026-03-06 14:25:40,951 - INFO -   AI2(弱): ε 0.013→0.050, lr 0.158→0.158
2026-03-06 14:25:40,951 - INFO - 
==================================================
2026-03-06 14:25:40,951 - INFO - 第 13500/20000 局 (67.5%)
2026-03-06 14:25:40,951 - INFO - 速度: 4.7局/秒, 已用: 47.6分钟
2026-03-06 14:25:40,951 - INFO - 总战绩: AI1 6735胜, AI2 6721胜, 平局 44
2026-03-06 14:25:40,951 - INFO - 近期100局: AI1 51.0%, AI2 49.0%, 平局 0.0%
2026-03-06 14:25:40,951 - INFO - 胜率差距: 2.0%
2026-03-06 14:25:40,952 - INFO - 防守统计: 总642134次, 平均47.57次/局
2026-03-06 14:25:40,952 - INFO - 参数: AI1 ε=0.041, lr=0.158
2026-03-06 14:25:40,952 - INFO -        AI2 ε=0.050, lr=0.158
2026-03-06 14:25:40,952 - INFO - ==================================================
2026-03-06 14:26:04,161 - INFO - 
⚖️ 调整 #136: 差距=1.0% 平局=1.0%
2026-03-06 14:26:04,161 - INFO - 
⚖️ 平衡调整 #136: 微调 差距=1.0% 平局率=1.0% 减少探索
2026-03-06 14:26:04,161 - INFO -   AI1(强): ε 0.031→0.033, lr 0.158→0.158
2026-03-06 14:26:04,161 - INFO -   AI2(弱): ε 0.039→0.050, lr 0.158→0.158
2026-03-06 14:26:27,339 - INFO - 
⚖️ 调整 #137: 差距=4.0% 平局=0.0%
2026-03-06 14:26:27,339 - INFO - 
⚖️ 平衡调整 #137: 微调 差距=4.0% 平局率=0.0% 减少探索
2026-03-06 14:26:27,339 - INFO -   AI1(强): ε 0.025→0.027, lr 0.158→0.158
2026-03-06 14:26:27,339 - INFO -   AI2(弱): ε 0.039→0.050, lr 0.158→0.158
2026-03-06 14:26:47,318 - INFO - 
⚖️ 调整 #138: 差距=10.0% 平局=0.0%
2026-03-06 14:26:47,318 - INFO - 
⚖️ 平衡调整 #138: 微调 差距=10.0% 平局率=0.0% 减少探索
2026-03-06 14:26:47,318 - INFO -   AI2(强): ε 0.038→0.040, lr 0.158→0.158
2026-03-06 14:26:47,318 - INFO -   AI1(弱): ε 0.021→0.050, lr 0.158→0.158
2026-03-06 14:27:06,032 - INFO - 
⚖️ 调整 #139: 差距=10.0% 平局=0.0%
2026-03-06 14:27:06,032 - INFO - 
⚖️ 平衡调整 #139: 微调 差距=10.0% 平局率=0.0% 减少探索
2026-03-06 14:27:06,032 - INFO -   AI1(强): ε 0.038→0.040, lr 0.158→0.158
2026-03-06 14:27:06,033 - INFO -   AI2(弱): ε 0.032→0.050, lr 0.158→0.158
2026-03-06 14:27:29,510 - INFO - 
⚖️ 调整 #140: 差距=6.0% 平局=0.0%
2026-03-06 14:27:29,510 - INFO - 
⚖️ 平衡调整 #140: 微调 差距=6.0% 平局率=0.0% 减少探索
2026-03-06 14:27:29,510 - INFO -   AI1(强): ε 0.031→0.032, lr 0.158→0.158
2026-03-06 14:27:29,510 - INFO -   AI2(弱): ε 0.040→0.050, lr 0.158→0.158
2026-03-06 14:27:29,510 - INFO - 
==================================================
2026-03-06 14:27:29,510 - INFO - 第 14000/20000 局 (70.0%)
2026-03-06 14:27:29,510 - INFO - 速度: 4.7局/秒, 已用: 49.4分钟
2026-03-06 14:27:29,510 - INFO - 总战绩: AI1 6990胜, AI2 6965胜, 平局 45
2026-03-06 14:27:29,510 - INFO - 近期100局: AI1 53.0%, AI2 47.0%, 平局 0.0%
2026-03-06 14:27:29,510 - INFO - 胜率差距: 6.0%
2026-03-06 14:27:29,510 - INFO - 防守统计: 总665359次, 平均47.53次/局
2026-03-06 14:27:29,510 - INFO - 参数: AI1 ε=0.032, lr=0.158
2026-03-06 14:27:29,511 - INFO -        AI2 ε=0.050, lr=0.158
2026-03-06 14:27:29,511 - INFO - ==================================================
2026-03-06 14:27:51,042 - INFO - 
⚖️ 调整 #141: 差距=4.0% 平局=0.0%
2026-03-06 14:27:51,043 - INFO - 
⚖️ 平衡调整 #141: 微调 差距=4.0% 平局率=0.0% 减少探索
2026-03-06 14:27:51,043 - INFO -   AI1(强): ε 0.025→0.026, lr 0.158→0.158
2026-03-06 14:27:51,043 - INFO -   AI2(弱): ε 0.039→0.050, lr 0.158→0.158
2026-03-06 14:28:12,023 - INFO - 
⚖️ 调整 #142: 差距=4.0% 平局=0.0%
2026-03-06 14:28:12,024 - INFO - 
⚖️ 平衡调整 #142: 微调 差距=4.0% 平局率=0.0% 减少探索
2026-03-06 14:28:12,024 - INFO -   AI1(强): ε 0.020→0.021, lr 0.158→0.158
2026-03-06 14:28:12,024 - INFO -   AI2(弱): ε 0.039→0.050, lr 0.158→0.158
2026-03-06 14:28:34,332 - INFO - 
⚖️ 调整 #143: 差距=4.0% 平局=0.0%
2026-03-06 14:28:34,332 - INFO - 
⚖️ 平衡调整 #143: 微调 差距=4.0% 平局率=0.0% 减少探索
2026-03-06 14:28:34,332 - INFO -   AI2(强): ε 0.039→0.040, lr 0.158→0.158
2026-03-06 14:28:34,332 - INFO -   AI1(弱): ε 0.017→0.050, lr 0.158→0.158
2026-03-06 14:28:55,475 - INFO - 
⚖️ 调整 #144: 差距=2.0% 平局=0.0%
2026-03-06 14:28:55,475 - INFO - 
⚖️ 平衡调整 #144: 微调 差距=2.0% 平局率=0.0% 减少探索
2026-03-06 14:28:55,475 - INFO -   AI1(强): ε 0.039→0.041, lr 0.158→0.158
2026-03-06 14:28:55,475 - INFO -   AI2(弱): ε 0.032→0.050, lr 0.158→0.158
2026-03-06 14:29:17,596 - INFO - 
⚖️ 调整 #145: 差距=24.0% 平局=0.0%
2026-03-06 14:29:17,596 - INFO - 
⚖️ 平衡调整 #145: 微调 差距=24.0% 平局率=0.0% 减少探索
2026-03-06 14:29:17,596 - INFO -   AI1(强): ε 0.030→0.031, lr 0.158→0.158
2026-03-06 14:29:17,596 - INFO -   AI2(弱): ε 0.041→0.050, lr 0.158→0.158
2026-03-06 14:29:17,596 - INFO - 
==================================================
2026-03-06 14:29:17,596 - INFO - 第 14500/20000 局 (72.5%)
2026-03-06 14:29:17,596 - INFO - 速度: 4.7局/秒, 已用: 51.2分钟
2026-03-06 14:29:17,596 - INFO - 总战绩: AI1 7255胜, AI2 7200胜, 平局 45
2026-03-06 14:29:17,597 - INFO - 近期100局: AI1 62.0%, AI2 38.0%, 平局 0.0%
2026-03-06 14:29:17,597 - INFO - 胜率差距: 24.0%
2026-03-06 14:29:17,597 - INFO - 防守统计: 总689504次, 平均47.55次/局
2026-03-06 14:29:17,597 - INFO - 参数: AI1 ε=0.031, lr=0.158
2026-03-06 14:29:17,597 - INFO -        AI2 ε=0.050, lr=0.158
2026-03-06 14:29:17,597 - INFO - ==================================================
2026-03-06 14:29:39,469 - INFO - 
⚖️ 调整 #146: 差距=4.0% 平局=0.0%
2026-03-06 14:29:39,469 - INFO - 
⚖️ 平衡调整 #146: 微调 差距=4.0% 平局率=0.0% 减少探索
2026-03-06 14:29:39,469 - INFO -   AI1(强): ε 0.024→0.025, lr 0.158→0.158
2026-03-06 14:29:39,469 - INFO -   AI2(弱): ε 0.039→0.050, lr 0.158→0.158
2026-03-06 14:30:03,445 - INFO - 
⚖️ 调整 #147: 差距=21.0% 平局=1.0%
2026-03-06 14:30:03,446 - INFO - 
⚖️ 平衡调整 #147: 微调 差距=21.0% 平局率=1.0% 减少探索
2026-03-06 14:30:03,446 - INFO -   AI1(强): ε 0.019→0.020, lr 0.158→0.158
2026-03-06 14:30:03,446 - INFO -   AI2(弱): ε 0.041→0.050, lr 0.158→0.158
2026-03-06 14:30:25,196 - INFO - 
⚖️ 调整 #148: 差距=2.0% 平局=0.0%
2026-03-06 14:30:25,197 - INFO - 
⚖️ 平衡调整 #148: 微调 差距=2.0% 平局率=0.0% 减少探索
2026-03-06 14:30:25,197 - INFO -   AI1(强): ε 0.015→0.016, lr 0.158→0.158
2026-03-06 14:30:25,197 - INFO -   AI2(弱): ε 0.039→0.050, lr 0.158→0.158
2026-03-06 14:30:47,724 - INFO - 
⚖️ 调整 #149: 差距=17.0% 平局=1.0%
2026-03-06 14:30:47,725 - INFO - 
⚖️ 平衡调整 #149: 微调 差距=17.0% 平局率=1.0% 减少探索
2026-03-06 14:30:47,725 - INFO -   AI2(强): ε 0.037→0.039, lr 0.158→0.158
2026-03-06 14:30:47,725 - INFO -   AI1(弱): ε 0.013→0.050, lr 0.158→0.158
2026-03-06 14:31:10,628 - INFO - 
⚖️ 调整 #150: 差距=16.0% 平局=0.0%
2026-03-06 14:31:10,666 - INFO - 
⚖️ 平衡调整 #150: 微调 差距=16.0% 平局率=0.0% 减少探索
2026-03-06 14:31:10,666 - INFO -   AI1(强): ε 0.037→0.039, lr 0.158→0.158
2026-03-06 14:31:10,666 - INFO -   AI2(弱): ε 0.032→0.050, lr 0.158→0.158
2026-03-06 14:31:10,666 - INFO - 
==================================================
2026-03-06 14:31:10,666 - INFO - 第 15000/20000 局 (75.0%)
2026-03-06 14:31:10,666 - INFO - 速度: 4.7局/秒, 已用: 53.1分钟
2026-03-06 14:31:10,666 - INFO - 总战绩: AI1 7517胜, AI2 7436胜, 平局 47
2026-03-06 14:31:10,666 - INFO - 近期100局: AI1 58.0%, AI2 42.0%, 平局 0.0%
2026-03-06 14:31:10,666 - INFO - 胜率差距: 16.0%
2026-03-06 14:31:10,667 - INFO - 防守统计: 总713221次, 平均47.55次/局
2026-03-06 14:31:10,667 - INFO - 参数: AI1 ε=0.039, lr=0.158
2026-03-06 14:31:10,667 - INFO -        AI2 ε=0.050, lr=0.158
2026-03-06 14:31:10,667 - INFO - ==================================================
2026-03-06 14:31:10,667 - INFO - 
📊 第 15000 局检查点 速度:4.7局/秒
2026-03-06 14:31:10,667 - INFO -   战绩: AI1 7517胜 AI2 7436胜 平局 47
2026-03-06 14:31:10,667 - INFO -   胜率: AI1 50.1% AI2 49.6% 平局 0.3%
2026-03-06 14:31:10,667 - INFO -   差距:0.5% 防守:713221次
2026-03-06 14:31:14,094 - INFO - 模型已保存: AI1_checkpoint_15000_20260306_143110.pkl (5.36 MB, Q表:384270)
2026-03-06 14:31:17,183 - INFO - 模型已保存: AI2_checkpoint_15000_20260306_143110.pkl (5.35 MB, Q表:384257)
2026-03-06 14:31:20,373 - INFO -   统计图已保存: stats_ep15000.png
2026-03-06 14:31:44,395 - INFO - 
⚖️ 调整 #151: 差距=13.0% 平局=1.0%
2026-03-06 14:31:44,395 - INFO - 
⚖️ 平衡调整 #151: 微调 差距=13.0% 平局率=1.0% 减少探索
2026-03-06 14:31:44,396 - INFO -   AI1(强): ε 0.030→0.031, lr 0.158→0.158
2026-03-06 14:31:44,396 - INFO -   AI2(弱): ε 0.040→0.050, lr 0.158→0.158
2026-03-06 14:32:07,697 - INFO - 
⚖️ 调整 #152: 差距=2.0% 平局=0.0%
2026-03-06 14:32:07,699 - INFO - 
⚖️ 平衡调整 #152: 微调 差距=2.0% 平局率=0.0% 减少探索
2026-03-06 14:32:07,699 - INFO -   AI2(强): ε 0.039→0.041, lr 0.158→0.158
2026-03-06 14:32:07,699 - INFO -   AI1(弱): ε 0.024→0.050, lr 0.158→0.158
2026-03-06 14:32:29,617 - INFO - 
⚖️ 调整 #153: 差距=12.0% 平局=0.0%
2026-03-06 14:32:29,617 - INFO - 
⚖️ 平衡调整 #153: 微调 差距=12.0% 平局率=0.0% 减少探索
2026-03-06 14:32:29,618 - INFO -   AI1(强): ε 0.038→0.040, lr 0.158→0.158
2026-03-06 14:32:29,618 - INFO -   AI2(弱): ε 0.033→0.050, lr 0.158→0.158
2026-03-06 14:32:52,213 - INFO - 
⚖️ 调整 #154: 差距=2.0% 平局=0.0%
2026-03-06 14:32:52,213 - INFO - 
⚖️ 平衡调整 #154: 微调 差距=2.0% 平局率=0.0% 减少探索
2026-03-06 14:32:52,213 - INFO -   AI1(强): ε 0.031→0.032, lr 0.158→0.158
2026-03-06 14:32:52,214 - INFO -   AI2(弱): ε 0.039→0.050, lr 0.158→0.158
2026-03-06 14:33:14,057 - INFO - 
⚖️ 调整 #155: 差距=16.0% 平局=0.0%
2026-03-06 14:33:14,057 - INFO - 
⚖️ 平衡调整 #155: 微调 差距=16.0% 平局率=0.0% 减少探索
2026-03-06 14:33:14,057 - INFO -   AI2(强): ε 0.037→0.039, lr 0.158→0.158
2026-03-06 14:33:14,057 - INFO -   AI1(弱): ε 0.026→0.050, lr 0.158→0.158
2026-03-06 14:33:14,058 - INFO - 
==================================================
2026-03-06 14:33:14,058 - INFO - 第 15500/20000 局 (77.5%)
2026-03-06 14:33:14,058 - INFO - 速度: 4.7局/秒, 已用: 55.2分钟
2026-03-06 14:33:14,058 - INFO - 总战绩: AI1 7771胜, AI2 7681胜, 平局 48
2026-03-06 14:33:14,058 - INFO - 近期100局: AI1 42.0%, AI2 58.0%, 平局 0.0%
2026-03-06 14:33:14,058 - INFO - 胜率差距: 16.0%
2026-03-06 14:33:14,058 - INFO - 防守统计: 总737093次, 平均47.55次/局
2026-03-06 14:33:14,058 - INFO - 参数: AI1 ε=0.050, lr=0.158
2026-03-06 14:33:14,059 - INFO -        AI2 ε=0.039, lr=0.158
2026-03-06 14:33:14,059 - INFO - ==================================================
2026-03-06 14:33:34,791 - INFO - 
⚖️ 调整 #156: 差距=1.0% 平局=1.0%
2026-03-06 14:33:34,792 - INFO - 
⚖️ 平衡调整 #156: 微调 差距=1.0% 平局率=1.0% 减少探索
2026-03-06 14:33:34,792 - INFO -   AI1(强): ε 0.039→0.041, lr 0.158→0.158
2026-03-06 14:33:34,792 - INFO -   AI2(弱): ε 0.031→0.050, lr 0.158→0.158
2026-03-06 14:33:54,580 - INFO - 
⚖️ 调整 #157: 差距=6.0% 平局=0.0%
2026-03-06 14:33:54,580 - INFO - 
⚖️ 平衡调整 #157: 微调 差距=6.0% 平局率=0.0% 减少探索
2026-03-06 14:33:54,580 - INFO -   AI1(强): ε 0.031→0.033, lr 0.158→0.158
2026-03-06 14:33:54,580 - INFO -   AI2(弱): ε 0.040→0.050, lr 0.158→0.158
2026-03-06 14:34:16,080 - INFO - 
⚖️ 调整 #158: 差距=10.0% 平局=0.0%
2026-03-06 14:34:16,080 - INFO - 
⚖️ 平衡调整 #158: 微调 差距=10.0% 平局率=0.0% 减少探索
2026-03-06 14:34:16,080 - INFO -   AI1(强): ε 0.025→0.026, lr 0.158→0.158
2026-03-06 14:34:16,080 - INFO -   AI2(弱): ε 0.040→0.050, lr 0.158→0.158
2026-03-06 14:34:37,590 - INFO - 
⚖️ 调整 #159: 差距=0.0% 平局=0.0%
2026-03-06 14:34:37,590 - INFO - 
⚖️ 平衡调整 #159: 微调 差距=0.0% 平局率=0.0% 减少探索
2026-03-06 14:34:37,590 - INFO -   AI2(强): ε 0.039→0.041, lr 0.158→0.158
2026-03-06 14:34:37,590 - INFO -   AI1(弱): ε 0.020→0.050, lr 0.158→0.158
2026-03-06 14:35:00,187 - INFO - 
⚖️ 调整 #160: 差距=12.0% 平局=0.0%
2026-03-06 14:35:00,187 - INFO - 
⚖️ 平衡调整 #160: 微调 差距=12.0% 平局率=0.0% 减少探索
2026-03-06 14:35:00,187 - INFO -   AI2(强): ε 0.031→0.032, lr 0.158→0.158
2026-03-06 14:35:00,188 - INFO -   AI1(弱): ε 0.040→0.050, lr 0.158→0.158
2026-03-06 14:35:00,188 - INFO - 
==================================================
2026-03-06 14:35:00,188 - INFO - 第 16000/20000 局 (80.0%)
2026-03-06 14:35:00,188 - INFO - 速度: 4.7局/秒, 已用: 56.9分钟
2026-03-06 14:35:00,188 - INFO - 总战绩: AI1 8023胜, AI2 7928胜, 平局 49
2026-03-06 14:35:00,188 - INFO - 近期100局: AI1 44.0%, AI2 56.0%, 平局 0.0%
2026-03-06 14:35:00,188 - INFO - 胜率差距: 12.0%
2026-03-06 14:35:00,188 - INFO - 防守统计: 总760724次, 平均47.55次/局
2026-03-06 14:35:00,189 - INFO - 参数: AI1 ε=0.050, lr=0.158
2026-03-06 14:35:00,191 - INFO -        AI2 ε=0.032, lr=0.158
2026-03-06 14:35:00,191 - INFO - ==================================================
2026-03-06 14:35:20,019 - INFO - 
⚖️ 调整 #161: 差距=4.0% 平局=0.0%
2026-03-06 14:35:20,019 - INFO - 
⚖️ 平衡调整 #161: 微调 差距=4.0% 平局率=0.0% 减少探索
2026-03-06 14:35:20,019 - INFO -   AI1(强): ε 0.039→0.040, lr 0.158→0.158
2026-03-06 14:35:20,020 - INFO -   AI2(弱): ε 0.025→0.050, lr 0.158→0.158
2026-03-06 14:35:39,652 - INFO - 
⚖️ 调整 #162: 差距=2.0% 平局=0.0%
2026-03-06 14:35:39,652 - INFO - 
⚖️ 平衡调整 #162: 微调 差距=2.0% 平局率=0.0% 减少探索
2026-03-06 14:35:39,652 - INFO -   AI2(强): ε 0.039→0.041, lr 0.158→0.158
2026-03-06 14:35:39,652 - INFO -   AI1(弱): ε 0.032→0.050, lr 0.158→0.158
2026-03-06 14:35:59,335 - INFO - 
⚖️ 调整 #163: 差距=6.0% 平局=0.0%
2026-03-06 14:35:59,335 - INFO - 
⚖️ 平衡调整 #163: 微调 差距=6.0% 平局率=0.0% 减少探索
2026-03-06 14:35:59,335 - INFO -   AI1(强): ε 0.038→0.040, lr 0.158→0.158
2026-03-06 14:35:59,335 - INFO -   AI2(弱): ε 0.032→0.050, lr 0.158→0.158
2026-03-06 14:36:18,246 - INFO - 
⚖️ 调整 #164: 差距=18.0% 平局=0.0%
2026-03-06 14:36:18,246 - INFO - 
⚖️ 平衡调整 #164: 微调 差距=18.0% 平局率=0.0% 减少探索
2026-03-06 14:36:18,247 - INFO -   AI2(强): ε 0.037→0.039, lr 0.158→0.158
2026-03-06 14:36:18,247 - INFO -   AI1(弱): ε 0.033→0.050, lr 0.158→0.158
2026-03-06 14:36:39,705 - INFO - 
⚖️ 调整 #165: 差距=8.0% 平局=0.0%
2026-03-06 14:36:39,705 - INFO - 
⚖️ 平衡调整 #165: 微调 差距=8.0% 平局率=0.0% 减少探索
2026-03-06 14:36:39,705 - INFO -   AI2(强): ε 0.030→0.031, lr 0.158→0.158
2026-03-06 14:36:39,705 - INFO -   AI1(弱): ε 0.040→0.050, lr 0.158→0.158
2026-03-06 14:36:39,707 - INFO - 
==================================================
2026-03-06 14:36:39,707 - INFO - 第 16500/20000 局 (82.5%)
2026-03-06 14:36:39,708 - INFO - 速度: 4.7局/秒, 已用: 58.6分钟
2026-03-06 14:36:39,708 - INFO - 总战绩: AI1 8264胜, AI2 8187胜, 平局 49
2026-03-06 14:36:39,708 - INFO - 近期100局: AI1 46.0%, AI2 54.0%, 平局 0.0%
2026-03-06 14:36:39,708 - INFO - 胜率差距: 8.0%
2026-03-06 14:36:39,708 - INFO - 防守统计: 总784502次, 平均47.55次/局
2026-03-06 14:36:39,708 - INFO - 参数: AI1 ε=0.050, lr=0.158
2026-03-06 14:36:39,708 - INFO -        AI2 ε=0.031, lr=0.158
2026-03-06 14:36:39,708 - INFO - ==================================================
2026-03-06 14:36:59,740 - INFO - 
⚖️ 调整 #166: 差距=4.0% 平局=0.0%
2026-03-06 14:36:59,741 - INFO - 
⚖️ 平衡调整 #166: 微调 差距=4.0% 平局率=0.0% 减少探索
2026-03-06 14:36:59,741 - INFO -   AI1(强): ε 0.039→0.040, lr 0.158→0.158
2026-03-06 14:36:59,741 - INFO -   AI2(弱): ε 0.025→0.050, lr 0.158→0.158
2026-03-06 14:37:22,041 - INFO - 
⚖️ 调整 #167: 差距=16.0% 平局=0.0%
2026-03-06 14:37:22,041 - INFO - 
⚖️ 平衡调整 #167: 微调 差距=16.0% 平局率=0.0% 减少探索
2026-03-06 14:37:22,042 - INFO -   AI1(强): ε 0.030→0.032, lr 0.158→0.158
2026-03-06 14:37:22,042 - INFO -   AI2(弱): ε 0.041→0.050, lr 0.158→0.158
2026-03-06 14:37:40,533 - INFO - 
⚖️ 调整 #168: 差距=1.0% 平局=1.0%
2026-03-06 14:37:40,533 - INFO - 
⚖️ 平衡调整 #168: 微调 差距=1.0% 平局率=1.0% 减少探索
2026-03-06 14:37:40,534 - INFO -   AI1(强): ε 0.025→0.026, lr 0.158→0.158
2026-03-06 14:37:40,534 - INFO -   AI2(弱): ε 0.039→0.050, lr 0.158→0.158
2026-03-06 14:37:59,073 - INFO - 
⚖️ 调整 #169: 差距=6.0% 平局=0.0%
2026-03-06 14:37:59,073 - INFO - 
⚖️ 平衡调整 #169: 微调 差距=6.0% 平局率=0.0% 减少探索
2026-03-06 14:37:59,073 - INFO -   AI1(强): ε 0.020→0.021, lr 0.158→0.158
2026-03-06 14:37:59,073 - INFO -   AI2(弱): ε 0.040→0.050, lr 0.158→0.158
2026-03-06 14:38:20,697 - INFO - 
⚖️ 调整 #170: 差距=6.0% 平局=0.0%
2026-03-06 14:38:20,698 - INFO - 
⚖️ 平衡调整 #170: 微调 差距=6.0% 平局率=0.0% 减少探索
2026-03-06 14:38:20,698 - INFO -   AI2(强): ε 0.038→0.040, lr 0.158→0.158
2026-03-06 14:38:20,698 - INFO -   AI1(弱): ε 0.017→0.050, lr 0.158→0.158
2026-03-06 14:38:20,699 - INFO - 
==================================================
2026-03-06 14:38:20,699 - INFO - 第 17000/20000 局 (85.0%)
2026-03-06 14:38:20,699 - INFO - 速度: 4.7局/秒, 已用: 60.3分钟
2026-03-06 14:38:20,699 - INFO - 总战绩: AI1 8524胜, AI2 8426胜, 平局 50
2026-03-06 14:38:20,699 - INFO - 近期100局: AI1 47.0%, AI2 53.0%, 平局 0.0%
2026-03-06 14:38:20,699 - INFO - 胜率差距: 6.0%
2026-03-06 14:38:20,699 - INFO - 防守统计: 总808050次, 平均47.53次/局
2026-03-06 14:38:20,699 - INFO - 参数: AI1 ε=0.050, lr=0.158
2026-03-06 14:38:20,699 - INFO -        AI2 ε=0.040, lr=0.158
2026-03-06 14:38:20,700 - INFO - ==================================================
2026-03-06 14:38:39,420 - INFO - 
⚖️ 调整 #171: 差距=2.0% 平局=0.0%
2026-03-06 14:38:39,420 - INFO - 
⚖️ 平衡调整 #171: 微调 差距=2.0% 平局率=0.0% 减少探索
2026-03-06 14:38:39,420 - INFO -   AI1(强): ε 0.039→0.041, lr 0.158→0.158
2026-03-06 14:38:39,421 - INFO -   AI2(弱): ε 0.031→0.050, lr 0.158→0.158
2026-03-06 14:38:57,994 - INFO - 
⚖️ 调整 #172: 差距=2.0% 平局=0.0%
2026-03-06 14:38:57,994 - INFO - 
⚖️ 平衡调整 #172: 微调 差距=2.0% 平局率=0.0% 减少探索
2026-03-06 14:38:57,994 - INFO -   AI2(强): ε 0.039→0.041, lr 0.158→0.158
2026-03-06 14:38:57,994 - INFO -   AI1(弱): ε 0.032→0.050, lr 0.158→0.158
2026-03-06 14:39:17,469 - INFO - 
⚖️ 调整 #173: 差距=6.0% 平局=0.0%
2026-03-06 14:39:17,470 - INFO - 
⚖️ 平衡调整 #173: 微调 差距=6.0% 平局率=0.0% 减少探索
2026-03-06 14:39:17,470 - INFO -   AI1(强): ε 0.038→0.040, lr 0.158→0.158
2026-03-06 14:39:17,470 - INFO -   AI2(弱): ε 0.032→0.050, lr 0.158→0.158
2026-03-06 14:39:36,721 - INFO - 
⚖️ 调整 #174: 差距=18.0% 平局=0.0%
2026-03-06 14:39:36,721 - INFO - 
⚖️ 平衡调整 #174: 微调 差距=18.0% 平局率=0.0% 减少探索
2026-03-06 14:39:36,721 - INFO -   AI2(强): ε 0.037→0.039, lr 0.158→0.158
2026-03-06 14:39:36,721 - INFO -   AI1(弱): ε 0.033→0.050, lr 0.158→0.158
2026-03-06 14:39:56,648 - INFO - 
⚖️ 调整 #175: 差距=2.0% 平局=0.0%
2026-03-06 14:39:56,649 - INFO - 
⚖️ 平衡调整 #175: 微调 差距=2.0% 平局率=0.0% 减少探索
2026-03-06 14:39:56,649 - INFO -   AI2(强): ε 0.030→0.032, lr 0.158→0.158
2026-03-06 14:39:56,649 - INFO -   AI1(弱): ε 0.039→0.050, lr 0.158→0.158
2026-03-06 14:39:56,649 - INFO - 
==================================================
2026-03-06 14:39:56,649 - INFO - 第 17500/20000 局 (87.5%)
2026-03-06 14:39:56,649 - INFO - 速度: 4.7局/秒, 已用: 61.9分钟
2026-03-06 14:39:56,649 - INFO - 总战绩: AI1 8767胜, AI2 8683胜, 平局 50
2026-03-06 14:39:56,649 - INFO - 近期100局: AI1 49.0%, AI2 51.0%, 平局 0.0%
2026-03-06 14:39:56,649 - INFO - 胜率差距: 2.0%
2026-03-06 14:39:56,649 - INFO - 防守统计: 总831581次, 平均47.52次/局
2026-03-06 14:39:56,649 - INFO - 参数: AI1 ε=0.050, lr=0.158
2026-03-06 14:39:56,649 - INFO -        AI2 ε=0.032, lr=0.158
2026-03-06 14:39:56,649 - INFO - ==================================================
2026-03-06 14:40:14,548 - INFO - 
⚖️ 调整 #176: 差距=4.0% 平局=0.0%
2026-03-06 14:40:14,548 - INFO - 
⚖️ 平衡调整 #176: 微调 差距=4.0% 平局率=0.0% 减少探索
2026-03-06 14:40:14,548 - INFO -   AI2(强): ε 0.024→0.026, lr 0.158→0.158
2026-03-06 14:40:14,548 - INFO -   AI1(弱): ε 0.039→0.050, lr 0.158→0.158
2026-03-06 14:40:32,757 - INFO - 
⚖️ 调整 #177: 差距=5.0% 平局=1.0%
2026-03-06 14:40:32,757 - INFO - 
⚖️ 平衡调整 #177: 微调 差距=5.0% 平局率=1.0% 减少探索
2026-03-06 14:40:32,757 - INFO -   AI2(强): ε 0.020→0.021, lr 0.158→0.158
2026-03-06 14:40:32,757 - INFO -   AI1(弱): ε 0.040→0.050, lr 0.158→0.158
2026-03-06 14:40:52,017 - INFO - 
⚖️ 调整 #178: 差距=6.0% 平局=0.0%
2026-03-06 14:40:52,017 - INFO - 
⚖️ 平衡调整 #178: 微调 差距=6.0% 平局率=0.0% 减少探索
2026-03-06 14:40:52,017 - INFO -   AI2(强): ε 0.016→0.017, lr 0.158→0.158
2026-03-06 14:40:52,017 - INFO -   AI1(弱): ε 0.040→0.050, lr 0.158→0.158
2026-03-06 14:41:11,984 - INFO - 
⚖️ 调整 #179: 差距=8.0% 平局=0.0%
2026-03-06 14:41:11,985 - INFO - 
⚖️ 平衡调整 #179: 微调 差距=8.0% 平局率=0.0% 减少探索
2026-03-06 14:41:11,985 - INFO -   AI1(强): ε 0.038→0.040, lr 0.158→0.158
2026-03-06 14:41:11,985 - INFO -   AI2(弱): ε 0.013→0.050, lr 0.158→0.158
2026-03-06 14:41:32,037 - INFO - 
⚖️ 调整 #180: 差距=22.0% 平局=0.0%
2026-03-06 14:41:32,038 - INFO - 
⚖️ 平衡调整 #180: 微调 差距=22.0% 平局率=0.0% 减少探索
2026-03-06 14:41:32,038 - INFO -   AI1(强): ε 0.029→0.031, lr 0.158→0.158
2026-03-06 14:41:32,038 - INFO -   AI2(弱): ε 0.041→0.050, lr 0.158→0.158
2026-03-06 14:41:32,039 - INFO - 
==================================================
2026-03-06 14:41:32,039 - INFO - 第 18000/20000 局 (90.0%)
2026-03-06 14:41:32,039 - INFO - 速度: 4.7局/秒, 已用: 63.5分钟
2026-03-06 14:41:32,039 - INFO - 总战绩: AI1 9024胜, AI2 8925胜, 平局 51
2026-03-06 14:41:32,039 - INFO - 近期100局: AI1 61.0%, AI2 39.0%, 平局 0.0%
2026-03-06 14:41:32,039 - INFO - 胜率差距: 22.0%
2026-03-06 14:41:32,039 - INFO - 防守统计: 总855292次, 平均47.52次/局
2026-03-06 14:41:32,039 - INFO - 参数: AI1 ε=0.031, lr=0.158
2026-03-06 14:41:32,039 - INFO -        AI2 ε=0.050, lr=0.158
2026-03-06 14:41:32,039 - INFO - ==================================================
2026-03-06 14:41:51,740 - INFO - 
⚖️ 调整 #181: 差距=10.0% 平局=0.0%
2026-03-06 14:41:51,741 - INFO - 
⚖️ 平衡调整 #181: 微调 差距=10.0% 平局率=0.0% 减少探索
2026-03-06 14:41:51,741 - INFO -   AI2(强): ε 0.038→0.040, lr 0.158→0.158
2026-03-06 14:41:51,741 - INFO -   AI1(弱): ε 0.025→0.050, lr 0.158→0.158
2026-03-06 14:42:10,909 - INFO - 
⚖️ 调整 #182: 差距=4.0% 平局=0.0%
2026-03-06 14:42:10,910 - INFO - 
⚖️ 平衡调整 #182: 微调 差距=4.0% 平局率=0.0% 减少探索
2026-03-06 14:42:10,910 - INFO -   AI2(强): ε 0.031→0.032, lr 0.158→0.158
2026-03-06 14:42:10,910 - INFO -   AI1(弱): ε 0.039→0.050, lr 0.158→0.158
2026-03-06 14:42:29,752 - INFO - 
⚖️ 调整 #183: 差距=2.0% 平局=0.0%
2026-03-06 14:42:29,753 - INFO - 
⚖️ 平衡调整 #183: 微调 差距=2.0% 平局率=0.0% 减少探索
2026-03-06 14:42:29,753 - INFO -   AI1(强): ε 0.039→0.041, lr 0.158→0.158
2026-03-06 14:42:29,753 - INFO -   AI2(弱): ε 0.025→0.050, lr 0.158→0.158
2026-03-06 14:42:48,860 - INFO - 
⚖️ 调整 #184: 差距=5.0% 平局=1.0%
2026-03-06 14:42:48,860 - INFO - 
⚖️ 平衡调整 #184: 微调 差距=5.0% 平局率=1.0% 减少探索
2026-03-06 14:42:48,860 - INFO -   AI1(强): ε 0.031→0.033, lr 0.158→0.158
2026-03-06 14:42:48,860 - INFO -   AI2(弱): ε 0.039→0.050, lr 0.158→0.158
2026-03-06 14:43:08,097 - INFO - 
⚖️ 调整 #185: 差距=9.0% 平局=1.0%
2026-03-06 14:43:08,097 - INFO - 
⚖️ 平衡调整 #185: 微调 差距=9.0% 平局率=1.0% 减少探索
2026-03-06 14:43:08,098 - INFO -   AI1(强): ε 0.025→0.026, lr 0.158→0.158
2026-03-06 14:43:08,098 - INFO -   AI2(弱): ε 0.040→0.050, lr 0.158→0.158
2026-03-06 14:43:08,098 - INFO - 
==================================================
2026-03-06 14:43:08,098 - INFO - 第 18500/20000 局 (92.5%)
2026-03-06 14:43:08,098 - INFO - 速度: 4.7局/秒, 已用: 65.1分钟
2026-03-06 14:43:08,098 - INFO - 总战绩: AI1 9274胜, AI2 9173胜, 平局 53
2026-03-06 14:43:08,098 - INFO - 近期100局: AI1 54.0%, AI2 45.0%, 平局 1.0%
2026-03-06 14:43:08,098 - INFO - 胜率差距: 9.0%
2026-03-06 14:43:08,098 - INFO - 防守统计: 总879300次, 平均47.53次/局
2026-03-06 14:43:08,098 - INFO - 参数: AI1 ε=0.026, lr=0.158
2026-03-06 14:43:08,098 - INFO -        AI2 ε=0.050, lr=0.158
2026-03-06 14:43:08,098 - INFO - ==================================================
2026-03-06 14:43:25,458 - INFO - 
⚖️ 调整 #186: 差距=0.0% 平局=0.0%
2026-03-06 14:43:25,459 - INFO - 
⚖️ 平衡调整 #186: 微调 差距=0.0% 平局率=0.0% 减少探索
2026-03-06 14:43:25,459 - INFO -   AI2(强): ε 0.039→0.041, lr 0.158→0.158
2026-03-06 14:43:25,459 - INFO -   AI1(弱): ε 0.021→0.050, lr 0.158→0.158
2026-03-06 14:43:42,829 - INFO - 
⚖️ 调整 #187: 差距=1.0% 平局=1.0%
2026-03-06 14:43:42,829 - INFO - 
⚖️ 平衡调整 #187: 微调 差距=1.0% 平局率=1.0% 减少探索
2026-03-06 14:43:42,829 - INFO -   AI1(强): ε 0.039→0.041, lr 0.158→0.158
2026-03-06 14:43:42,829 - INFO -   AI2(弱): ε 0.032→0.050, lr 0.158→0.158
2026-03-06 14:44:01,479 - INFO - 
⚖️ 调整 #188: 差距=17.0% 平局=1.0%
2026-03-06 14:44:01,479 - INFO - 
⚖️ 平衡调整 #188: 微调 差距=17.0% 平局率=1.0% 减少探索
2026-03-06 14:44:01,479 - INFO -   AI2(强): ε 0.037→0.039, lr 0.158→0.158
2026-03-06 14:44:01,479 - INFO -   AI1(弱): ε 0.033→0.050, lr 0.158→0.158
2026-03-06 14:44:20,281 - INFO - 
⚖️ 调整 #189: 差距=10.0% 平局=0.0%
2026-03-06 14:44:20,282 - INFO - 
⚖️ 平衡调整 #189: 微调 差距=10.0% 平局率=0.0% 减少探索
2026-03-06 14:44:20,282 - INFO -   AI2(强): ε 0.030→0.031, lr 0.158→0.158
2026-03-06 14:44:20,282 - INFO -   AI1(弱): ε 0.040→0.050, lr 0.158→0.158
2026-03-06 14:44:39,412 - INFO - 
⚖️ 调整 #190: 差距=0.0% 平局=0.0%
2026-03-06 14:44:39,413 - INFO - 
⚖️ 平衡调整 #190: 微调 差距=0.0% 平局率=0.0% 减少探索
2026-03-06 14:44:39,413 - INFO -   AI2(强): ε 0.024→0.026, lr 0.158→0.158
2026-03-06 14:44:39,413 - INFO -   AI1(弱): ε 0.039→0.050, lr 0.158→0.158
2026-03-06 14:44:39,413 - INFO - 
==================================================
2026-03-06 14:44:39,413 - INFO - 第 19000/20000 局 (95.0%)
2026-03-06 14:44:39,413 - INFO - 速度: 4.8局/秒, 已用: 66.6分钟
2026-03-06 14:44:39,413 - INFO - 总战绩: AI1 9510胜, AI2 9435胜, 平局 55
2026-03-06 14:44:39,413 - INFO - 近期100局: AI1 50.0%, AI2 50.0%, 平局 0.0%
2026-03-06 14:44:39,413 - INFO - 胜率差距: 0.0%
2026-03-06 14:44:39,413 - INFO - 防守统计: 总902821次, 平均47.52次/局
2026-03-06 14:44:39,413 - INFO - 参数: AI1 ε=0.050, lr=0.158
2026-03-06 14:44:39,413 - INFO -        AI2 ε=0.026, lr=0.158
2026-03-06 14:44:39,413 - INFO - ==================================================
2026-03-06 14:44:58,316 - INFO - 
⚖️ 调整 #191: 差距=0.0% 平局=0.0%
2026-03-06 14:44:58,317 - INFO - 
⚖️ 平衡调整 #191: 微调 差距=0.0% 平局率=0.0% 减少探索
2026-03-06 14:44:58,317 - INFO -   AI2(强): ε 0.020→0.021, lr 0.158→0.158
2026-03-06 14:44:58,317 - INFO -   AI1(弱): ε 0.039→0.050, lr 0.158→0.158
2026-03-06 14:45:17,693 - INFO - 
⚖️ 调整 #192: 差距=0.0% 平局=0.0%
2026-03-06 14:45:17,693 - INFO - 
⚖️ 平衡调整 #192: 微调 差距=0.0% 平局率=0.0% 减少探索
2026-03-06 14:45:17,693 - INFO -   AI2(强): ε 0.016→0.017, lr 0.158→0.158
2026-03-06 14:45:17,693 - INFO -   AI1(弱): ε 0.039→0.050, lr 0.158→0.158
2026-03-06 14:45:35,048 - INFO - 
⚖️ 调整 #193: 差距=6.0% 平局=0.0%
2026-03-06 14:45:35,049 - INFO - 
⚖️ 平衡调整 #193: 微调 差距=6.0% 平局率=0.0% 减少探索
2026-03-06 14:45:35,049 - INFO -   AI2(强): ε 0.013→0.014, lr 0.158→0.158
2026-03-06 14:45:35,049 - INFO -   AI1(弱): ε 0.040→0.050, lr 0.158→0.158
2026-03-06 14:45:53,418 - INFO - 
⚖️ 调整 #194: 差距=4.0% 平局=0.0%
2026-03-06 14:45:53,418 - INFO - 
⚖️ 平衡调整 #194: 微调 差距=4.0% 平局率=0.0% 减少探索
2026-03-06 14:45:53,418 - INFO -   AI1(强): ε 0.039→0.040, lr 0.158→0.158
2026-03-06 14:45:53,418 - INFO -   AI2(弱): ε 0.011→0.050, lr 0.158→0.158
2026-03-06 14:46:12,506 - INFO - 
⚖️ 调整 #195: 差距=4.0% 平局=0.0%
2026-03-06 14:46:12,507 - INFO - 
⚖️ 平衡调整 #195: 微调 差距=4.0% 平局率=0.0% 减少探索
2026-03-06 14:46:12,507 - INFO -   AI1(强): ε 0.031→0.033, lr 0.158→0.158
2026-03-06 14:46:12,507 - INFO -   AI2(弱): ε 0.039→0.050, lr 0.158→0.158
2026-03-06 14:46:12,507 - INFO - 
==================================================
2026-03-06 14:46:12,507 - INFO - 第 19500/20000 局 (97.5%)
2026-03-06 14:46:12,507 - INFO - 速度: 4.8局/秒, 已用: 68.1分钟
2026-03-06 14:46:12,507 - INFO - 总战绩: AI1 9761胜, AI2 9684胜, 平局 55
2026-03-06 14:46:12,507 - INFO - 近期100局: AI1 52.0%, AI2 48.0%, 平局 0.0%
2026-03-06 14:46:12,507 - INFO - 胜率差距: 4.0%
2026-03-06 14:46:12,507 - INFO - 防守统计: 总926016次, 平均47.49次/局
2026-03-06 14:46:12,507 - INFO - 参数: AI1 ε=0.033, lr=0.158
2026-03-06 14:46:12,508 - INFO -        AI2 ε=0.050, lr=0.158
2026-03-06 14:46:12,508 - INFO - ==================================================
2026-03-06 14:46:30,530 - INFO - 
⚖️ 调整 #196: 差距=6.0% 平局=0.0%
2026-03-06 14:46:30,530 - INFO - 
⚖️ 平衡调整 #196: 微调 差距=6.0% 平局率=0.0% 减少探索
2026-03-06 14:46:30,531 - INFO -   AI2(强): ε 0.038→0.040, lr 0.158→0.158
2026-03-06 14:46:30,531 - INFO -   AI1(弱): ε 0.026→0.050, lr 0.158→0.158
2026-03-06 14:46:47,829 - INFO - 
⚖️ 调整 #197: 差距=2.0% 平局=0.0%
2026-03-06 14:46:47,829 - INFO - 
⚖️ 平衡调整 #197: 微调 差距=2.0% 平局率=0.0% 减少探索
2026-03-06 14:46:47,830 - INFO -   AI1(强): ε 0.039→0.041, lr 0.158→0.158
2026-03-06 14:46:47,830 - INFO -   AI2(弱): ε 0.031→0.050, lr 0.158→0.158
2026-03-06 14:47:07,746 - INFO - 
⚖️ 调整 #198: 差距=5.0% 平局=1.0%
2026-03-06 14:47:07,746 - INFO - 
⚖️ 平衡调整 #198: 微调 差距=5.0% 平局率=1.0% 减少探索
2026-03-06 14:47:07,747 - INFO -   AI1(强): ε 0.031→0.033, lr 0.158→0.158
2026-03-06 14:47:07,747 - INFO -   AI2(弱): ε 0.040→0.050, lr 0.158→0.158
2026-03-06 14:47:27,905 - INFO - 
⚖️ 调整 #199: 差距=12.0% 平局=0.0%
2026-03-06 14:47:27,905 - INFO - 
⚖️ 平衡调整 #199: 微调 差距=12.0% 平局率=0.0% 减少探索
2026-03-06 14:47:27,906 - INFO -   AI2(强): ε 0.038→0.040, lr 0.158→0.158
2026-03-06 14:47:27,906 - INFO -   AI1(弱): ε 0.026→0.050, lr 0.158→0.158
2026-03-06 14:47:46,840 - INFO - 
⚖️ 调整 #200: 差距=8.0% 平局=0.0%
2026-03-06 14:47:46,841 - INFO - 
⚖️ 平衡调整 #200: 微调 差距=8.0% 平局率=0.0% 减少探索
2026-03-06 14:47:46,841 - INFO -   AI2(强): ε 0.030→0.032, lr 0.158→0.158
2026-03-06 14:47:46,841 - INFO -   AI1(弱): ε 0.040→0.050, lr 0.158→0.158
2026-03-06 14:47:46,841 - INFO - 
==================================================
2026-03-06 14:47:46,841 - INFO - 第 20000/20000 局 (100.0%)
2026-03-06 14:47:46,841 - INFO - 速度: 4.8局/秒, 已用: 69.7分钟
2026-03-06 14:47:46,841 - INFO - 总战绩: AI1 10001胜, AI2 9943胜, 平局 56
2026-03-06 14:47:46,841 - INFO - 近期100局: AI1 46.0%, AI2 54.0%, 平局 0.0%
2026-03-06 14:47:46,841 - INFO - 胜率差距: 8.0%
2026-03-06 14:47:46,841 - INFO - 防守统计: 总949791次, 平均47.49次/局
2026-03-06 14:47:46,841 - INFO - 参数: AI1 ε=0.050, lr=0.158
2026-03-06 14:47:46,841 - INFO -        AI2 ε=0.032, lr=0.158
2026-03-06 14:47:46,841 - INFO - ==================================================
2026-03-06 14:47:50,311 - INFO - 模型已保存: AI1_final_20000_20260306_144747.pkl (7.12 MB, Q表:510779)
2026-03-06 14:47:53,410 - INFO - 模型已保存: AI2_final_20000_20260306_144747.pkl (7.12 MB, Q表:510797)
2026-03-06 14:47:55,765 - INFO -   统计图已保存: stats_ep20000.png
