2026-03-05 12:59:41,189 - INFO - 
⚖️ 平衡调整 #1: 差距<10% (拉开) 差距=1.4% 平局率=67.1% 中等进攻
2026-03-05 12:59:41,191 - INFO -   AI1(强): ε 0.331→0.298, lr 0.001→0.010, 攻击权 0.40→0.48, 防守权 0.50→0.42, 进攻启发 0.0010→0.0012, 防守启发 0.0005→0.0004
2026-03-05 12:59:41,191 - INFO -   AI2(弱): ε 0.341→0.400, lr 0.001→0.080, 攻击权 0.40→0.48, 防守权 0.50→0.42, 进攻启发 0.0010→0.0012, 防守启发 0.0005→0.0004
2026-03-05 13:07:21,642 - INFO - 
⚖️ 平衡调整 #2: 差距<10% (拉开) 差距=0.0% 平局率=76.0% 中等进攻
2026-03-05 13:07:21,642 - INFO -   AI2(强): ε 0.329→0.296, lr 0.080→0.082, 攻击权 0.48→0.58, 防守权 0.42→0.35, 进攻启发 0.0012→0.0014, 防守启发 0.0004→0.0003
2026-03-05 13:07:21,643 - INFO -   AI1(弱): ε 0.255→0.331, lr 0.010→0.080, 攻击权 0.48→0.58, 防守权 0.42→0.35, 进攻启发 0.0012→0.0014, 防守启发 0.0004→0.0003
2026-03-05 13:14:02,996 - INFO - 
📊 第 200 局检查点 速度:0.2局/秒
2026-03-05 13:14:02,997 - INFO -   战绩: AI1 28胜 AI2 29胜 平局 143
2026-03-05 13:14:02,997 - INFO -   胜率: AI1 14.0% AI2 14.5% 平局 71.5%
2026-03-05 13:14:02,997 - INFO -   差距:0.5% 防守:3290次
2026-03-05 13:14:03,248 - INFO - 模型已保存: AI1_point_200_20260305_131402.pkl (59.06 MB)
2026-03-05 13:14:03,495 - INFO - 模型已保存: AI2_point_200_20260305_131402.pkl (61.41 MB)
2026-03-05 13:14:05,105 - INFO -   统计图已保存: stats_ep200.png
2026-03-05 13:15:11,207 - INFO - 
⚖️ 平衡调整 #3: 差距<10% (拉开) 差距=4.0% 平局率=74.0% 中等进攻
2026-03-05 13:15:11,207 - INFO -   AI2(强): ε 0.245→0.220, lr 0.082→0.083, 攻击权 0.58→0.69, 防守权 0.35→0.29, 进攻启发 0.0014→0.0017, 防守启发 0.0003→0.0003
2026-03-05 13:15:11,207 - INFO -   AI1(弱): ε 0.282→0.367, lr 0.080→0.080, 攻击权 0.58→0.69, 防守权 0.35→0.29, 进攻启发 0.0014→0.0017, 防守启发 0.0003→0.0003
2026-03-05 13:23:23,321 - INFO - 
⚖️ 平衡调整 #4: 差距<10% (拉开) 差距=9.0% 平局率=71.0% 中等进攻
2026-03-05 13:23:23,322 - INFO -   AI2(强): ε 0.182→0.164, lr 0.083→0.085, 攻击权 0.69→0.83, 防守权 0.29→0.24, 进攻启发 0.0017→0.0021, 防守启发 0.0003→0.0002
2026-03-05 13:23:23,322 - INFO -   AI1(弱): ε 0.312→0.400, lr 0.080→0.080, 攻击权 0.69→0.83, 防守权 0.29→0.24, 进攻启发 0.0017→0.0021, 防守启发 0.0003→0.0002
2026-03-05 13:31:21,056 - INFO - 
⚖️ 平衡调整 #5: 微调 差距=20.0% 平局率=66.0% 中等进攻
2026-03-05 13:31:21,057 - INFO -   AI2(强): ε 0.133→0.133, lr 0.085→0.086, 攻击权 0.83→0.95, 防守权 0.24→0.20, 进攻启发 0.0021→0.0025, 防守启发 0.0002→0.0002
2026-03-05 13:31:21,057 - INFO -   AI1(弱): ε 0.348→0.348, lr 0.080→0.082, 攻击权 0.83→0.95, 防守权 0.24→0.20, 进攻启发 0.0021→0.0025, 防守启发 0.0002→0.0002
2026-03-05 13:37:13,557 - INFO - 
📊 第 400 局检查点 速度:0.1局/秒
2026-03-05 13:37:13,557 - INFO -   战绩: AI1 42胜 AI2 76胜 平局 282
2026-03-05 13:37:13,557 - INFO -   胜率: AI1 10.5% AI2 19.0% 平局 70.5%
2026-03-05 13:37:13,557 - INFO -   差距:8.5% 防守:6439次
2026-03-05 13:37:13,859 - INFO - 模型已保存: AI1_point_400_20260305_133713.pkl (59.05 MB)
2026-03-05 13:37:14,125 - INFO - 模型已保存: AI2_point_400_20260305_133713.pkl (61.41 MB)
2026-03-05 13:37:15,574 - INFO -   统计图已保存: stats_ep400.png
2026-03-05 13:39:45,125 - INFO - 
⚖️ 平衡调整 #6: 微调 差距=15.0% 平局率=73.0% 中等进攻
2026-03-05 13:39:45,125 - INFO -   AI2(强): ε 0.107→0.107, lr 0.086→0.087, 攻击权 0.95→0.95, 防守权 0.20→0.17, 进攻启发 0.0025→0.0030, 防守启发 0.0002→0.0002
2026-03-05 13:39:45,125 - INFO -   AI1(弱): ε 0.304→0.304, lr 0.082→0.083, 攻击权 0.95→0.95, 防守权 0.20→0.17, 进攻启发 0.0025→0.0030, 防守启发 0.0002→0.0002
2026-03-05 13:48:37,482 - INFO - 
⚖️ 平衡调整 #7: 差距<10% (拉开) 差距=9.0% 平局率=75.0% 中等进攻
2026-03-05 13:48:37,483 - INFO -   AI2(强): ε 0.090→0.081, lr 0.087→0.088, 攻击权 0.95→0.95, 防守权 0.17→0.14, 进攻启发 0.0030→0.0036, 防守启发 0.0002→0.0001
2026-03-05 13:48:37,483 - INFO -   AI1(弱): ε 0.255→0.331, lr 0.083→0.080, 攻击权 0.95→0.95, 防守权 0.17→0.14, 进攻启发 0.0030→0.0036, 防守启发 0.0002→0.0001
2026-03-05 13:49:52,717 - INFO - 
==================================================
2026-03-05 13:49:52,717 - INFO - 第 500/1000 局 (50.0%)
2026-03-05 13:49:52,718 - INFO - 速度: 0.1局/秒, 已用: 57.5分钟
2026-03-05 13:49:52,718 - INFO - 总战绩: AI1 50胜, AI2 90胜, 平局 360
2026-03-05 13:49:52,718 - INFO - 近期100局: AI1 8.0%, AI2 14.0%, 平局 78.0%
2026-03-05 13:49:52,718 - INFO - 胜率差距: 6.0%
2026-03-05 13:49:52,718 - INFO - 防守统计: 总7967次, 平均15.93次/局
2026-03-05 13:49:52,719 - INFO - 参数: AI1 ε=0.323, lr=0.080
2026-03-05 13:49:52,719 - INFO -        AI2 ε=0.079, lr=0.088
2026-03-05 13:49:52,719 - INFO - ==================================================
2026-03-05 13:57:33,421 - INFO - 
⚖️ 平衡调整 #8: 差距<10% (拉开) 差距=8.0% 平局率=78.0% 中等进攻
2026-03-05 13:57:33,426 - INFO -   AI2(强): ε 0.067→0.060, lr 0.088→0.090, 攻击权 0.95→0.95, 防守权 0.14→0.12, 进攻启发 0.0036→0.0043, 防守启发 0.0001→0.0001
2026-03-05 13:57:33,427 - INFO -   AI1(弱): ε 0.282→0.367, lr 0.080→0.080, 攻击权 0.95→0.95, 防守权 0.14→0.12, 进攻启发 0.0036→0.0043, 防守启发 0.0001→0.0001
2026-03-05 14:02:09,623 - INFO - 
📊 第 600 局检查点 速度:0.1局/秒
2026-03-05 14:02:09,624 - INFO -   战绩: AI1 57胜 AI2 107胜 平局 436
2026-03-05 14:02:09,624 - INFO -   胜率: AI1 9.5% AI2 17.8% 平局 72.7%
2026-03-05 14:02:09,624 - INFO -   差距:8.3% 防守:9494次
2026-03-05 14:02:09,952 - INFO - 模型已保存: AI1_point_600_20260305_140209.pkl (59.05 MB)
2026-03-05 14:02:10,294 - INFO - 模型已保存: AI2_point_600_20260305_140209.pkl (61.41 MB)
2026-03-05 14:02:11,861 - INFO -   统计图已保存: stats_ep600.png
2026-03-05 14:05:49,505 - INFO - 
⚖️ 平衡调整 #9: 差距<10% (拉开) 差距=8.0% 平局率=82.0% 强力进攻(全局倾向 x1.00)
2026-03-05 14:05:49,505 - INFO -   AI2(强): ε 0.049→0.044, lr 0.090→0.074, 攻击权 0.95→0.95, 防守权 0.12→0.12, 进攻启发 0.0043→0.0043, 防守启发 0.0001→0.0001
2026-03-05 14:05:49,505 - INFO -   AI1(弱): ε 0.314→0.400, lr 0.080→0.120, 攻击权 0.95→0.95, 防守权 0.12→0.12, 进攻启发 0.0043→0.0043, 防守启发 0.0001→0.0001
2026-03-05 14:14:09,324 - INFO - 
⚖️ 平衡调整 #10: 微调 差距=19.0% 平局率=79.0% 中等进攻
2026-03-05 14:14:09,325 - INFO -   AI2(强): ε 0.036→0.036, lr 0.074→0.074, 攻击权 0.95→0.95, 防守权 0.12→0.10, 进攻启发 0.0043→0.0052, 防守启发 0.0001→0.0001
2026-03-05 14:14:09,325 - INFO -   AI1(弱): ε 0.348→0.348, lr 0.120→0.122, 攻击权 0.95→0.95, 防守权 0.12→0.10, 进攻启发 0.0043→0.0052, 防守启发 0.0001→0.0001
2026-03-05 14:22:33,048 - INFO - 
⚖️ 平衡调整 #11: 微调 差距=12.0% 平局率=82.0% 强力进攻(全局倾向 x1.00)
2026-03-05 14:22:33,048 - INFO -   AI2(强): ε 0.030→0.030, lr 0.074→0.060, 攻击权 0.95→0.95, 防守权 0.10→0.10, 进攻启发 0.0052→0.0052, 防守启发 0.0001→0.0001
2026-03-05 14:22:33,048 - INFO -   AI1(弱): ε 0.290→0.290, lr 0.122→0.187, 攻击权 0.95→0.95, 防守权 0.10→0.10, 进攻启发 0.0052→0.0052, 防守启发 0.0001→0.0001
2026-03-05 14:26:12,597 - INFO - 
📊 第 800 局检查点 速度:0.1局/秒
2026-03-05 14:26:12,597 - INFO -   战绩: AI1 63胜 AI2 137胜 平局 600
2026-03-05 14:26:12,597 - INFO -   胜率: AI1 7.9% AI2 17.1% 平局 75.0%
2026-03-05 14:26:12,597 - INFO -   差距:9.2% 防守:12492次
2026-03-05 14:26:12,891 - INFO - 模型已保存: AI1_point_800_20260305_142612.pkl (59.05 MB)
2026-03-05 14:26:13,151 - INFO - 模型已保存: AI2_point_800_20260305_142612.pkl (61.41 MB)
2026-03-05 14:26:14,469 - INFO -   统计图已保存: stats_ep800.png
2026-03-05 14:31:19,167 - INFO - 
⚖️ 平衡调整 #12: 差距<10% (拉开) 差距=5.0% 平局率=87.0% 强力进攻(全局倾向 x1.00)
2026-03-05 14:31:19,168 - INFO -   AI2(强): ε 0.026→0.023, lr 0.060→0.049, 攻击权 0.95→0.95, 防守权 0.10→0.10, 进攻启发 0.0052→0.0052, 防守启发 0.0001→0.0001
2026-03-05 14:31:19,168 - INFO -   AI1(弱): ε 0.244→0.317, lr 0.187→0.267, 攻击权 0.95→0.95, 防守权 0.10→0.10, 进攻启发 0.0052→0.0052, 防守启发 0.0001→0.0001
2026-03-05 14:39:47,139 - INFO - 
⚖️ 平衡调整 #13: 微调 差距=10.0% 平局率=80.0% 中等进攻
2026-03-05 14:39:47,140 - INFO -   AI2(强): ε 0.019→0.019, lr 0.049→0.049, 攻击权 0.95→0.95, 防守权 0.10→0.08, 进攻启发 0.0052→0.0062, 防守启发 0.0001→0.0001
2026-03-05 14:39:47,140 - INFO -   AI1(弱): ε 0.268→0.268, lr 0.267→0.272, 攻击权 0.95→0.95, 防守权 0.10→0.08, 进攻启发 0.0052→0.0062, 防守启发 0.0001→0.0001
2026-03-05 14:48:27,259 - INFO - 
⚖️ 平衡调整 #14: 差距<10% (拉开) 差距=9.0% 平局率=81.0% 强力进攻(全局倾向 x1.00)
2026-03-05 14:48:27,259 - INFO -   AI2(强): ε 0.016→0.014, lr 0.049→0.040, 攻击权 0.95→0.95, 防守权 0.08→0.08, 进攻启发 0.0062→0.0062, 防守启发 0.0001→0.0001
2026-03-05 14:48:27,260 - INFO -   AI1(弱): ε 0.227→0.296, lr 0.272→0.300, 攻击权 0.95→0.95, 防守权 0.08→0.08, 进攻启发 0.0062→0.0062, 防守启发 0.0001→0.0001
2026-03-05 14:51:27,340 - INFO - 
==================================================
2026-03-05 14:51:27,341 - INFO - 第 1000/1000 局 (100.0%)
2026-03-05 14:51:27,341 - INFO - 速度: 0.1局/秒, 已用: 119.1分钟
2026-03-05 14:51:27,341 - INFO - 总战绩: AI1 72胜, AI2 161胜, 平局 767
2026-03-05 14:51:27,341 - INFO - 近期100局: AI1 4.0%, AI2 12.0%, 平局 84.0%
2026-03-05 14:51:27,341 - INFO - 胜率差距: 8.0%
2026-03-05 14:51:27,341 - INFO - 防守统计: 总15408次, 平均15.41次/局
2026-03-05 14:51:27,341 - INFO - 参数: AI1 ε=0.281, lr=0.300
2026-03-05 14:51:27,341 - INFO -        AI2 ε=0.014, lr=0.040
2026-03-05 14:51:27,341 - INFO - ==================================================
2026-03-05 14:51:27,672 - INFO - 模型已保存: AI1_final_1000_20260305_145127.pkl (59.04 MB)
2026-03-05 14:51:27,998 - INFO - 模型已保存: AI2_final_1000_20260305_145127.pkl (61.39 MB)
2026-03-05 14:51:29,382 - INFO -   统计图已保存: stats_ep1000.png
