2026-06-07 15:03:37,843 - INFO - 
⚖️ 调整 #1: 差距=4.0% 平局=0.0%
2026-06-07 15:03:37,844 - INFO - 
⚖️ 平衡调整 #1: 微调 差距=4.0% 平局率=0.0% 减少探索
2026-06-07 15:03:37,844 - INFO -   AI2(强): ε 0.231→0.200, lr 0.150→0.150
2026-06-07 15:03:37,844 - INFO -   AI1(弱): ε 0.236→0.224, lr 0.150→0.150
2026-06-07 15:03:42,694 - INFO - 
⚖️ 调整 #2: 差距=10.0% 平局=0.0%
2026-06-07 15:03:42,694 - INFO - 
⚖️ 平衡调整 #2: 微调 差距=10.0% 平局率=0.0% 减少探索
2026-06-07 15:03:42,694 - INFO -   AI1(强): ε 0.170→0.179, lr 0.150→0.150
2026-06-07 15:03:42,694 - INFO -   AI2(弱): ε 0.160→0.152, lr 0.150→0.150
2026-06-07 15:03:48,776 - INFO - 
⚖️ 调整 #3: 差距=8.0% 平局=0.0%
2026-06-07 15:03:48,776 - INFO - 
⚖️ 平衡调整 #3: 微调 差距=8.0% 平局率=0.0% 减少探索
2026-06-07 15:03:48,776 - INFO -   AI2(强): ε 0.116→0.121, lr 0.150→0.150
2026-06-07 15:03:48,776 - INFO -   AI1(弱): ε 0.142→0.135, lr 0.150→0.150
2026-06-07 15:03:54,768 - INFO - 
⚖️ 调整 #4: 差距=22.0% 平局=0.0%
2026-06-07 15:03:54,769 - INFO - 
⚖️ 平衡调整 #4: 微调 差距=22.0% 平局率=0.0% 减少探索
2026-06-07 15:03:54,769 - INFO -   AI1(强): ε 0.099→0.104, lr 0.150→0.150
2026-06-07 15:03:54,769 - INFO -   AI2(弱): ε 0.100→0.095, lr 0.150→0.150
2026-06-07 15:04:00,734 - INFO - 
⚖️ 调整 #5: 差距=2.0% 平局=0.0%
2026-06-07 15:04:00,734 - INFO - 
⚖️ 平衡调整 #5: 微调 差距=2.0% 平局率=0.0% 减少探索
2026-06-07 15:04:00,734 - INFO -   AI1(强): ε 0.081→0.085, lr 0.142→0.142
2026-06-07 15:04:00,735 - INFO -   AI2(弱): ε 0.074→0.070, lr 0.158→0.158
2026-06-07 15:04:00,735 - INFO - 
==================================================
2026-06-07 15:04:00,735 - INFO - 第 500/10000 局 (5.0%)
2026-06-07 15:04:00,735 - INFO - 速度: 18.3局/秒, 已用: 0.5分钟
2026-06-07 15:04:00,735 - INFO - 总战绩: AI1 261胜, AI2 239胜, 平局 0
2026-06-07 15:04:00,735 - INFO - 近期100局: AI1 51.0%, AI2 49.0%, 平局 0.0%
2026-06-07 15:04:00,735 - INFO - 胜率差距: 2.0%
2026-06-07 15:04:00,735 - INFO - 防守统计: 总24013次, 平均48.03次/局
2026-06-07 15:04:00,735 - INFO - 参数: AI1 ε=0.085, lr=0.142
2026-06-07 15:04:00,735 - INFO -        AI2 ε=0.070, lr=0.158
2026-06-07 15:04:00,735 - INFO - ==================================================
2026-06-07 15:04:06,720 - INFO - 
⚖️ 调整 #6: 差距=2.0% 平局=0.0%
2026-06-07 15:04:06,720 - INFO - 
⚖️ 平衡调整 #6: 微调 差距=2.0% 平局率=0.0% 减少探索
2026-06-07 15:04:06,720 - INFO -   AI1(强): ε 0.066→0.069, lr 0.142→0.142
2026-06-07 15:04:06,720 - INFO -   AI2(弱): ε 0.055→0.052, lr 0.158→0.158
2026-06-07 15:04:12,720 - INFO - 
⚖️ 调整 #7: 差距=16.0% 平局=0.0%
2026-06-07 15:04:12,720 - INFO - 
⚖️ 平衡调整 #7: 微调 差距=16.0% 平局率=0.0% 减少探索
2026-06-07 15:04:12,720 - INFO -   AI1(强): ε 0.052→0.054, lr 0.142→0.142
2026-06-07 15:04:12,721 - INFO -   AI2(弱): ε 0.042→0.050, lr 0.158→0.158
2026-06-07 15:04:16,810 - INFO - 
⚖️ 调整 #8: 差距=4.0% 平局=0.0%
2026-06-07 15:04:16,810 - INFO - 
⚖️ 平衡调整 #8: 微调 差距=4.0% 平局率=0.0% 减少探索
2026-06-07 15:04:16,810 - INFO -   AI1(强): ε 0.041→0.044, lr 0.135→0.135
2026-06-07 15:04:16,810 - INFO -   AI2(弱): ε 0.040→0.050, lr 0.165→0.165
2026-06-07 15:04:20,908 - INFO - 
⚖️ 调整 #9: 差距=0.0% 平局=0.0%
2026-06-07 15:04:20,908 - INFO - 
⚖️ 平衡调整 #9: 微调 差距=0.0% 平局率=0.0% 减少探索
2026-06-07 15:04:20,908 - INFO -   AI2(强): ε 0.039→0.041, lr 0.165→0.165
2026-06-07 15:04:20,909 - INFO -   AI1(弱): ε 0.034→0.050, lr 0.135→0.135
2026-06-07 15:04:25,017 - INFO - 
⚖️ 调整 #10: 差距=8.0% 平局=0.0%
2026-06-07 15:04:25,017 - INFO - 
⚖️ 平衡调整 #10: 微调 差距=8.0% 平局率=0.0% 减少探索
2026-06-07 15:04:25,017 - INFO -   AI2(强): ε 0.031→0.033, lr 0.165→0.165
2026-06-07 15:04:25,017 - INFO -   AI1(弱): ε 0.040→0.050, lr 0.135→0.135
2026-06-07 15:04:25,017 - INFO - 
==================================================
2026-06-07 15:04:25,017 - INFO - 第 1000/10000 局 (10.0%)
2026-06-07 15:04:25,017 - INFO - 速度: 19.4局/秒, 已用: 0.9分钟
2026-06-07 15:04:25,017 - INFO - 总战绩: AI1 518胜, AI2 482胜, 平局 0
2026-06-07 15:04:25,017 - INFO - 近期100局: AI1 46.0%, AI2 54.0%, 平局 0.0%
2026-06-07 15:04:25,017 - INFO - 胜率差距: 8.0%
2026-06-07 15:04:25,017 - INFO - 防守统计: 总48143次, 平均48.14次/局
2026-06-07 15:04:25,017 - INFO - 参数: AI1 ε=0.050, lr=0.135
2026-06-07 15:04:25,017 - INFO -        AI2 ε=0.033, lr=0.165
2026-06-07 15:04:25,017 - INFO - ==================================================
2026-06-07 15:04:29,035 - INFO - 
⚖️ 调整 #11: 差距=14.0% 平局=0.0%
2026-06-07 15:04:29,035 - INFO - 
⚖️ 平衡调整 #11: 微调 差距=14.0% 平局率=0.0% 减少探索
2026-06-07 15:04:29,035 - INFO -   AI2(强): ε 0.025→0.026, lr 0.165→0.165
2026-06-07 15:04:29,035 - INFO -   AI1(弱): ε 0.040→0.050, lr 0.135→0.135
2026-06-07 15:04:33,005 - INFO - 
⚖️ 调整 #12: 差距=8.0% 平局=0.0%
2026-06-07 15:04:33,005 - INFO - 
⚖️ 平衡调整 #12: 微调 差距=8.0% 平局率=0.0% 减少探索
2026-06-07 15:04:33,005 - INFO -   AI1(强): ε 0.038→0.040, lr 0.142→0.142
2026-06-07 15:04:33,005 - INFO -   AI2(弱): ε 0.021→0.050, lr 0.157→0.157
2026-06-07 15:04:37,114 - INFO - 
⚖️ 调整 #13: 差距=4.0% 平局=0.0%
2026-06-07 15:04:37,114 - INFO - 
⚖️ 平衡调整 #13: 微调 差距=4.0% 平局率=0.0% 减少探索
2026-06-07 15:04:37,114 - INFO -   AI1(强): ε 0.031→0.032, lr 0.142→0.142
2026-06-07 15:04:37,114 - INFO -   AI2(弱): ε 0.039→0.050, lr 0.157→0.157
2026-06-07 15:04:41,200 - INFO - 
⚖️ 调整 #14: 差距=14.0% 平局=0.0%
2026-06-07 15:04:41,201 - INFO - 
⚖️ 平衡调整 #14: 微调 差距=14.0% 平局率=0.0% 减少探索
2026-06-07 15:04:41,201 - INFO -   AI1(强): ε 0.024→0.026, lr 0.142→0.142
2026-06-07 15:04:41,201 - INFO -   AI2(弱): ε 0.040→0.050, lr 0.157→0.157
2026-06-07 15:04:45,192 - INFO - 
⚖️ 调整 #15: 差距=6.0% 平局=0.0%
2026-06-07 15:04:45,193 - INFO - 
⚖️ 平衡调整 #15: 微调 差距=6.0% 平局率=0.0% 减少探索
2026-06-07 15:04:45,193 - INFO -   AI2(强): ε 0.038→0.040, lr 0.165→0.165
2026-06-07 15:04:45,193 - INFO -   AI1(弱): ε 0.020→0.050, lr 0.135→0.135
2026-06-07 15:04:45,193 - INFO - 
==================================================
2026-06-07 15:04:45,193 - INFO - 第 1500/10000 局 (15.0%)
2026-06-07 15:04:45,193 - INFO - 速度: 20.9局/秒, 已用: 1.2分钟
2026-06-07 15:04:45,193 - INFO - 总战绩: AI1 771胜, AI2 729胜, 平局 0
2026-06-07 15:04:45,193 - INFO - 近期100局: AI1 47.0%, AI2 53.0%, 平局 0.0%
2026-06-07 15:04:45,193 - INFO - 胜率差距: 6.0%
2026-06-07 15:04:45,193 - INFO - 防守统计: 总72516次, 平均48.34次/局
2026-06-07 15:04:45,193 - INFO - 参数: AI1 ε=0.050, lr=0.135
2026-06-07 15:04:45,193 - INFO -        AI2 ε=0.040, lr=0.165
2026-06-07 15:04:45,193 - INFO - ==================================================
2026-06-07 15:04:49,156 - INFO - 
⚖️ 调整 #16: 差距=6.0% 平局=0.0%
2026-06-07 15:04:49,156 - INFO - 
⚖️ 平衡调整 #16: 微调 差距=6.0% 平局率=0.0% 减少探索
2026-06-07 15:04:49,156 - INFO -   AI2(强): ε 0.031→0.032, lr 0.165→0.165
2026-06-07 15:04:49,156 - INFO -   AI1(弱): ε 0.040→0.050, lr 0.135→0.135
2026-06-07 15:04:53,169 - INFO - 
⚖️ 调整 #17: 差距=8.0% 平局=0.0%
2026-06-07 15:04:53,169 - INFO - 
⚖️ 平衡调整 #17: 微调 差距=8.0% 平局率=0.0% 减少探索
2026-06-07 15:04:53,169 - INFO -   AI2(强): ε 0.025→0.026, lr 0.165→0.165
2026-06-07 15:04:53,169 - INFO -   AI1(弱): ε 0.040→0.050, lr 0.135→0.135
2026-06-07 15:04:57,187 - INFO - 
⚖️ 调整 #18: 差距=12.0% 平局=0.0%
2026-06-07 15:04:57,187 - INFO - 
⚖️ 平衡调整 #18: 微调 差距=12.0% 平局率=0.0% 减少探索
2026-06-07 15:04:57,188 - INFO -   AI2(强): ε 0.020→0.021, lr 0.165→0.165
2026-06-07 15:04:57,188 - INFO -   AI1(弱): ε 0.040→0.050, lr 0.135→0.135
2026-06-07 15:05:01,166 - INFO - 
⚖️ 调整 #19: 差距=18.0% 平局=0.0%
2026-06-07 15:05:01,166 - INFO - 
⚖️ 平衡调整 #19: 微调 差距=18.0% 平局率=0.0% 减少探索
2026-06-07 15:05:01,166 - INFO -   AI1(强): ε 0.037→0.039, lr 0.142→0.142
2026-06-07 15:05:01,166 - INFO -   AI2(弱): ε 0.017→0.050, lr 0.157→0.157
2026-06-07 15:05:05,112 - INFO - 
⚖️ 调整 #20: 差距=6.0% 平局=0.0%
2026-06-07 15:05:05,112 - INFO - 
⚖️ 平衡调整 #20: 微调 差距=6.0% 平局率=0.0% 减少探索
2026-06-07 15:05:05,113 - INFO -   AI2(强): ε 0.038→0.040, lr 0.165→0.165
2026-06-07 15:05:05,113 - INFO -   AI1(弱): ε 0.031→0.050, lr 0.135→0.135
2026-06-07 15:05:05,113 - INFO - 
==================================================
2026-06-07 15:05:05,113 - INFO - 第 2000/10000 局 (20.0%)
2026-06-07 15:05:05,113 - INFO - 速度: 21.8局/秒, 已用: 1.5分钟
2026-06-07 15:05:05,113 - INFO - 总战绩: AI1 1014胜, AI2 986胜, 平局 0
2026-06-07 15:05:05,113 - INFO - 近期100局: AI1 47.0%, AI2 53.0%, 平局 0.0%
2026-06-07 15:05:05,113 - INFO - 胜率差距: 6.0%
2026-06-07 15:05:05,113 - INFO - 防守统计: 总96927次, 平均48.46次/局
2026-06-07 15:05:05,113 - INFO - 参数: AI1 ε=0.050, lr=0.135
2026-06-07 15:05:05,113 - INFO -        AI2 ε=0.040, lr=0.165
2026-06-07 15:05:05,113 - INFO - ==================================================
2026-06-07 15:05:09,195 - INFO - 
⚖️ 调整 #21: 差距=4.0% 平局=0.0%
2026-06-07 15:05:09,195 - INFO - 
⚖️ 平衡调整 #21: 微调 差距=4.0% 平局率=0.0% 减少探索
2026-06-07 15:05:09,195 - INFO -   AI1(强): ε 0.039→0.040, lr 0.135→0.135
2026-06-07 15:05:09,195 - INFO -   AI2(弱): ε 0.032→0.050, lr 0.165→0.165
2026-06-07 15:05:13,214 - INFO - 
⚖️ 调整 #22: 差距=18.0% 平局=0.0%
2026-06-07 15:05:13,214 - INFO - 
⚖️ 平衡调整 #22: 微调 差距=18.0% 平局率=0.0% 减少探索
2026-06-07 15:05:13,214 - INFO -   AI2(强): ε 0.037→0.039, lr 0.165→0.165
2026-06-07 15:05:13,214 - INFO -   AI1(弱): ε 0.033→0.050, lr 0.135→0.135
2026-06-07 15:05:16,982 - INFO - 
⚖️ 调整 #23: 差距=2.0% 平局=0.0%
2026-06-07 15:05:16,982 - INFO - 
⚖️ 平衡调整 #23: 微调 差距=2.0% 平局率=0.0% 减少探索
2026-06-07 15:05:16,982 - INFO -   AI1(强): ε 0.039→0.041, lr 0.141→0.141
2026-06-07 15:05:16,982 - INFO -   AI2(弱): ε 0.031→0.050, lr 0.156→0.156
2026-06-07 15:05:20,924 - INFO - 
⚖️ 调整 #24: 差距=6.0% 平局=0.0%
2026-06-07 15:05:20,924 - INFO - 
⚖️ 平衡调整 #24: 微调 差距=6.0% 平局率=0.0% 减少探索
2026-06-07 15:05:20,924 - INFO -   AI1(强): ε 0.031→0.033, lr 0.141→0.141
2026-06-07 15:05:20,924 - INFO -   AI2(弱): ε 0.040→0.050, lr 0.156→0.156
2026-06-07 15:05:24,813 - INFO - 
⚖️ 调整 #25: 差距=4.0% 平局=0.0%
2026-06-07 15:05:24,813 - INFO - 
⚖️ 平衡调整 #25: 微调 差距=4.0% 平局率=0.0% 减少探索
2026-06-07 15:05:24,813 - INFO -   AI2(强): ε 0.039→0.040, lr 0.156→0.156
2026-06-07 15:05:24,813 - INFO -   AI1(弱): ε 0.026→0.050, lr 0.141→0.141
2026-06-07 15:05:24,813 - INFO - 
==================================================
2026-06-07 15:05:24,813 - INFO - 第 2500/10000 局 (25.0%)
2026-06-07 15:05:24,813 - INFO - 速度: 22.4局/秒, 已用: 1.9分钟
2026-06-07 15:05:24,813 - INFO - 总战绩: AI1 1259胜, AI2 1241胜, 平局 0
2026-06-07 15:05:24,813 - INFO - 近期100局: AI1 48.0%, AI2 52.0%, 平局 0.0%
2026-06-07 15:05:24,813 - INFO - 胜率差距: 4.0%
2026-06-07 15:05:24,813 - INFO - 防守统计: 总120599次, 平均48.24次/局
2026-06-07 15:05:24,813 - INFO - 参数: AI1 ε=0.050, lr=0.141
2026-06-07 15:05:24,813 - INFO -        AI2 ε=0.040, lr=0.156
2026-06-07 15:05:24,813 - INFO - ==================================================
2026-06-07 15:05:28,676 - INFO - 
⚖️ 调整 #26: 差距=14.0% 平局=0.0%
2026-06-07 15:05:28,676 - INFO - 
⚖️ 平衡调整 #26: 微调 差距=14.0% 平局率=0.0% 减少探索
2026-06-07 15:05:28,676 - INFO -   AI2(强): ε 0.030→0.032, lr 0.156→0.156
2026-06-07 15:05:28,676 - INFO -   AI1(弱): ε 0.041→0.050, lr 0.141→0.141
2026-06-07 15:05:32,576 - INFO - 
⚖️ 调整 #27: 差距=8.0% 平局=0.0%
2026-06-07 15:05:32,576 - INFO - 
⚖️ 平衡调整 #27: 微调 差距=8.0% 平局率=0.0% 减少探索
2026-06-07 15:05:32,576 - INFO -   AI1(强): ε 0.038→0.040, lr 0.149→0.149
2026-06-07 15:05:32,576 - INFO -   AI2(弱): ε 0.025→0.050, lr 0.149→0.149
2026-06-07 15:05:36,530 - INFO - 
⚖️ 调整 #28: 差距=10.0% 平局=0.0%
2026-06-07 15:05:36,530 - INFO - 
⚖️ 平衡调整 #28: 微调 差距=10.0% 平局率=0.0% 减少探索
2026-06-07 15:05:36,530 - INFO -   AI2(强): ε 0.038→0.040, lr 0.149→0.149
2026-06-07 15:05:36,530 - INFO -   AI1(弱): ε 0.032→0.050, lr 0.149→0.149
2026-06-07 15:05:40,567 - INFO - 
⚖️ 调整 #29: 差距=10.0% 平局=0.0%
2026-06-07 15:05:40,567 - INFO - 
⚖️ 平衡调整 #29: 微调 差距=10.0% 平局率=0.0% 减少探索
2026-06-07 15:05:40,567 - INFO -   AI1(强): ε 0.038→0.040, lr 0.149→0.149
2026-06-07 15:05:40,567 - INFO -   AI2(弱): ε 0.032→0.050, lr 0.149→0.149
2026-06-07 15:05:44,716 - INFO - 
⚖️ 调整 #30: 差距=16.0% 平局=0.0%
2026-06-07 15:05:44,716 - INFO - 
⚖️ 平衡调整 #30: 微调 差距=16.0% 平局率=0.0% 减少探索
2026-06-07 15:05:44,716 - INFO -   AI2(强): ε 0.037→0.039, lr 0.149→0.149
2026-06-07 15:05:44,716 - INFO -   AI1(弱): ε 0.032→0.050, lr 0.149→0.149
2026-06-07 15:05:44,716 - INFO - 
==================================================
2026-06-07 15:05:44,716 - INFO - 第 3000/10000 局 (30.0%)
2026-06-07 15:05:44,716 - INFO - 速度: 22.8局/秒, 已用: 2.2分钟
2026-06-07 15:05:44,716 - INFO - 总战绩: AI1 1498胜, AI2 1502胜, 平局 0
2026-06-07 15:05:44,716 - INFO - 近期100局: AI1 42.0%, AI2 58.0%, 平局 0.0%
2026-06-07 15:05:44,716 - INFO - 胜率差距: 16.0%
2026-06-07 15:05:44,716 - INFO - 防守统计: 总144572次, 平均48.19次/局
2026-06-07 15:05:44,716 - INFO - 参数: AI1 ε=0.050, lr=0.156
2026-06-07 15:05:44,716 - INFO -        AI2 ε=0.039, lr=0.141
2026-06-07 15:05:44,716 - INFO - ==================================================
2026-06-07 15:05:48,394 - INFO - 
⚖️ 调整 #31: 差距=6.0% 平局=0.0%
2026-06-07 15:05:48,394 - INFO - 
⚖️ 平衡调整 #31: 微调 差距=6.0% 平局率=0.0% 减少探索
2026-06-07 15:05:48,394 - INFO -   AI2(强): ε 0.030→0.031, lr 0.141→0.141
2026-06-07 15:05:48,394 - INFO -   AI1(弱): ε 0.040→0.050, lr 0.156→0.156
2026-06-07 15:05:52,368 - INFO - 
⚖️ 调整 #32: 差距=14.0% 平局=0.0%
2026-06-07 15:05:52,368 - INFO - 
⚖️ 平衡调整 #32: 微调 差距=14.0% 平局率=0.0% 减少探索
2026-06-07 15:05:52,368 - INFO -   AI2(强): ε 0.024→0.025, lr 0.141→0.141
2026-06-07 15:05:52,368 - INFO -   AI1(弱): ε 0.040→0.050, lr 0.156→0.156
2026-06-07 15:05:56,176 - INFO - 
⚖️ 调整 #33: 差距=8.0% 平局=0.0%
2026-06-07 15:05:56,176 - INFO - 
⚖️ 平衡调整 #33: 微调 差距=8.0% 平局率=0.0% 减少探索
2026-06-07 15:05:56,176 - INFO -   AI1(强): ε 0.038→0.040, lr 0.164→0.164
2026-06-07 15:05:56,176 - INFO -   AI2(弱): ε 0.020→0.050, lr 0.134→0.134
2026-06-07 15:05:59,978 - INFO - 
⚖️ 调整 #34: 差距=6.0% 平局=0.0%
2026-06-07 15:05:59,979 - INFO - 
⚖️ 平衡调整 #34: 微调 差距=6.0% 平局率=0.0% 减少探索
2026-06-07 15:05:59,979 - INFO -   AI2(强): ε 0.038→0.040, lr 0.134→0.134
2026-06-07 15:05:59,979 - INFO -   AI1(弱): ε 0.032→0.050, lr 0.164→0.164
2026-06-07 15:06:03,679 - INFO - 
⚖️ 调整 #35: 差距=12.0% 平局=0.0%
2026-06-07 15:06:03,679 - INFO - 
⚖️ 平衡调整 #35: 微调 差距=12.0% 平局率=0.0% 减少探索
2026-06-07 15:06:03,679 - INFO -   AI2(强): ε 0.030→0.032, lr 0.134→0.134
2026-06-07 15:06:03,679 - INFO -   AI1(弱): ε 0.040→0.050, lr 0.164→0.164
2026-06-07 15:06:03,679 - INFO - 
==================================================
2026-06-07 15:06:03,679 - INFO - 第 3500/10000 局 (35.0%)
2026-06-07 15:06:03,679 - INFO - 速度: 23.3局/秒, 已用: 2.5分钟
2026-06-07 15:06:03,679 - INFO - 总战绩: AI1 1733胜, AI2 1767胜, 平局 0
2026-06-07 15:06:03,679 - INFO - 近期100局: AI1 44.0%, AI2 56.0%, 平局 0.0%
2026-06-07 15:06:03,679 - INFO - 胜率差距: 12.0%
2026-06-07 15:06:03,679 - INFO - 防守统计: 总167760次, 平均47.93次/局
2026-06-07 15:06:03,679 - INFO - 参数: AI1 ε=0.050, lr=0.172
2026-06-07 15:06:03,679 - INFO -        AI2 ε=0.032, lr=0.127
2026-06-07 15:06:03,679 - INFO - ==================================================
2026-06-07 15:06:08,471 - INFO - 
⚖️ 调整 #36: 差距=4.0% 平局=0.0%
2026-06-07 15:06:08,471 - INFO - 
⚖️ 平衡调整 #36: 微调 差距=4.0% 平局率=0.0% 减少探索
2026-06-07 15:06:08,471 - INFO -   AI1(强): ε 0.039→0.040, lr 0.172→0.172
2026-06-07 15:06:08,471 - INFO -   AI2(弱): ε 0.025→0.050, lr 0.127→0.127
2026-06-07 15:06:14,102 - INFO - 
⚖️ 调整 #37: 差距=4.0% 平局=0.0%
2026-06-07 15:06:14,102 - INFO - 
⚖️ 平衡调整 #37: 微调 差距=4.0% 平局率=0.0% 减少探索
2026-06-07 15:06:14,102 - INFO -   AI1(强): ε 0.031→0.033, lr 0.172→0.172
2026-06-07 15:06:14,102 - INFO -   AI2(弱): ε 0.040→0.050, lr 0.127→0.127
2026-06-07 15:06:19,460 - INFO - 
⚖️ 调整 #38: 差距=2.0% 平局=0.0%
2026-06-07 15:06:19,461 - INFO - 
⚖️ 平衡调整 #38: 微调 差距=2.0% 平局率=0.0% 减少探索
2026-06-07 15:06:19,461 - INFO -   AI2(强): ε 0.039→0.041, lr 0.127→0.127
2026-06-07 15:06:19,461 - INFO -   AI1(弱): ε 0.025→0.050, lr 0.172→0.172
2026-06-07 15:06:25,011 - INFO - 
⚖️ 调整 #39: 差距=18.0% 平局=0.0%
2026-06-07 15:06:25,011 - INFO - 
⚖️ 平衡调整 #39: 微调 差距=18.0% 平局率=0.0% 减少探索
2026-06-07 15:06:25,011 - INFO -   AI2(强): ε 0.031→0.032, lr 0.127→0.127
2026-06-07 15:06:25,011 - INFO -   AI1(弱): ε 0.041→0.050, lr 0.172→0.172
2026-06-07 15:06:31,738 - INFO - 
⚖️ 调整 #40: 差距=12.0% 平局=0.0%
2026-06-07 15:06:31,738 - INFO - 
⚖️ 平衡调整 #40: 微调 差距=12.0% 平局率=0.0% 减少探索
2026-06-07 15:06:31,739 - INFO -   AI2(强): ε 0.024→0.025, lr 0.121→0.121
2026-06-07 15:06:31,739 - INFO -   AI1(弱): ε 0.040→0.050, lr 0.181→0.181
2026-06-07 15:06:31,739 - INFO - 
==================================================
2026-06-07 15:06:31,739 - INFO - 第 4000/10000 局 (40.0%)
2026-06-07 15:06:31,739 - INFO - 速度: 22.4局/秒, 已用: 3.0分钟
2026-06-07 15:06:31,739 - INFO - 总战绩: AI1 1971胜, AI2 2029胜, 平局 0
2026-06-07 15:06:31,739 - INFO - 近期100局: AI1 44.0%, AI2 56.0%, 平局 0.0%
2026-06-07 15:06:31,739 - INFO - 胜率差距: 12.0%
2026-06-07 15:06:31,739 - INFO - 防守统计: 总191134次, 平均47.78次/局
2026-06-07 15:06:31,740 - INFO - 参数: AI1 ε=0.050, lr=0.190
2026-06-07 15:06:31,740 - INFO -        AI2 ε=0.025, lr=0.115
2026-06-07 15:06:31,740 - INFO - ==================================================
2026-06-07 15:06:37,715 - INFO - 
⚖️ 调整 #41: 差距=18.0% 平局=0.0%
2026-06-07 15:06:37,716 - INFO - 
⚖️ 平衡调整 #41: 微调 差距=18.0% 平局率=0.0% 减少探索
2026-06-07 15:06:37,716 - INFO -   AI2(强): ε 0.019→0.020, lr 0.115→0.115
2026-06-07 15:06:37,716 - INFO -   AI1(弱): ε 0.041→0.050, lr 0.190→0.190
2026-06-07 15:06:43,874 - INFO - 
⚖️ 调整 #42: 差距=0.0% 平局=0.0%
2026-06-07 15:06:43,875 - INFO - 
⚖️ 平衡调整 #42: 微调 差距=0.0% 平局率=0.0% 减少探索
2026-06-07 15:06:43,875 - INFO -   AI2(强): ε 0.015→0.016, lr 0.109→0.109
2026-06-07 15:06:43,875 - INFO -   AI1(弱): ε 0.039→0.050, lr 0.199→0.199
2026-06-07 15:06:51,781 - INFO - 
⚖️ 调整 #43: 差距=8.0% 平局=0.0%
2026-06-07 15:06:51,782 - INFO - 
⚖️ 平衡调整 #43: 微调 差距=8.0% 平局率=0.0% 减少探索
2026-06-07 15:06:51,782 - INFO -   AI2(强): ε 0.012→0.013, lr 0.109→0.109
2026-06-07 15:06:51,782 - INFO -   AI1(弱): ε 0.040→0.050, lr 0.199→0.199
2026-06-07 15:07:00,202 - INFO - 
⚖️ 调整 #44: 差距=4.0% 平局=0.0%
2026-06-07 15:07:00,202 - INFO - 
⚖️ 平衡调整 #44: 微调 差距=4.0% 平局率=0.0% 减少探索
2026-06-07 15:07:00,203 - INFO -   AI2(强): ε 0.010→0.011, lr 0.109→0.109
2026-06-07 15:07:00,203 - INFO -   AI1(弱): ε 0.039→0.050, lr 0.199→0.199
2026-06-07 15:07:07,423 - INFO - 
⚖️ 调整 #45: 差距=4.0% 平局=0.0%
2026-06-07 15:07:07,423 - INFO - 
⚖️ 平衡调整 #45: 微调 差距=4.0% 平局率=0.0% 减少探索
2026-06-07 15:07:07,423 - INFO -   AI2(强): ε 0.010→0.011, lr 0.109→0.109
2026-06-07 15:07:07,423 - INFO -   AI1(弱): ε 0.039→0.050, lr 0.199→0.199
2026-06-07 15:07:07,423 - INFO - 
==================================================
2026-06-07 15:07:07,423 - INFO - 第 4500/10000 局 (45.0%)
2026-06-07 15:07:07,423 - INFO - 速度: 21.0局/秒, 已用: 3.6分钟
2026-06-07 15:07:07,423 - INFO - 总战绩: AI1 2204胜, AI2 2296胜, 平局 0
2026-06-07 15:07:07,423 - INFO - 近期100局: AI1 48.0%, AI2 52.0%, 平局 0.0%
2026-06-07 15:07:07,423 - INFO - 胜率差距: 4.0%
2026-06-07 15:07:07,423 - INFO - 防守统计: 总214454次, 平均47.66次/局
2026-06-07 15:07:07,423 - INFO - 参数: AI1 ε=0.050, lr=0.199
2026-06-07 15:07:07,423 - INFO -        AI2 ε=0.011, lr=0.109
2026-06-07 15:07:07,423 - INFO - ==================================================
2026-06-07 15:07:15,552 - INFO - 
⚖️ 调整 #46: 差距=4.0% 平局=0.0%
2026-06-07 15:07:15,553 - INFO - 
⚖️ 平衡调整 #46: 微调 差距=4.0% 平局率=0.0% 减少探索
2026-06-07 15:07:15,553 - INFO -   AI2(强): ε 0.010→0.011, lr 0.109→0.109
2026-06-07 15:07:15,553 - INFO -   AI1(弱): ε 0.039→0.050, lr 0.199→0.199
2026-06-07 15:07:23,977 - INFO - 
⚖️ 调整 #47: 差距=4.0% 平局=0.0%
2026-06-07 15:07:23,978 - INFO - 
⚖️ 平衡调整 #47: 微调 差距=4.0% 平局率=0.0% 减少探索
2026-06-07 15:07:23,978 - INFO -   AI2(强): ε 0.010→0.011, lr 0.109→0.109
2026-06-07 15:07:23,978 - INFO -   AI1(弱): ε 0.039→0.050, lr 0.199→0.199
2026-06-07 15:07:33,104 - INFO - 
⚖️ 调整 #48: 差距=16.0% 平局=0.0%
2026-06-07 15:07:33,105 - INFO - 
⚖️ 平衡调整 #48: 微调 差距=16.0% 平局率=0.0% 减少探索
2026-06-07 15:07:33,106 - INFO -   AI2(强): ε 0.010→0.011, lr 0.109→0.109
2026-06-07 15:07:33,106 - INFO -   AI1(弱): ε 0.041→0.050, lr 0.199→0.199
2026-06-07 15:07:42,013 - INFO - 
⚖️ 调整 #49: 差距=16.0% 平局=0.0%
2026-06-07 15:07:42,014 - INFO - 
⚖️ 平衡调整 #49: 微调 差距=16.0% 平局率=0.0% 减少探索
2026-06-07 15:07:42,014 - INFO -   AI2(强): ε 0.010→0.011, lr 0.104→0.104
2026-06-07 15:07:42,014 - INFO -   AI1(弱): ε 0.041→0.050, lr 0.209→0.209
2026-06-07 15:07:50,909 - INFO - 
⚖️ 调整 #50: 差距=10.0% 平局=0.0%
2026-06-07 15:07:50,909 - INFO - 
⚖️ 平衡调整 #50: 微调 差距=10.0% 平局率=0.0% 减少探索
2026-06-07 15:07:50,909 - INFO -   AI1(强): ε 0.038→0.040, lr 0.219→0.219
2026-06-07 15:07:50,909 - INFO -   AI2(弱): ε 0.010→0.050, lr 0.099→0.099
2026-06-07 15:07:50,909 - INFO - 
==================================================
2026-06-07 15:07:50,910 - INFO - 第 5000/10000 局 (50.0%)
2026-06-07 15:07:50,910 - INFO - 速度: 19.4局/秒, 已用: 4.3分钟
2026-06-07 15:07:50,910 - INFO - 总战绩: AI1 2439胜, AI2 2561胜, 平局 0
2026-06-07 15:07:50,910 - INFO - 近期100局: AI1 55.0%, AI2 45.0%, 平局 0.0%
2026-06-07 15:07:50,910 - INFO - 胜率差距: 10.0%
2026-06-07 15:07:50,910 - INFO - 防守统计: 总237607次, 平均47.52次/局
2026-06-07 15:07:50,910 - INFO - 参数: AI1 ε=0.040, lr=0.219
2026-06-07 15:07:50,910 - INFO -        AI2 ε=0.050, lr=0.099
2026-06-07 15:07:50,910 - INFO - ==================================================
2026-06-07 15:07:50,910 - INFO - 
📊 第 5000 局检查点 速度:19.4局/秒
2026-06-07 15:07:50,910 - INFO -   战绩: AI1 2439胜 AI2 2561胜 平局 0
2026-06-07 15:07:50,910 - INFO -   胜率: AI1 48.8% AI2 51.2% 平局 0.0%
2026-06-07 15:07:50,910 - INFO -   差距:2.4% 防守:237607次
2026-06-07 15:07:51,640 - INFO - 模型已保存: AI1_checkpoint_5000_20260607_150750.pkl (1.43 MB, Q表:85500)
2026-06-07 15:07:52,608 - INFO - 模型已保存: AI2_checkpoint_5000_20260607_150750.pkl (1.43 MB, Q表:85761)
2026-06-07 15:07:55,517 - INFO -   统计图已保存: stats_ep5000.png
2026-06-07 15:08:03,052 - INFO - 
⚖️ 调整 #51: 差距=0.0% 平局=0.0%
2026-06-07 15:08:03,052 - INFO - 
⚖️ 平衡调整 #51: 微调 差距=0.0% 平局率=0.0% 减少探索
2026-06-07 15:08:03,052 - INFO -   AI2(强): ε 0.039→0.041, lr 0.099→0.099
2026-06-07 15:08:03,052 - INFO -   AI1(弱): ε 0.031→0.050, lr 0.219→0.219
2026-06-07 15:08:09,956 - INFO - 
⚖️ 调整 #52: 差距=8.0% 平局=0.0%
2026-06-07 15:08:09,956 - INFO - 
⚖️ 平衡调整 #52: 微调 差距=8.0% 平局率=0.0% 减少探索
2026-06-07 15:08:09,956 - INFO -   AI2(强): ε 0.031→0.033, lr 0.099→0.099
2026-06-07 15:08:09,956 - INFO -   AI1(弱): ε 0.040→0.050, lr 0.219→0.219
2026-06-07 15:08:16,499 - INFO - 
⚖️ 调整 #53: 差距=8.0% 平局=0.0%
2026-06-07 15:08:16,500 - INFO - 
⚖️ 平衡调整 #53: 微调 差距=8.0% 平局率=0.0% 减少探索
2026-06-07 15:08:16,500 - INFO -   AI2(强): ε 0.025→0.026, lr 0.099→0.099
2026-06-07 15:08:16,500 - INFO -   AI1(弱): ε 0.040→0.050, lr 0.219→0.219
2026-06-07 15:08:22,954 - INFO - 
⚖️ 调整 #54: 差距=10.0% 平局=0.0%
2026-06-07 15:08:22,954 - INFO - 
⚖️ 平衡调整 #54: 微调 差距=10.0% 平局率=0.0% 减少探索
2026-06-07 15:08:22,955 - INFO -   AI2(强): ε 0.020→0.021, lr 0.099→0.099
2026-06-07 15:08:22,955 - INFO -   AI1(弱): ε 0.040→0.050, lr 0.219→0.219
2026-06-07 15:08:28,732 - INFO - 
⚖️ 调整 #55: 差距=14.0% 平局=0.0%
2026-06-07 15:08:28,732 - INFO - 
⚖️ 平衡调整 #55: 微调 差距=14.0% 平局率=0.0% 减少探索
2026-06-07 15:08:28,732 - INFO -   AI2(强): ε 0.016→0.016, lr 0.099→0.099
2026-06-07 15:08:28,732 - INFO -   AI1(弱): ε 0.040→0.050, lr 0.219→0.219
2026-06-07 15:08:28,732 - INFO - 
==================================================
2026-06-07 15:08:28,732 - INFO - 第 5500/10000 局 (55.0%)
2026-06-07 15:08:28,732 - INFO - 速度: 18.6局/秒, 已用: 4.9分钟
2026-06-07 15:08:28,732 - INFO - 总战绩: AI1 2669胜, AI2 2831胜, 平局 0
2026-06-07 15:08:28,732 - INFO - 近期100局: AI1 43.0%, AI2 57.0%, 平局 0.0%
2026-06-07 15:08:28,732 - INFO - 胜率差距: 14.0%
2026-06-07 15:08:28,732 - INFO - 防守统计: 总261033次, 平均47.46次/局
2026-06-07 15:08:28,732 - INFO - 参数: AI1 ε=0.050, lr=0.230
2026-06-07 15:08:28,732 - INFO -        AI2 ε=0.016, lr=0.094
2026-06-07 15:08:28,732 - INFO - ==================================================
2026-06-07 15:08:34,603 - INFO - 
⚖️ 调整 #56: 差距=0.0% 平局=0.0%
2026-06-07 15:08:34,604 - INFO - 
⚖️ 平衡调整 #56: 微调 差距=0.0% 平局率=0.0% 减少探索
2026-06-07 15:08:34,604 - INFO -   AI2(强): ε 0.013→0.013, lr 0.094→0.094
2026-06-07 15:08:34,604 - INFO -   AI1(弱): ε 0.039→0.050, lr 0.230→0.230
2026-06-07 15:08:41,798 - INFO - 
⚖️ 调整 #57: 差距=10.0% 平局=0.0%
2026-06-07 15:08:41,798 - INFO - 
⚖️ 平衡调整 #57: 微调 差距=10.0% 平局率=0.0% 减少探索
2026-06-07 15:08:41,798 - INFO -   AI2(强): ε 0.010→0.011, lr 0.094→0.094
2026-06-07 15:08:41,798 - INFO -   AI1(弱): ε 0.040→0.050, lr 0.230→0.230
2026-06-07 15:08:49,103 - INFO - 
⚖️ 调整 #58: 差距=0.0% 平局=0.0%
2026-06-07 15:08:49,103 - INFO - 
⚖️ 平衡调整 #58: 微调 差距=0.0% 平局率=0.0% 减少探索
2026-06-07 15:08:49,103 - INFO -   AI2(强): ε 0.010→0.011, lr 0.094→0.094
2026-06-07 15:08:49,103 - INFO -   AI1(弱): ε 0.039→0.050, lr 0.230→0.230
2026-06-07 15:08:56,366 - INFO - 
⚖️ 调整 #59: 差距=0.0% 平局=0.0%
2026-06-07 15:08:56,366 - INFO - 
⚖️ 平衡调整 #59: 微调 差距=0.0% 平局率=0.0% 减少探索
2026-06-07 15:08:56,366 - INFO -   AI2(强): ε 0.010→0.011, lr 0.094→0.094
2026-06-07 15:08:56,366 - INFO -   AI1(弱): ε 0.039→0.050, lr 0.230→0.230
2026-06-07 15:09:03,927 - INFO - 
⚖️ 调整 #60: 差距=0.0% 平局=0.0%
2026-06-07 15:09:03,927 - INFO - 
⚖️ 平衡调整 #60: 微调 差距=0.0% 平局率=0.0% 减少探索
2026-06-07 15:09:03,927 - INFO -   AI2(强): ε 0.010→0.011, lr 0.094→0.094
2026-06-07 15:09:03,927 - INFO -   AI1(弱): ε 0.039→0.050, lr 0.230→0.230
2026-06-07 15:09:03,927 - INFO - 
==================================================
2026-06-07 15:09:03,927 - INFO - 第 6000/10000 局 (60.0%)
2026-06-07 15:09:03,928 - INFO - 速度: 18.2局/秒, 已用: 5.5分钟
2026-06-07 15:09:03,928 - INFO - 总战绩: AI1 2914胜, AI2 3086胜, 平局 0
2026-06-07 15:09:03,928 - INFO - 近期100局: AI1 50.0%, AI2 50.0%, 平局 0.0%
2026-06-07 15:09:03,928 - INFO - 胜率差距: 0.0%
2026-06-07 15:09:03,928 - INFO - 防守统计: 总284497次, 平均47.42次/局
2026-06-07 15:09:03,928 - INFO - 参数: AI1 ε=0.050, lr=0.230
2026-06-07 15:09:03,928 - INFO -        AI2 ε=0.011, lr=0.094
2026-06-07 15:09:03,928 - INFO - ==================================================
2026-06-07 15:09:11,980 - INFO - 
⚖️ 调整 #61: 差距=8.0% 平局=0.0%
2026-06-07 15:09:11,981 - INFO - 
⚖️ 平衡调整 #61: 微调 差距=8.0% 平局率=0.0% 减少探索
2026-06-07 15:09:11,981 - INFO -   AI1(强): ε 0.038→0.040, lr 0.230→0.230
2026-06-07 15:09:11,981 - INFO -   AI2(弱): ε 0.010→0.050, lr 0.094→0.094
2026-06-07 15:09:20,043 - INFO - 
⚖️ 调整 #62: 差距=8.0% 平局=0.0%
2026-06-07 15:09:20,043 - INFO - 
⚖️ 平衡调整 #62: 微调 差距=8.0% 平局率=0.0% 减少探索
2026-06-07 15:09:20,043 - INFO -   AI1(强): ε 0.031→0.032, lr 0.230→0.230
2026-06-07 15:09:20,043 - INFO -   AI2(弱): ε 0.040→0.050, lr 0.094→0.094
2026-06-07 15:09:28,084 - INFO - 
⚖️ 调整 #63: 差距=2.0% 平局=0.0%
2026-06-07 15:09:28,084 - INFO - 
⚖️ 平衡调整 #63: 微调 差距=2.0% 平局率=0.0% 减少探索
2026-06-07 15:09:28,084 - INFO -   AI1(强): ε 0.025→0.026, lr 0.230→0.230
2026-06-07 15:09:28,084 - INFO -   AI2(弱): ε 0.039→0.050, lr 0.094→0.094
2026-06-07 15:09:36,030 - INFO - 
⚖️ 调整 #64: 差距=6.0% 平局=0.0%
2026-06-07 15:09:36,031 - INFO - 
⚖️ 平衡调整 #64: 微调 差距=6.0% 平局率=0.0% 减少探索
2026-06-07 15:09:36,031 - INFO -   AI1(强): ε 0.020→0.021, lr 0.230→0.230
2026-06-07 15:09:36,031 - INFO -   AI2(弱): ε 0.040→0.050, lr 0.094→0.094
2026-06-07 15:09:44,120 - INFO - 
⚖️ 调整 #65: 差距=4.0% 平局=0.0%
2026-06-07 15:09:44,121 - INFO - 
⚖️ 平衡调整 #65: 微调 差距=4.0% 平局率=0.0% 减少探索
2026-06-07 15:09:44,121 - INFO -   AI1(强): ε 0.016→0.017, lr 0.230→0.230
2026-06-07 15:09:44,121 - INFO -   AI2(弱): ε 0.039→0.050, lr 0.094→0.094
2026-06-07 15:09:44,121 - INFO - 
==================================================
2026-06-07 15:09:44,121 - INFO - 第 6500/10000 局 (65.0%)
2026-06-07 15:09:44,121 - INFO - 速度: 17.5局/秒, 已用: 6.2分钟
2026-06-07 15:09:44,121 - INFO - 总战绩: AI1 3178胜, AI2 3322胜, 平局 0
2026-06-07 15:09:44,121 - INFO - 近期100局: AI1 52.0%, AI2 48.0%, 平局 0.0%
2026-06-07 15:09:44,121 - INFO - 胜率差距: 4.0%
2026-06-07 15:09:44,121 - INFO - 防守统计: 总307893次, 平均47.37次/局
2026-06-07 15:09:44,121 - INFO - 参数: AI1 ε=0.017, lr=0.230
2026-06-07 15:09:44,121 - INFO -        AI2 ε=0.050, lr=0.094
2026-06-07 15:09:44,121 - INFO - ==================================================
2026-06-07 15:09:52,306 - INFO - 
⚖️ 调整 #66: 差距=12.0% 平局=0.0%
2026-06-07 15:09:52,307 - INFO - 
⚖️ 平衡调整 #66: 微调 差距=12.0% 平局率=0.0% 减少探索
2026-06-07 15:09:52,307 - INFO -   AI1(强): ε 0.013→0.014, lr 0.230→0.230
2026-06-07 15:09:52,307 - INFO -   AI2(弱): ε 0.040→0.050, lr 0.094→0.094
2026-06-07 15:10:00,298 - INFO - 
⚖️ 调整 #67: 差距=12.0% 平局=0.0%
2026-06-07 15:10:00,299 - INFO - 
⚖️ 平衡调整 #67: 微调 差距=12.0% 平局率=0.0% 减少探索
2026-06-07 15:10:00,299 - INFO -   AI2(强): ε 0.038→0.040, lr 0.098→0.098
2026-06-07 15:10:00,299 - INFO -   AI1(弱): ε 0.011→0.050, lr 0.219→0.219
2026-06-07 15:10:07,755 - INFO - 
⚖️ 调整 #68: 差距=0.0% 平局=0.0%
2026-06-07 15:10:07,756 - INFO - 
⚖️ 平衡调整 #68: 微调 差距=0.0% 平局率=0.0% 减少探索
2026-06-07 15:10:07,756 - INFO -   AI2(强): ε 0.031→0.032, lr 0.093→0.093
2026-06-07 15:10:07,756 - INFO -   AI1(弱): ε 0.039→0.050, lr 0.230→0.230
2026-06-07 15:10:15,969 - INFO - 
⚖️ 调整 #69: 差距=2.0% 平局=0.0%
2026-06-07 15:10:15,970 - INFO - 
⚖️ 平衡调整 #69: 微调 差距=2.0% 平局率=0.0% 减少探索
2026-06-07 15:10:15,970 - INFO -   AI1(强): ε 0.039→0.041, lr 0.230→0.230
2026-06-07 15:10:15,970 - INFO -   AI2(弱): ε 0.025→0.050, lr 0.093→0.093
2026-06-07 15:10:23,737 - INFO - 
⚖️ 调整 #70: 差距=18.0% 平局=0.0%
2026-06-07 15:10:23,737 - INFO - 
⚖️ 平衡调整 #70: 微调 差距=18.0% 平局率=0.0% 减少探索
2026-06-07 15:10:23,737 - INFO -   AI1(强): ε 0.030→0.032, lr 0.230→0.230
2026-06-07 15:10:23,737 - INFO -   AI2(弱): ε 0.041→0.050, lr 0.093→0.093
2026-06-07 15:10:23,737 - INFO - 
==================================================
2026-06-07 15:10:23,737 - INFO - 第 7000/10000 局 (70.0%)
2026-06-07 15:10:23,737 - INFO - 速度: 17.1局/秒, 已用: 6.8分钟
2026-06-07 15:10:23,737 - INFO - 总战绩: AI1 3438胜, AI2 3562胜, 平局 0
2026-06-07 15:10:23,738 - INFO - 近期100局: AI1 59.0%, AI2 41.0%, 平局 0.0%
2026-06-07 15:10:23,738 - INFO - 胜率差距: 18.0%
2026-06-07 15:10:23,738 - INFO - 防守统计: 总330639次, 平均47.23次/局
2026-06-07 15:10:23,738 - INFO - 参数: AI1 ε=0.032, lr=0.218
2026-06-07 15:10:23,738 - INFO -        AI2 ε=0.050, lr=0.098
2026-06-07 15:10:23,738 - INFO - ==================================================
2026-06-07 15:10:31,858 - INFO - 
⚖️ 调整 #71: 差距=2.0% 平局=0.0%
2026-06-07 15:10:31,859 - INFO - 
⚖️ 平衡调整 #71: 微调 差距=2.0% 平局率=0.0% 减少探索
2026-06-07 15:10:31,859 - INFO -   AI2(强): ε 0.039→0.041, lr 0.098→0.098
2026-06-07 15:10:31,859 - INFO -   AI1(弱): ε 0.025→0.050, lr 0.218→0.218
2026-06-07 15:10:39,949 - INFO - 
⚖️ 调整 #72: 差距=6.0% 平局=0.0%
2026-06-07 15:10:39,950 - INFO - 
⚖️ 平衡调整 #72: 微调 差距=6.0% 平局率=0.0% 减少探索
2026-06-07 15:10:39,950 - INFO -   AI1(强): ε 0.038→0.040, lr 0.218→0.218
2026-06-07 15:10:39,950 - INFO -   AI2(弱): ε 0.032→0.050, lr 0.098→0.098
2026-06-07 15:10:47,877 - INFO - 
⚖️ 调整 #73: 差距=4.0% 平局=0.0%
2026-06-07 15:10:47,877 - INFO - 
⚖️ 平衡调整 #73: 微调 差距=4.0% 平局率=0.0% 减少探索
2026-06-07 15:10:47,877 - INFO -   AI2(强): ε 0.039→0.040, lr 0.098→0.098
2026-06-07 15:10:47,877 - INFO -   AI1(弱): ε 0.032→0.050, lr 0.218→0.218
2026-06-07 15:10:56,012 - INFO - 
⚖️ 调整 #74: 差距=8.0% 平局=0.0%
2026-06-07 15:10:56,012 - INFO - 
⚖️ 平衡调整 #74: 微调 差距=8.0% 平局率=0.0% 减少探索
2026-06-07 15:10:56,012 - INFO -   AI2(强): ε 0.031→0.032, lr 0.098→0.098
2026-06-07 15:10:56,012 - INFO -   AI1(弱): ε 0.040→0.050, lr 0.218→0.218
2026-06-07 15:11:03,937 - INFO - 
⚖️ 调整 #75: 差距=14.0% 平局=0.0%
2026-06-07 15:11:03,938 - INFO - 
⚖️ 平衡调整 #75: 微调 差距=14.0% 平局率=0.0% 减少探索
2026-06-07 15:11:03,938 - INFO -   AI2(强): ε 0.024→0.026, lr 0.098→0.098
2026-06-07 15:11:03,938 - INFO -   AI1(弱): ε 0.040→0.050, lr 0.218→0.218
2026-06-07 15:11:03,938 - INFO - 
==================================================
2026-06-07 15:11:03,938 - INFO - 第 7500/10000 局 (75.0%)
2026-06-07 15:11:03,938 - INFO - 速度: 16.6局/秒, 已用: 7.5分钟
2026-06-07 15:11:03,938 - INFO - 总战绩: AI1 3677胜, AI2 3823胜, 平局 0
2026-06-07 15:11:03,938 - INFO - 近期100局: AI1 43.0%, AI2 57.0%, 平局 0.0%
2026-06-07 15:11:03,938 - INFO - 胜率差距: 14.0%
2026-06-07 15:11:03,938 - INFO - 防守统计: 总353730次, 平均47.16次/局
2026-06-07 15:11:03,938 - INFO - 参数: AI1 ε=0.050, lr=0.229
2026-06-07 15:11:03,938 - INFO -        AI2 ε=0.026, lr=0.093
2026-06-07 15:11:03,938 - INFO - ==================================================
2026-06-07 15:11:12,058 - INFO - 
⚖️ 调整 #76: 差距=20.0% 平局=0.0%
2026-06-07 15:11:12,058 - INFO - 
⚖️ 平衡调整 #76: 微调 差距=20.0% 平局率=0.0% 减少探索
2026-06-07 15:11:12,058 - INFO -   AI2(强): ε 0.019→0.020, lr 0.093→0.093
2026-06-07 15:11:12,058 - INFO -   AI1(弱): ε 0.041→0.050, lr 0.229→0.229
2026-06-07 15:11:19,029 - INFO - 
⚖️ 调整 #77: 差距=2.0% 平局=0.0%
2026-06-07 15:11:19,029 - INFO - 
⚖️ 平衡调整 #77: 微调 差距=2.0% 平局率=0.0% 减少探索
2026-06-07 15:11:19,029 - INFO -   AI1(强): ε 0.039→0.041, lr 0.241→0.241
2026-06-07 15:11:19,029 - INFO -   AI2(弱): ε 0.016→0.050, lr 0.088→0.088
2026-06-07 15:11:26,817 - INFO - 
⚖️ 调整 #78: 差距=20.0% 平局=0.0%
2026-06-07 15:11:26,817 - INFO - 
⚖️ 平衡调整 #78: 微调 差距=20.0% 平局率=0.0% 减少探索
2026-06-07 15:11:26,817 - INFO -   AI2(强): ε 0.037→0.039, lr 0.088→0.088
2026-06-07 15:11:26,817 - INFO -   AI1(弱): ε 0.033→0.050, lr 0.241→0.241
2026-06-07 15:11:35,212 - INFO - 
⚖️ 调整 #79: 差距=2.0% 平局=0.0%
2026-06-07 15:11:35,212 - INFO - 
⚖️ 平衡调整 #79: 微调 差距=2.0% 平局率=0.0% 减少探索
2026-06-07 15:11:35,212 - INFO -   AI1(强): ε 0.039→0.041, lr 0.253→0.253
2026-06-07 15:11:35,212 - INFO -   AI2(弱): ε 0.030→0.050, lr 0.084→0.084
2026-06-07 15:11:42,848 - INFO - 
⚖️ 调整 #80: 差距=4.0% 平局=0.0%
2026-06-07 15:11:42,848 - INFO - 
⚖️ 平衡调整 #80: 微调 差距=4.0% 平局率=0.0% 减少探索
2026-06-07 15:11:42,848 - INFO -   AI1(强): ε 0.031→0.033, lr 0.253→0.253
2026-06-07 15:11:42,848 - INFO -   AI2(弱): ε 0.039→0.050, lr 0.084→0.084
2026-06-07 15:11:42,849 - INFO - 
==================================================
2026-06-07 15:11:42,849 - INFO - 第 8000/10000 局 (80.0%)
2026-06-07 15:11:42,849 - INFO - 速度: 16.3局/秒, 已用: 8.2分钟
2026-06-07 15:11:42,849 - INFO - 总战绩: AI1 3911胜, AI2 4089胜, 平局 0
2026-06-07 15:11:42,849 - INFO - 近期100局: AI1 52.0%, AI2 48.0%, 平局 0.0%
2026-06-07 15:11:42,849 - INFO - 胜率差距: 4.0%
2026-06-07 15:11:42,849 - INFO - 防守统计: 总376715次, 平均47.09次/局
2026-06-07 15:11:42,849 - INFO - 参数: AI1 ε=0.033, lr=0.253
2026-06-07 15:11:42,849 - INFO -        AI2 ε=0.050, lr=0.084
2026-06-07 15:11:42,849 - INFO - ==================================================
2026-06-07 15:11:51,009 - INFO - 
⚖️ 调整 #81: 差距=8.0% 平局=0.0%
2026-06-07 15:11:51,009 - INFO - 
⚖️ 平衡调整 #81: 微调 差距=8.0% 平局率=0.0% 减少探索
2026-06-07 15:11:51,009 - INFO -   AI1(强): ε 0.025→0.026, lr 0.253→0.253
2026-06-07 15:11:51,009 - INFO -   AI2(弱): ε 0.040→0.050, lr 0.084→0.084
2026-06-07 15:11:58,663 - INFO - 
⚖️ 调整 #82: 差距=10.0% 平局=0.0%
2026-06-07 15:11:58,663 - INFO - 
⚖️ 平衡调整 #82: 微调 差距=10.0% 平局率=0.0% 减少探索
2026-06-07 15:11:58,664 - INFO -   AI1(强): ε 0.020→0.021, lr 0.253→0.253
2026-06-07 15:11:58,664 - INFO -   AI2(弱): ε 0.040→0.050, lr 0.084→0.084
2026-06-07 15:12:06,428 - INFO - 
⚖️ 调整 #83: 差距=6.0% 平局=0.0%
2026-06-07 15:12:06,429 - INFO - 
⚖️ 平衡调整 #83: 微调 差距=6.0% 平局率=0.0% 减少探索
2026-06-07 15:12:06,429 - INFO -   AI1(强): ε 0.016→0.017, lr 0.253→0.253
2026-06-07 15:12:06,429 - INFO -   AI2(弱): ε 0.039→0.050, lr 0.084→0.084
2026-06-07 15:12:14,413 - INFO - 
⚖️ 调整 #84: 差距=14.0% 平局=0.0%
2026-06-07 15:12:14,414 - INFO - 
⚖️ 平衡调整 #84: 微调 差距=14.0% 平局率=0.0% 减少探索
2026-06-07 15:12:14,414 - INFO -   AI1(强): ε 0.013→0.013, lr 0.253→0.253
2026-06-07 15:12:14,414 - INFO -   AI2(弱): ε 0.040→0.050, lr 0.084→0.084
2026-06-07 15:12:22,041 - INFO - 
⚖️ 调整 #85: 差距=14.0% 平局=0.0%
2026-06-07 15:12:22,041 - INFO - 
⚖️ 平衡调整 #85: 微调 差距=14.0% 平局率=0.0% 减少探索
2026-06-07 15:12:22,041 - INFO -   AI2(强): ε 0.038→0.039, lr 0.088→0.088
2026-06-07 15:12:22,041 - INFO -   AI1(弱): ε 0.011→0.050, lr 0.240→0.240
2026-06-07 15:12:22,041 - INFO - 
==================================================
2026-06-07 15:12:22,041 - INFO - 第 8500/10000 局 (85.0%)
2026-06-07 15:12:22,041 - INFO - 速度: 16.1局/秒, 已用: 8.8分钟
2026-06-07 15:12:22,041 - INFO - 总战绩: AI1 4173胜, AI2 4327胜, 平局 0
2026-06-07 15:12:22,041 - INFO - 近期100局: AI1 43.0%, AI2 57.0%, 平局 0.0%
2026-06-07 15:12:22,041 - INFO - 胜率差距: 14.0%
2026-06-07 15:12:22,041 - INFO - 防守统计: 总399970次, 平均47.06次/局
2026-06-07 15:12:22,041 - INFO - 参数: AI1 ε=0.050, lr=0.252
2026-06-07 15:12:22,041 - INFO -        AI2 ε=0.039, lr=0.084
2026-06-07 15:12:22,041 - INFO - ==================================================
2026-06-07 15:12:29,820 - INFO - 
⚖️ 调整 #86: 差距=6.0% 平局=0.0%
2026-06-07 15:12:29,821 - INFO - 
⚖️ 平衡调整 #86: 微调 差距=6.0% 平局率=0.0% 减少探索
2026-06-07 15:12:29,821 - INFO -   AI2(强): ε 0.030→0.032, lr 0.084→0.084
2026-06-07 15:12:29,821 - INFO -   AI1(弱): ε 0.039→0.050, lr 0.252→0.252
2026-06-07 15:12:37,867 - INFO - 
⚖️ 调整 #87: 差距=2.0% 平局=0.0%
2026-06-07 15:12:37,868 - INFO - 
⚖️ 平衡调整 #87: 微调 差距=2.0% 平局率=0.0% 减少探索
2026-06-07 15:12:37,868 - INFO -   AI2(强): ε 0.025→0.026, lr 0.084→0.084
2026-06-07 15:12:37,868 - INFO -   AI1(弱): ε 0.039→0.050, lr 0.252→0.252
2026-06-07 15:12:45,821 - INFO - 
⚖️ 调整 #88: 差距=6.0% 平局=0.0%
2026-06-07 15:12:45,821 - INFO - 
⚖️ 平衡调整 #88: 微调 差距=6.0% 平局率=0.0% 减少探索
2026-06-07 15:12:45,821 - INFO -   AI1(强): ε 0.038→0.040, lr 0.252→0.252
2026-06-07 15:12:45,821 - INFO -   AI2(弱): ε 0.020→0.050, lr 0.084→0.084
2026-06-07 15:12:53,452 - INFO - 
⚖️ 调整 #89: 差距=4.0% 平局=0.0%
2026-06-07 15:12:53,453 - INFO - 
⚖️ 平衡调整 #89: 微调 差距=4.0% 平局率=0.0% 减少探索
2026-06-07 15:12:53,453 - INFO -   AI1(强): ε 0.031→0.033, lr 0.252→0.252
2026-06-07 15:12:53,453 - INFO -   AI2(弱): ε 0.039→0.050, lr 0.084→0.084
2026-06-07 15:13:00,007 - INFO - 
⚖️ 调整 #90: 差距=2.0% 平局=0.0%
2026-06-07 15:13:00,008 - INFO - 
⚖️ 平衡调整 #90: 微调 差距=2.0% 平局率=0.0% 减少探索
2026-06-07 15:13:00,008 - INFO -   AI1(强): ε 0.025→0.026, lr 0.252→0.252
2026-06-07 15:13:00,008 - INFO -   AI2(弱): ε 0.039→0.050, lr 0.084→0.084
2026-06-07 15:13:00,008 - INFO - 
==================================================
2026-06-07 15:13:00,008 - INFO - 第 9000/10000 局 (90.0%)
2026-06-07 15:13:00,008 - INFO - 速度: 15.9局/秒, 已用: 9.4分钟
2026-06-07 15:13:00,008 - INFO - 总战绩: AI1 4425胜, AI2 4575胜, 平局 0
2026-06-07 15:13:00,008 - INFO - 近期100局: AI1 51.0%, AI2 49.0%, 平局 0.0%
2026-06-07 15:13:00,008 - INFO - 胜率差距: 2.0%
2026-06-07 15:13:00,008 - INFO - 防守统计: 总422986次, 平均47.00次/局
2026-06-07 15:13:00,008 - INFO - 参数: AI1 ε=0.026, lr=0.252
2026-06-07 15:13:00,008 - INFO -        AI2 ε=0.050, lr=0.084
2026-06-07 15:13:00,008 - INFO - ==================================================
2026-06-07 15:13:07,036 - INFO - 
⚖️ 调整 #91: 差距=22.0% 平局=0.0%
2026-06-07 15:13:07,037 - INFO - 
⚖️ 平衡调整 #91: 微调 差距=22.0% 平局率=0.0% 减少探索
2026-06-07 15:13:07,037 - INFO -   AI2(强): ε 0.037→0.039, lr 0.084→0.084
2026-06-07 15:13:07,037 - INFO -   AI1(弱): ε 0.022→0.050, lr 0.252→0.252
2026-06-07 15:13:14,014 - INFO - 
⚖️ 调整 #92: 差距=14.0% 平局=0.0%
2026-06-07 15:13:14,015 - INFO - 
⚖️ 平衡调整 #92: 微调 差距=14.0% 平局率=0.0% 减少探索
2026-06-07 15:13:14,015 - INFO -   AI1(强): ε 0.038→0.039, lr 0.265→0.265
2026-06-07 15:13:14,015 - INFO -   AI2(弱): ε 0.031→0.050, lr 0.080→0.080
2026-06-07 15:13:21,923 - INFO - 
⚖️ 调整 #93: 差距=2.0% 平局=0.0%
2026-06-07 15:13:21,923 - INFO - 
⚖️ 平衡调整 #93: 微调 差距=2.0% 平局率=0.0% 减少探索
2026-06-07 15:13:21,923 - INFO -   AI2(强): ε 0.039→0.041, lr 0.084→0.084
2026-06-07 15:13:21,923 - INFO -   AI1(弱): ε 0.031→0.050, lr 0.251→0.251
2026-06-07 15:13:30,089 - INFO - 
⚖️ 调整 #94: 差距=2.0% 平局=0.0%
2026-06-07 15:13:30,090 - INFO - 
⚖️ 平衡调整 #94: 微调 差距=2.0% 平局率=0.0% 减少探索
2026-06-07 15:13:30,090 - INFO -   AI1(强): ε 0.039→0.041, lr 0.251→0.251
2026-06-07 15:13:30,090 - INFO -   AI2(弱): ε 0.032→0.050, lr 0.084→0.084
2026-06-07 15:13:38,381 - INFO - 
⚖️ 调整 #95: 差距=18.0% 平局=0.0%
2026-06-07 15:13:38,382 - INFO - 
⚖️ 平衡调整 #95: 微调 差距=18.0% 平局率=0.0% 减少探索
2026-06-07 15:13:38,382 - INFO -   AI1(强): ε 0.030→0.032, lr 0.251→0.251
2026-06-07 15:13:38,382 - INFO -   AI2(弱): ε 0.041→0.050, lr 0.084→0.084
2026-06-07 15:13:38,382 - INFO - 
==================================================
2026-06-07 15:13:38,382 - INFO - 第 9500/10000 局 (95.0%)
2026-06-07 15:13:38,382 - INFO - 速度: 15.7局/秒, 已用: 10.1分钟
2026-06-07 15:13:38,383 - INFO - 总战绩: AI1 4680胜, AI2 4820胜, 平局 0
2026-06-07 15:13:38,383 - INFO - 近期100局: AI1 59.0%, AI2 41.0%, 平局 0.0%
2026-06-07 15:13:38,383 - INFO - 胜率差距: 18.0%
2026-06-07 15:13:38,383 - INFO - 防守统计: 总445953次, 平均46.94次/局
2026-06-07 15:13:38,383 - INFO - 参数: AI1 ε=0.032, lr=0.239
2026-06-07 15:13:38,383 - INFO -        AI2 ε=0.050, lr=0.088
2026-06-07 15:13:38,383 - INFO - ==================================================
2026-06-07 15:13:46,575 - INFO - 
⚖️ 调整 #96: 差距=14.0% 平局=0.0%
2026-06-07 15:13:46,575 - INFO - 
⚖️ 平衡调整 #96: 微调 差距=14.0% 平局率=0.0% 减少探索
2026-06-07 15:13:46,575 - INFO -   AI2(强): ε 0.038→0.039, lr 0.088→0.088
2026-06-07 15:13:46,575 - INFO -   AI1(弱): ε 0.026→0.050, lr 0.239→0.239
2026-06-07 15:13:54,558 - INFO - 
⚖️ 调整 #97: 差距=2.0% 平局=0.0%
2026-06-07 15:13:54,558 - INFO - 
⚖️ 平衡调整 #97: 微调 差距=2.0% 平局率=0.0% 减少探索
2026-06-07 15:13:54,558 - INFO -   AI2(强): ε 0.031→0.032, lr 0.083→0.083
2026-06-07 15:13:54,558 - INFO -   AI1(弱): ε 0.039→0.050, lr 0.251→0.251
2026-06-07 15:14:00,435 - INFO - 
⚖️ 调整 #98: 差距=2.0% 平局=0.0%
2026-06-07 15:14:00,435 - INFO - 
⚖️ 平衡调整 #98: 微调 差距=2.0% 平局率=0.0% 减少探索
2026-06-07 15:14:00,435 - INFO -   AI1(强): ε 0.039→0.041, lr 0.251→0.251
2026-06-07 15:14:00,435 - INFO -   AI2(弱): ε 0.025→0.050, lr 0.083→0.083
2026-06-07 15:14:07,140 - INFO - 
⚖️ 调整 #99: 差距=6.0% 平局=0.0%
2026-06-07 15:14:07,141 - INFO - 
⚖️ 平衡调整 #99: 微调 差距=6.0% 平局率=0.0% 减少探索
2026-06-07 15:14:07,141 - INFO -   AI1(强): ε 0.031→0.033, lr 0.251→0.251
2026-06-07 15:14:07,141 - INFO -   AI2(弱): ε 0.040→0.050, lr 0.083→0.083
2026-06-07 15:14:13,809 - INFO - 
⚖️ 调整 #100: 差距=6.0% 平局=0.0%
2026-06-07 15:14:13,809 - INFO - 
⚖️ 平衡调整 #100: 微调 差距=6.0% 平局率=0.0% 减少探索
2026-06-07 15:14:13,809 - INFO -   AI1(强): ε 0.025→0.026, lr 0.251→0.251
2026-06-07 15:14:13,809 - INFO -   AI2(弱): ε 0.040→0.050, lr 0.083→0.083
2026-06-07 15:14:13,810 - INFO - 
==================================================
2026-06-07 15:14:13,810 - INFO - 第 10000/10000 局 (100.0%)
2026-06-07 15:14:13,810 - INFO - 速度: 15.6局/秒, 已用: 10.7分钟
2026-06-07 15:14:13,810 - INFO - 总战绩: AI1 4929胜, AI2 5071胜, 平局 0
2026-06-07 15:14:13,810 - INFO - 近期100局: AI1 53.0%, AI2 47.0%, 平局 0.0%
2026-06-07 15:14:13,810 - INFO - 胜率差距: 6.0%
2026-06-07 15:14:13,810 - INFO - 防守统计: 总468372次, 平均46.84次/局
2026-06-07 15:14:13,810 - INFO - 参数: AI1 ε=0.026, lr=0.251
2026-06-07 15:14:13,810 - INFO -        AI2 ε=0.050, lr=0.083
2026-06-07 15:14:13,810 - INFO - ==================================================
2026-06-07 15:14:15,165 - INFO - 模型已保存: AI1_final_10000_20260607_151414.pkl (2.54 MB, Q表:152825)
2026-06-07 15:14:16,560 - INFO - 模型已保存: AI2_final_10000_20260607_151414.pkl (2.54 MB, Q表:153116)
2026-06-07 15:14:18,576 - INFO -   统计图已保存: stats_ep10000.png
